Component: ARM Compiler 5.06 update 3 (build 300) Tool: armlink [4d35c9]

==============================================================================

Section Cross References

    main.o(i.SetSysTickPeriod) refers to system_armcm4.o(.data) for SystemCoreClock
    main.o(i.SysTick_Handler) refers to main.o(i.TaskSystemTickHandler) for TaskSystemTickHandler
    main.o(i.TaskDelay) refers to switch.o(i.TaskEnterCritical) for TaskEnterCritical
    main.o(i.TaskDelay) refers to bitmap.o(i.BitmapClear) for BitmapClear
    main.o(i.TaskDelay) refers to switch.o(i.TaskExitCritical) for TaskExitCritical
    main.o(i.TaskDelay) refers to main.o(i.TaskSched) for TaskSched
    main.o(i.TaskDelay) refers to main.o(.data) for currentTask
    main.o(i.TaskHighestReady) refers to bitmap.o(i.GetBitmapFirstSet) for GetBitmapFirstSet
    main.o(i.TaskHighestReady) refers to main.o(.data) for taskPriorityBitamp
    main.o(i.TaskHighestReady) refers to main.o(.bss) for taskTable
    main.o(i.TaskInit) refers to bitmap.o(i.BitmapSet) for BitmapSet
    main.o(i.TaskInit) refers to main.o(.bss) for taskTable
    main.o(i.TaskInit) refers to main.o(.data) for taskPriorityBitamp
    main.o(i.TaskSched) refers to switch.o(i.TaskEnterCritical) for TaskEnterCritical
    main.o(i.TaskSched) refers to switch.o(i.TaskExitCritical) for TaskExitCritical
    main.o(i.TaskSched) refers to main.o(i.TaskHighestReady) for TaskHighestReady
    main.o(i.TaskSched) refers to switch.o(i.TaskSwitch) for TaskSwitch
    main.o(i.TaskSched) refers to main.o(.data) for schedLockCount
    main.o(i.TaskSchedDisable) refers to switch.o(i.TaskEnterCritical) for TaskEnterCritical
    main.o(i.TaskSchedDisable) refers to switch.o(i.TaskExitCritical) for TaskExitCritical
    main.o(i.TaskSchedDisable) refers to main.o(.data) for schedLockCount
    main.o(i.TaskSchedEnable) refers to switch.o(i.TaskEnterCritical) for TaskEnterCritical
    main.o(i.TaskSchedEnable) refers to main.o(i.TaskSched) for TaskSched
    main.o(i.TaskSchedEnable) refers to switch.o(i.TaskExitCritical) for TaskExitCritical
    main.o(i.TaskSchedEnable) refers to main.o(.data) for schedLockCount
    main.o(i.TaskSchedInit) refers to bitmap.o(i.BitmapInit) for BitmapInit
    main.o(i.TaskSchedInit) refers to main.o(.data) for schedLockCount
    main.o(i.TaskSystemTickHandler) refers to switch.o(i.TaskEnterCritical) for TaskEnterCritical
    main.o(i.TaskSystemTickHandler) refers to bitmap.o(i.BitmapSet) for BitmapSet
    main.o(i.TaskSystemTickHandler) refers to switch.o(i.TaskExitCritical) for TaskExitCritical
    main.o(i.TaskSystemTickHandler) refers to main.o(i.TaskSched) for TaskSched
    main.o(i.TaskSystemTickHandler) refers to main.o(.bss) for taskTable
    main.o(i.TaskSystemTickHandler) refers to main.o(.data) for taskPriorityBitamp
    main.o(i.main) refers to main.o(i.TaskSchedInit) for TaskSchedInit
    main.o(i.main) refers to main.o(i.TaskInit) for TaskInit
    main.o(i.main) refers to main.o(i.TaskHighestReady) for TaskHighestReady
    main.o(i.main) refers to switch.o(i.TaskRunFirst) for TaskRunFirst
    main.o(i.main) refers to main.o(.bss) for Task1Env
    main.o(i.main) refers to main.o(i.task1Entry) for task1Entry
    main.o(i.main) refers to main.o(i.task2Entry) for task2Entry
    main.o(i.main) refers to main.o(i.idleTaskEntry) for idleTaskEntry
    main.o(i.main) refers to main.o(.data) for idleTaskPtr
    main.o(i.task1Entry) refers to main.o(i.SetSysTickPeriod) for SetSysTickPeriod
    main.o(i.task1Entry) refers to list.o(i.ListInit) for ListInit
    main.o(i.task1Entry) refers to list.o(i.NodeInit) for NodeInit
    main.o(i.task1Entry) refers to list.o(i.ListAddHead) for ListAddHead
    main.o(i.task1Entry) refers to list.o(i.ListRemoveFirst) for ListRemoveFirst
    main.o(i.task1Entry) refers to main.o(i.TaskDelay) for TaskDelay
    main.o(i.task1Entry) refers to main.o(.bss) for list
    main.o(i.task1Entry) refers to main.o(.data) for task1Flag
    main.o(i.task2Entry) refers to main.o(i.TaskDelay) for TaskDelay
    main.o(i.task2Entry) refers to main.o(.data) for task2Flag
    switch.o(.emb_text) refers to main.o(.data) for currentTask
    bitmap.o(i.GetBitmapFirstSet) refers to bitmap.o(i.GetBitmapPosCount) for GetBitmapPosCount
    bitmap.o(i.GetBitmapFirstSet) refers to bitmap.o(.constdata) for quickFindTable
    startup_armcm4.o(STACK) refers (Special) to heapauxi.o(.text) for __use_two_region_memory
    startup_armcm4.o(HEAP) refers (Special) to heapauxi.o(.text) for __use_two_region_memory
    startup_armcm4.o(RESET) refers (Special) to heapauxi.o(.text) for __use_two_region_memory
    startup_armcm4.o(RESET) refers to startup_armcm4.o(STACK) for __initial_sp
    startup_armcm4.o(RESET) refers to startup_armcm4.o(.text) for Reset_Handler
    startup_armcm4.o(RESET) refers to switch.o(.emb_text) for PendSV_Handler
    startup_armcm4.o(RESET) refers to main.o(i.SysTick_Handler) for SysTick_Handler
    startup_armcm4.o(.text) refers (Special) to heapauxi.o(.text) for __use_two_region_memory
    startup_armcm4.o(.text) refers to system_armcm4.o(i.SystemInit) for SystemInit
    startup_armcm4.o(.text) refers to __main.o(!!!main) for __main
    startup_armcm4.o(.text) refers to startup_armcm4.o(HEAP) for Heap_Mem
    startup_armcm4.o(.text) refers to startup_armcm4.o(STACK) for Stack_Mem
    system_armcm4.o(i.SystemCoreClockUpdate) refers to system_armcm4.o(.data) for SystemCoreClock
    system_armcm4.o(i.SystemInit) refers to system_armcm4.o(.data) for SystemCoreClock
    __main.o(!!!main) refers to __rtentry.o(.ARM.Collect$$rtentry$$00000000) for __rt_entry
    __rtentry.o(.ARM.Collect$$rtentry$$00000000) refers (Special) to __rtentry2.o(.ARM.Collect$$rtentry$$0000000A) for __rt_entry_li
    __rtentry.o(.ARM.Collect$$rtentry$$00000000) refers (Special) to __rtentry2.o(.ARM.Collect$$rtentry$$0000000D) for __rt_entry_main
    __rtentry.o(.ARM.Collect$$rtentry$$00000000) refers (Special) to __rtentry2.o(.ARM.Collect$$rtentry$$0000000C) for __rt_entry_postli_1
    __rtentry.o(.ARM.Collect$$rtentry$$00000000) refers (Special) to __rtentry2.o(.ARM.Collect$$rtentry$$00000009) for __rt_entry_postsh_1
    __rtentry.o(.ARM.Collect$$rtentry$$00000000) refers (Special) to __rtentry2.o(.ARM.Collect$$rtentry$$00000002) for __rt_entry_presh_1
    __rtentry.o(.ARM.Collect$$rtentry$$00000000) refers (Special) to __rtentry4.o(.ARM.Collect$$rtentry$$00000004) for __rt_entry_sh
    __rtentry2.o(.ARM.Collect$$rtentry$$00000008) refers to boardinit2.o(.text) for _platform_post_stackheap_init
    __rtentry2.o(.ARM.Collect$$rtentry$$0000000A) refers to libinit.o(.ARM.Collect$$libinit$$00000000) for __rt_lib_init
    __rtentry2.o(.ARM.Collect$$rtentry$$0000000B) refers to boardinit3.o(.text) for _platform_post_lib_init
    __rtentry2.o(.ARM.Collect$$rtentry$$0000000D) refers to main.o(i.main) for main
    __rtentry2.o(.ARM.Collect$$rtentry$$0000000D) refers to exit.o(.text) for exit
    __rtentry2.o(.ARM.exidx) refers to __rtentry2.o(.ARM.Collect$$rtentry$$00000001) for .ARM.Collect$$rtentry$$00000001
    __rtentry2.o(.ARM.exidx) refers to __rtentry2.o(.ARM.Collect$$rtentry$$00000008) for .ARM.Collect$$rtentry$$00000008
    __rtentry2.o(.ARM.exidx) refers to __rtentry2.o(.ARM.Collect$$rtentry$$0000000A) for .ARM.Collect$$rtentry$$0000000A
    __rtentry2.o(.ARM.exidx) refers to __rtentry2.o(.ARM.Collect$$rtentry$$0000000B) for .ARM.Collect$$rtentry$$0000000B
    __rtentry2.o(.ARM.exidx) refers to __rtentry2.o(.ARM.Collect$$rtentry$$0000000D) for .ARM.Collect$$rtentry$$0000000D
    __rtentry4.o(.ARM.Collect$$rtentry$$00000004) refers to sys_stackheap_outer.o(.text) for __user_setup_stackheap
    __rtentry4.o(.ARM.exidx) refers to __rtentry4.o(.ARM.Collect$$rtentry$$00000004) for .ARM.Collect$$rtentry$$00000004
    sys_stackheap_outer.o(.text) refers to libspace.o(.text) for __user_perproc_libspace
    sys_stackheap_outer.o(.text) refers to startup_armcm4.o(.text) for __user_initial_stackheap
    exit.o(.text) refers to rtexit.o(.ARM.Collect$$rtexit$$00000000) for __rt_exit
    libinit.o(.ARM.Collect$$libinit$$00000000) refers (Special) to libinit2.o(.ARM.Collect$$libinit$$0000002E) for __rt_lib_init_alloca_1
    libinit.o(.ARM.Collect$$libinit$$00000000) refers (Special) to libinit2.o(.ARM.Collect$$libinit$$0000002C) for __rt_lib_init_argv_1
    libinit.o(.ARM.Collect$$libinit$$00000000) refers (Special) to libinit2.o(.ARM.Collect$$libinit$$0000001B) for __rt_lib_init_atexit_1
    libinit.o(.ARM.Collect$$libinit$$00000000) refers (Special) to libinit2.o(.ARM.Collect$$libinit$$00000021) for __rt_lib_init_clock_1
    libinit.o(.ARM.Collect$$libinit$$00000000) refers (Special) to libinit2.o(.ARM.Collect$$libinit$$00000032) for __rt_lib_init_cpp_1
    libinit.o(.ARM.Collect$$libinit$$00000000) refers (Special) to libinit2.o(.ARM.Collect$$libinit$$00000030) for __rt_lib_init_exceptions_1
    libinit.o(.ARM.Collect$$libinit$$00000000) refers (Special) to libinit2.o(.ARM.Collect$$libinit$$00000002) for __rt_lib_init_fp_1
    libinit.o(.ARM.Collect$$libinit$$00000000) refers (Special) to libinit2.o(.ARM.Collect$$libinit$$0000001F) for __rt_lib_init_fp_trap_1
    libinit.o(.ARM.Collect$$libinit$$00000000) refers (Special) to libinit2.o(.ARM.Collect$$libinit$$00000023) for __rt_lib_init_getenv_1
    libinit.o(.ARM.Collect$$libinit$$00000000) refers (Special) to libinit2.o(.ARM.Collect$$libinit$$0000000A) for __rt_lib_init_heap_1
    libinit.o(.ARM.Collect$$libinit$$00000000) refers (Special) to libinit2.o(.ARM.Collect$$libinit$$00000011) for __rt_lib_init_lc_collate_1
    libinit.o(.ARM.Collect$$libinit$$00000000) refers (Special) to libinit2.o(.ARM.Collect$$libinit$$00000013) for __rt_lib_init_lc_ctype_1
    libinit.o(.ARM.Collect$$libinit$$00000000) refers (Special) to libinit2.o(.ARM.Collect$$libinit$$00000015) for __rt_lib_init_lc_monetary_1
    libinit.o(.ARM.Collect$$libinit$$00000000) refers (Special) to libinit2.o(.ARM.Collect$$libinit$$00000017) for __rt_lib_init_lc_numeric_1
    libinit.o(.ARM.Collect$$libinit$$00000000) refers (Special) to libinit2.o(.ARM.Collect$$libinit$$00000019) for __rt_lib_init_lc_time_1
    libinit.o(.ARM.Collect$$libinit$$00000000) refers (Special) to libinit2.o(.ARM.Collect$$libinit$$00000004) for __rt_lib_init_preinit_1
    libinit.o(.ARM.Collect$$libinit$$00000000) refers (Special) to libinit2.o(.ARM.Collect$$libinit$$0000000E) for __rt_lib_init_rand_1
    libinit.o(.ARM.Collect$$libinit$$00000000) refers (Special) to libinit2.o(.ARM.Collect$$libinit$$00000033) for __rt_lib_init_return
    libinit.o(.ARM.Collect$$libinit$$00000000) refers (Special) to libinit2.o(.ARM.Collect$$libinit$$0000001D) for __rt_lib_init_signal_1
    libinit.o(.ARM.Collect$$libinit$$00000000) refers (Special) to libinit2.o(.ARM.Collect$$libinit$$00000025) for __rt_lib_init_stdio_1
    libinit.o(.ARM.Collect$$libinit$$00000000) refers (Special) to libinit2.o(.ARM.Collect$$libinit$$0000000C) for __rt_lib_init_user_alloc_1
    libspace.o(.text) refers to libspace.o(.bss) for __libspace_start
    rtexit.o(.ARM.Collect$$rtexit$$00000000) refers (Special) to rtexit2.o(.ARM.Collect$$rtexit$$00000004) for __rt_exit_exit
    rtexit.o(.ARM.Collect$$rtexit$$00000000) refers (Special) to rtexit2.o(.ARM.Collect$$rtexit$$00000003) for __rt_exit_ls
    rtexit.o(.ARM.Collect$$rtexit$$00000000) refers (Special) to rtexit2.o(.ARM.Collect$$rtexit$$00000002) for __rt_exit_prels_1
    rtexit.o(.ARM.exidx) refers (Special) to rtexit2.o(.ARM.Collect$$rtexit$$00000004) for __rt_exit_exit
    rtexit.o(.ARM.exidx) refers (Special) to rtexit2.o(.ARM.Collect$$rtexit$$00000003) for __rt_exit_ls
    rtexit.o(.ARM.exidx) refers (Special) to rtexit2.o(.ARM.Collect$$rtexit$$00000002) for __rt_exit_prels_1
    rtexit.o(.ARM.exidx) refers to rtexit.o(.ARM.Collect$$rtexit$$00000000) for .ARM.Collect$$rtexit$$00000000
    libinit2.o(.ARM.Collect$$libinit$$00000010) refers to libinit2.o(.ARM.Collect$$libinit$$0000000F) for .ARM.Collect$$libinit$$0000000F
    libinit2.o(.ARM.Collect$$libinit$$00000012) refers to libinit2.o(.ARM.Collect$$libinit$$0000000F) for .ARM.Collect$$libinit$$0000000F
    libinit2.o(.ARM.Collect$$libinit$$00000014) refers to libinit2.o(.ARM.Collect$$libinit$$0000000F) for .ARM.Collect$$libinit$$0000000F
    libinit2.o(.ARM.Collect$$libinit$$00000016) refers to libinit2.o(.ARM.Collect$$libinit$$0000000F) for .ARM.Collect$$libinit$$0000000F
    libinit2.o(.ARM.Collect$$libinit$$00000018) refers to libinit2.o(.ARM.Collect$$libinit$$0000000F) for .ARM.Collect$$libinit$$0000000F
    libinit2.o(.ARM.Collect$$libinit$$00000026) refers to argv_veneer.o(.emb_text) for __ARM_argv_veneer
    libinit2.o(.ARM.Collect$$libinit$$00000027) refers to argv_veneer.o(.emb_text) for __ARM_argv_veneer
    rtexit2.o(.ARM.Collect$$rtexit$$00000003) refers to libshutdown.o(.ARM.Collect$$libshutdown$$00000000) for __rt_lib_shutdown
    rtexit2.o(.ARM.Collect$$rtexit$$00000004) refers to sys_exit.o(.text) for _sys_exit
    rtexit2.o(.ARM.exidx) refers to rtexit2.o(.ARM.Collect$$rtexit$$00000001) for .ARM.Collect$$rtexit$$00000001
    rtexit2.o(.ARM.exidx) refers to rtexit2.o(.ARM.Collect$$rtexit$$00000003) for .ARM.Collect$$rtexit$$00000003
    rtexit2.o(.ARM.exidx) refers to rtexit2.o(.ARM.Collect$$rtexit$$00000004) for .ARM.Collect$$rtexit$$00000004
    argv_veneer.o(.emb_text) refers to no_argv.o(.text) for __ARM_get_argv
    sys_exit.o(.text) refers (Special) to use_no_semi.o(.text) for __I$use$semihosting
    sys_exit.o(.text) refers (Special) to indicate_semi.o(.text) for __semihosting_library_function
    _get_argv_nomalloc.o(.text) refers (Special) to hrguard.o(.text) for __heap_region$guard
    _get_argv_nomalloc.o(.text) refers to defsig_rtmem_outer.o(.text) for __rt_SIGRTMEM
    _get_argv_nomalloc.o(.text) refers to sys_command.o(.text) for _sys_command_string
    libshutdown.o(.ARM.Collect$$libshutdown$$00000000) refers (Special) to libshutdown2.o(.ARM.Collect$$libshutdown$$00000002) for __rt_lib_shutdown_cpp_1
    libshutdown.o(.ARM.Collect$$libshutdown$$00000000) refers (Special) to libshutdown2.o(.ARM.Collect$$libshutdown$$00000007) for __rt_lib_shutdown_fp_trap_1
    libshutdown.o(.ARM.Collect$$libshutdown$$00000000) refers (Special) to libshutdown2.o(.ARM.Collect$$libshutdown$$0000000F) for __rt_lib_shutdown_heap_1
    libshutdown.o(.ARM.Collect$$libshutdown$$00000000) refers (Special) to libshutdown2.o(.ARM.Collect$$libshutdown$$00000010) for __rt_lib_shutdown_return
    libshutdown.o(.ARM.Collect$$libshutdown$$00000000) refers (Special) to libshutdown2.o(.ARM.Collect$$libshutdown$$0000000A) for __rt_lib_shutdown_signal_1
    libshutdown.o(.ARM.Collect$$libshutdown$$00000000) refers (Special) to libshutdown2.o(.ARM.Collect$$libshutdown$$00000004) for __rt_lib_shutdown_stdio_1
    libshutdown.o(.ARM.Collect$$libshutdown$$00000000) refers (Special) to libshutdown2.o(.ARM.Collect$$libshutdown$$0000000C) for __rt_lib_shutdown_user_alloc_1
    sys_command.o(.text) refers (Special) to use_no_semi.o(.text) for __I$use$semihosting
    sys_command.o(.text) refers (Special) to indicate_semi.o(.text) for __semihosting_library_function
    defsig_rtmem_outer.o(.text) refers to defsig_rtmem_inner.o(.text) for __rt_SIGRTMEM_inner
    defsig_rtmem_outer.o(.text) refers to defsig_exit.o(.text) for __sig_exit
    defsig_rtmem_formal.o(.text) refers to rt_raise.o(.text) for __rt_raise
    rt_raise.o(.text) refers to __raise.o(.text) for __raise
    rt_raise.o(.text) refers to sys_exit.o(.text) for _sys_exit
    defsig_exit.o(.text) refers to sys_exit.o(.text) for _sys_exit
    defsig_rtmem_inner.o(.text) refers to defsig_general.o(.text) for __default_signal_display
    __raise.o(.text) refers to defsig.o(CL$$defsig) for __default_signal_handler
    defsig_general.o(.text) refers to sys_wrch.o(.text) for _ttywrch
    sys_wrch.o(.text) refers (Special) to use_no_semi.o(.text) for __I$use$semihosting
    sys_wrch.o(.text) refers (Special) to indicate_semi.o(.text) for __semihosting_library_function
    defsig.o(CL$$defsig) refers to defsig_rtmem_inner.o(.text) for __rt_SIGRTMEM_inner
    defsig_abrt_inner.o(.text) refers to defsig_general.o(.text) for __default_signal_display
    defsig_fpe_inner.o(.text) refers to defsig_general.o(.text) for __default_signal_display
    defsig_rtred_inner.o(.text) refers to defsig_general.o(.text) for __default_signal_display
    defsig_stak_inner.o(.text) refers to defsig_general.o(.text) for __default_signal_display
    defsig_pvfn_inner.o(.text) refers to defsig_general.o(.text) for __default_signal_display
    defsig_cppl_inner.o(.text) refers to defsig_general.o(.text) for __default_signal_display
    defsig_segv_inner.o(.text) refers to defsig_general.o(.text) for __default_signal_display
    defsig_other.o(.text) refers to defsig_general.o(.text) for __default_signal_display


==============================================================================

Removing Unused input sections from the image.

    Removing main.o(.rev16_text), (4 bytes).
    Removing main.o(.revsh_text), (4 bytes).
    Removing main.o(.rrx_text), (6 bytes).
    Removing main.o(i.TaskSchedDisable), (40 bytes).
    Removing main.o(i.TaskSchedEnable), (48 bytes).
    Removing switch.o(.rev16_text), (4 bytes).
    Removing switch.o(.revsh_text), (4 bytes).
    Removing switch.o(.rrx_text), (6 bytes).
    Removing list.o(i.GetListCount), (6 bytes).
    Removing list.o(i.ListAddTail), (20 bytes).
    Removing list.o(i.ListFirstNode), (14 bytes).
    Removing list.o(i.ListInsertAfter), (20 bytes).
    Removing list.o(i.ListLastNode), (14 bytes).
    Removing list.o(i.ListNodeNext), (16 bytes).
    Removing list.o(i.ListNodePre), (16 bytes).
    Removing list.o(i.ListRemoveAllNodes), (32 bytes).
    Removing list.o(i.ListRemoveNode), (20 bytes).
    Removing system_armcm4.o(.rev16_text), (4 bytes).
    Removing system_armcm4.o(.revsh_text), (4 bytes).
    Removing system_armcm4.o(.rrx_text), (6 bytes).
    Removing system_armcm4.o(i.SystemCoreClockUpdate), (16 bytes).

21 unused section(s) (total 304 bytes) removed from the image.

==============================================================================

Image Symbol Table

    Local Symbols

    Symbol Name                              Value     Ov Type        Size  Object(Section)

    RESET                                    0x00000000   Section      192  startup_armcm4.o(RESET)
    ../clib/angel/boardlib.s                 0x00000000   Number         0  boardshut.o ABSOLUTE
    ../clib/angel/boardlib.s                 0x00000000   Number         0  boardinit1.o ABSOLUTE
    ../clib/angel/boardlib.s                 0x00000000   Number         0  boardinit2.o ABSOLUTE
    ../clib/angel/boardlib.s                 0x00000000   Number         0  boardinit3.o ABSOLUTE
    ../clib/angel/handlers.s                 0x00000000   Number         0  __scatter_zi.o ABSOLUTE
    ../clib/angel/handlers.s                 0x00000000   Number         0  __scatter_copy.o ABSOLUTE
    ../clib/angel/kernel.s                   0x00000000   Number         0  __rtentry2.o ABSOLUTE
    ../clib/angel/kernel.s                   0x00000000   Number         0  rtexit.o ABSOLUTE
    ../clib/angel/kernel.s                   0x00000000   Number         0  __rtentry4.o ABSOLUTE
    ../clib/angel/kernel.s                   0x00000000   Number         0  __rtentry.o ABSOLUTE
    ../clib/angel/kernel.s                   0x00000000   Number         0  rtexit2.o ABSOLUTE
    ../clib/angel/rt.s                       0x00000000   Number         0  rt_raise.o ABSOLUTE
    ../clib/angel/scatter.s                  0x00000000   Number         0  __scatter.o ABSOLUTE
    ../clib/angel/startup.s                  0x00000000   Number         0  __main.o ABSOLUTE
    ../clib/angel/sys.s                      0x00000000   Number         0  sys_stackheap_outer.o ABSOLUTE
    ../clib/angel/sys.s                      0x00000000   Number         0  use_no_semi.o ABSOLUTE
    ../clib/angel/sys.s                      0x00000000   Number         0  indicate_semi.o ABSOLUTE
    ../clib/angel/sys.s                      0x00000000   Number         0  libspace.o ABSOLUTE
    ../clib/angel/sysapp.c                   0x00000000   Number         0  sys_wrch.o ABSOLUTE
    ../clib/angel/sysapp.c                   0x00000000   Number         0  sys_command.o ABSOLUTE
    ../clib/angel/sysapp.c                   0x00000000   Number         0  sys_exit.o ABSOLUTE
    ../clib/armsys.c                         0x00000000   Number         0  argv_veneer.o ABSOLUTE
    ../clib/armsys.c                         0x00000000   Number         0  no_argv.o ABSOLUTE
    ../clib/armsys.c                         0x00000000   Number         0  _get_argv_nomalloc.o ABSOLUTE
    ../clib/armsys.c                         0x00000000   Number         0  argv_veneer.o ABSOLUTE
    ../clib/heapalloc.c                      0x00000000   Number         0  hrguard.o ABSOLUTE
    ../clib/heapaux.c                        0x00000000   Number         0  heapauxi.o ABSOLUTE
    ../clib/libinit.s                        0x00000000   Number         0  libshutdown.o ABSOLUTE
    ../clib/libinit.s                        0x00000000   Number         0  libinit2.o ABSOLUTE
    ../clib/libinit.s                        0x00000000   Number         0  libshutdown2.o ABSOLUTE
    ../clib/libinit.s                        0x00000000   Number         0  libinit.o ABSOLUTE
    ../clib/signal.c                         0x00000000   Number         0  defsig_segv_inner.o ABSOLUTE
    ../clib/signal.c                         0x00000000   Number         0  defsig_cppl_inner.o ABSOLUTE
    ../clib/signal.c                         0x00000000   Number         0  defsig_pvfn_inner.o ABSOLUTE
    ../clib/signal.c                         0x00000000   Number         0  defsig_stak_inner.o ABSOLUTE
    ../clib/signal.c                         0x00000000   Number         0  defsig_rtred_inner.o ABSOLUTE
    ../clib/signal.c                         0x00000000   Number         0  defsig_fpe_inner.o ABSOLUTE
    ../clib/signal.c                         0x00000000   Number         0  defsig_abrt_inner.o ABSOLUTE
    ../clib/signal.c                         0x00000000   Number         0  defsig_general.o ABSOLUTE
    ../clib/signal.c                         0x00000000   Number         0  __raise.o ABSOLUTE
    ../clib/signal.c                         0x00000000   Number         0  defsig_exit.o ABSOLUTE
    ../clib/signal.c                         0x00000000   Number         0  defsig_rtmem_inner.o ABSOLUTE
    ../clib/signal.c                         0x00000000   Number         0  defsig_rtmem_formal.o ABSOLUTE
    ../clib/signal.c                         0x00000000   Number         0  defsig_rtmem_outer.o ABSOLUTE
    ../clib/signal.c                         0x00000000   Number         0  defsig_other.o ABSOLUTE
    ../clib/signal.s                         0x00000000   Number         0  defsig.o ABSOLUTE
    ../clib/stdlib.c                         0x00000000   Number         0  exit.o ABSOLUTE
    ../fplib/fpinit.s                        0x00000000   Number         0  fpinit.o ABSOLUTE
    RTE\Device\ARMCM4\startup_ARMCM4.s       0x00000000   Number         0  startup_armcm4.o ABSOLUTE
    RTE\Device\ARMCM4\system_ARMCM4.c        0x00000000   Number         0  system_armcm4.o ABSOLUTE
    RTE\\Device\\ARMCM4\\system_ARMCM4.c     0x00000000   Number         0  system_armcm4.o ABSOLUTE
    Source\Bitmap.c                          0x00000000   Number         0  bitmap.o ABSOLUTE
    Source\List.c                            0x00000000   Number         0  list.o ABSOLUTE
    Source\\switch.c                         0x00000000   Number         0  switch.o ABSOLUTE
    Source\switch.c                          0x00000000   Number         0  switch.o ABSOLUTE
    dc.s                                     0x00000000   Number         0  dc.o ABSOLUTE
    source\\main.c                           0x00000000   Number         0  main.o ABSOLUTE
    source\main.c                            0x00000000   Number         0  main.o ABSOLUTE
    !!!main                                  0x000000c0   Section        8  __main.o(!!!main)
    !!!scatter                               0x000000c8   Section       52  __scatter.o(!!!scatter)
    !!handler_copy                           0x000000fc   Section       26  __scatter_copy.o(!!handler_copy)
    !!handler_zi                             0x00000118   Section       28  __scatter_zi.o(!!handler_zi)
    .ARM.Collect$$libinit$$00000000          0x00000134   Section        2  libinit.o(.ARM.Collect$$libinit$$00000000)
    .ARM.Collect$$libinit$$00000002          0x00000136   Section        0  libinit2.o(.ARM.Collect$$libinit$$00000002)
    .ARM.Collect$$libinit$$00000004          0x00000136   Section        0  libinit2.o(.ARM.Collect$$libinit$$00000004)
    .ARM.Collect$$libinit$$0000000A          0x00000136   Section        0  libinit2.o(.ARM.Collect$$libinit$$0000000A)
    .ARM.Collect$$libinit$$0000000C          0x00000136   Section        0  libinit2.o(.ARM.Collect$$libinit$$0000000C)
    .ARM.Collect$$libinit$$0000000E          0x00000136   Section        0  libinit2.o(.ARM.Collect$$libinit$$0000000E)
    .ARM.Collect$$libinit$$00000011          0x00000136   Section        0  libinit2.o(.ARM.Collect$$libinit$$00000011)
    .ARM.Collect$$libinit$$00000013          0x00000136   Section        0  libinit2.o(.ARM.Collect$$libinit$$00000013)
    .ARM.Collect$$libinit$$00000015          0x00000136   Section        0  libinit2.o(.ARM.Collect$$libinit$$00000015)
    .ARM.Collect$$libinit$$00000017          0x00000136   Section        0  libinit2.o(.ARM.Collect$$libinit$$00000017)
    .ARM.Collect$$libinit$$00000019          0x00000136   Section        0  libinit2.o(.ARM.Collect$$libinit$$00000019)
    .ARM.Collect$$libinit$$0000001B          0x00000136   Section        0  libinit2.o(.ARM.Collect$$libinit$$0000001B)
    .ARM.Collect$$libinit$$0000001D          0x00000136   Section        0  libinit2.o(.ARM.Collect$$libinit$$0000001D)
    .ARM.Collect$$libinit$$0000001F          0x00000136   Section        0  libinit2.o(.ARM.Collect$$libinit$$0000001F)
    .ARM.Collect$$libinit$$00000021          0x00000136   Section        0  libinit2.o(.ARM.Collect$$libinit$$00000021)
    .ARM.Collect$$libinit$$00000023          0x00000136   Section        0  libinit2.o(.ARM.Collect$$libinit$$00000023)
    .ARM.Collect$$libinit$$00000025          0x00000136   Section        0  libinit2.o(.ARM.Collect$$libinit$$00000025)
    .ARM.Collect$$libinit$$0000002C          0x00000136   Section        0  libinit2.o(.ARM.Collect$$libinit$$0000002C)
    .ARM.Collect$$libinit$$0000002E          0x00000136   Section        0  libinit2.o(.ARM.Collect$$libinit$$0000002E)
    .ARM.Collect$$libinit$$00000030          0x00000136   Section        0  libinit2.o(.ARM.Collect$$libinit$$00000030)
    .ARM.Collect$$libinit$$00000032          0x00000136   Section        0  libinit2.o(.ARM.Collect$$libinit$$00000032)
    .ARM.Collect$$libinit$$00000033          0x00000136   Section        2  libinit2.o(.ARM.Collect$$libinit$$00000033)
    .ARM.Collect$$libshutdown$$00000000      0x00000138   Section        2  libshutdown.o(.ARM.Collect$$libshutdown$$00000000)
    .ARM.Collect$$libshutdown$$00000002      0x0000013a   Section        0  libshutdown2.o(.ARM.Collect$$libshutdown$$00000002)
    .ARM.Collect$$libshutdown$$00000004      0x0000013a   Section        0  libshutdown2.o(.ARM.Collect$$libshutdown$$00000004)
    .ARM.Collect$$libshutdown$$00000007      0x0000013a   Section        0  libshutdown2.o(.ARM.Collect$$libshutdown$$00000007)
    .ARM.Collect$$libshutdown$$0000000A      0x0000013a   Section        0  libshutdown2.o(.ARM.Collect$$libshutdown$$0000000A)
    .ARM.Collect$$libshutdown$$0000000C      0x0000013a   Section        0  libshutdown2.o(.ARM.Collect$$libshutdown$$0000000C)
    .ARM.Collect$$libshutdown$$0000000F      0x0000013a   Section        0  libshutdown2.o(.ARM.Collect$$libshutdown$$0000000F)
    .ARM.Collect$$libshutdown$$00000010      0x0000013a   Section        2  libshutdown2.o(.ARM.Collect$$libshutdown$$00000010)
    .ARM.Collect$$rtentry$$00000000          0x0000013c   Section        0  __rtentry.o(.ARM.Collect$$rtentry$$00000000)
    .ARM.Collect$$rtentry$$00000002          0x0000013c   Section        0  __rtentry2.o(.ARM.Collect$$rtentry$$00000002)
    .ARM.Collect$$rtentry$$00000004          0x0000013c   Section        6  __rtentry4.o(.ARM.Collect$$rtentry$$00000004)
    .ARM.Collect$$rtentry$$00000009          0x00000142   Section        0  __rtentry2.o(.ARM.Collect$$rtentry$$00000009)
    .ARM.Collect$$rtentry$$0000000A          0x00000142   Section        4  __rtentry2.o(.ARM.Collect$$rtentry$$0000000A)
    .ARM.Collect$$rtentry$$0000000C          0x00000146   Section        0  __rtentry2.o(.ARM.Collect$$rtentry$$0000000C)
    .ARM.Collect$$rtentry$$0000000D          0x00000146   Section        8  __rtentry2.o(.ARM.Collect$$rtentry$$0000000D)
    .ARM.Collect$$rtexit$$00000000           0x0000014e   Section        2  rtexit.o(.ARM.Collect$$rtexit$$00000000)
    .ARM.Collect$$rtexit$$00000002           0x00000150   Section        0  rtexit2.o(.ARM.Collect$$rtexit$$00000002)
    .ARM.Collect$$rtexit$$00000003           0x00000150   Section        4  rtexit2.o(.ARM.Collect$$rtexit$$00000003)
    .ARM.Collect$$rtexit$$00000004           0x00000154   Section        6  rtexit2.o(.ARM.Collect$$rtexit$$00000004)
    .emb_text                                0x0000015c   Section       48  switch.o(.emb_text)
    .text                                    0x0000018c   Section       64  startup_armcm4.o(.text)
    .text                                    0x000001cc   Section        0  heapauxi.o(.text)
    .text                                    0x000001d2   Section       74  sys_stackheap_outer.o(.text)
    .text                                    0x0000021c   Section        0  exit.o(.text)
    .text                                    0x00000230   Section        8  libspace.o(.text)
    .text                                    0x00000238   Section        0  sys_exit.o(.text)
    .text                                    0x00000244   Section        2  use_no_semi.o(.text)
    .text                                    0x00000246   Section        0  indicate_semi.o(.text)
    i.BitmapClear                            0x00000246   Section        0  bitmap.o(i.BitmapClear)
    i.BitmapInit                             0x00000252   Section        0  bitmap.o(i.BitmapInit)
    i.BitmapSet                              0x00000258   Section        0  bitmap.o(i.BitmapSet)
    i.GetBitmapFirstSet                      0x00000264   Section        0  bitmap.o(i.GetBitmapFirstSet)
    i.GetBitmapPosCount                      0x000002bc   Section        0  bitmap.o(i.GetBitmapPosCount)
    i.ListAddHead                            0x000002c0   Section        0  list.o(i.ListAddHead)
    i.ListInit                               0x000002d4   Section        0  list.o(i.ListInit)
    i.ListRemoveFirst                        0x000002de   Section        0  list.o(i.ListRemoveFirst)
    i.NodeInit                               0x000002f8   Section        0  list.o(i.NodeInit)
    i.SetSysTickPeriod                       0x00000300   Section        0  main.o(i.SetSysTickPeriod)
    i.SysTick_Handler                        0x00000358   Section        0  main.o(i.SysTick_Handler)
    i.SystemInit                             0x00000360   Section        0  system_armcm4.o(i.SystemInit)
    i.TaskDelay                              0x00000370   Section        0  main.o(i.TaskDelay)
    i.TaskEnterCritical                      0x000003a0   Section        0  switch.o(i.TaskEnterCritical)
    i.TaskExitCritical                       0x000003ac   Section        0  switch.o(i.TaskExitCritical)
    i.TaskHighestReady                       0x000003b8   Section        0  main.o(i.TaskHighestReady)
    i.TaskInit                               0x000003d4   Section        0  main.o(i.TaskInit)
    i.TaskRunFirst                           0x00000484   Section        0  switch.o(i.TaskRunFirst)
    i.TaskSched                              0x000004a0   Section        0  main.o(i.TaskSched)
    i.TaskSchedInit                          0x000004e4   Section        0  main.o(i.TaskSchedInit)
    i.TaskSwitch                             0x000004fc   Section        0  switch.o(i.TaskSwitch)
    i.TaskSystemTickHandler                  0x0000050c   Section        0  main.o(i.TaskSystemTickHandler)
    i.idleTaskEntry                          0x00000558   Section        0  main.o(i.idleTaskEntry)
    i.main                                   0x0000055c   Section        0  main.o(i.main)
    i.task1Entry                             0x000005e4   Section        0  main.o(i.task1Entry)
    i.task2Entry                             0x00000648   Section        0  main.o(i.task2Entry)
    .constdata                               0x00000668   Section      256  bitmap.o(.constdata)
    quickFindTable                           0x00000668   Data         256  bitmap.o(.constdata)
    .data                                    0x20000000   Section       32  main.o(.data)
    .data                                    0x20000020   Section        4  system_armcm4.o(.data)
    .bss                                     0x20000024   Section      528  main.o(.bss)
    .bss                                     0x20000234   Section       96  libspace.o(.bss)
    HEAP                                     0x20000298   Section     3072  startup_armcm4.o(HEAP)
    Heap_Mem                                 0x20000298   Data        3072  startup_armcm4.o(HEAP)
    STACK                                    0x20000e98   Section     1024  startup_armcm4.o(STACK)
    Stack_Mem                                0x20000e98   Data        1024  startup_armcm4.o(STACK)
    __initial_sp                             0x20001298   Data           0  startup_armcm4.o(STACK)

    Global Symbols

    Symbol Name                              Value     Ov Type        Size  Object(Section)

    BuildAttributes$$THM_ISAv4$E$P$D$K$B$S$7EM$PE$A:L22UL41UL21$X:L11$S22US41US21$IEEE1$IW$USESV6$~STKCKD$USESV7$~SHL$OSPACE$ROPI$EBA8$UX$STANDARDLIB$REQ8$PRES8$EABIv2 0x00000000   Number         0  anon$$obj.o ABSOLUTE
    __ARM_use_no_argv                        0x00000000   Number         0  main.o ABSOLUTE
    __Vectors                                0x00000000   Data           4  startup_armcm4.o(RESET)
    __ARM_exceptions_init                     - Undefined Weak Reference
    __alloca_initialize                       - Undefined Weak Reference
    __arm_preinit_                            - Undefined Weak Reference
    __cpp_initialize__aeabi_                  - Undefined Weak Reference
    __cxa_finalize                            - Undefined Weak Reference
    __rt_locale                               - Undefined Weak Reference
    __sigvec_lookup                           - Undefined Weak Reference
    _atexit_init                              - Undefined Weak Reference
    _call_atexit_fns                          - Undefined Weak Reference
    _clock_init                               - Undefined Weak Reference
    _fp_trap_init                             - Undefined Weak Reference
    _fp_trap_shutdown                         - Undefined Weak Reference
    _get_lc_collate                           - Undefined Weak Reference
    _get_lc_ctype                             - Undefined Weak Reference
    _get_lc_monetary                          - Undefined Weak Reference
    _get_lc_numeric                           - Undefined Weak Reference
    _get_lc_time                              - Undefined Weak Reference
    _getenv_init                              - Undefined Weak Reference
    _handle_redirection                       - Undefined Weak Reference
    _init_alloc                               - Undefined Weak Reference
    _init_user_alloc                          - Undefined Weak Reference
    _initio                                   - Undefined Weak Reference
    _rand_init                                - Undefined Weak Reference
    _signal_finish                            - Undefined Weak Reference
    _signal_init                              - Undefined Weak Reference
    _terminate_alloc                          - Undefined Weak Reference
    _terminate_user_alloc                     - Undefined Weak Reference
    _terminateio                              - Undefined Weak Reference
    __Vectors_End                            0x000000c0   Data           0  startup_armcm4.o(RESET)
    __Vectors_Size                           0x000000c0   Number         0  startup_armcm4.o ABSOLUTE
    __main                                   0x000000c1   Thumb Code     8  __main.o(!!!main)
    __scatterload                            0x000000c9   Thumb Code     0  __scatter.o(!!!scatter)
    __scatterload_rt2                        0x000000c9   Thumb Code    44  __scatter.o(!!!scatter)
    __scatterload_rt2_thumb_only             0x000000c9   Thumb Code     0  __scatter.o(!!!scatter)
    __scatterload_null                       0x000000d7   Thumb Code     0  __scatter.o(!!!scatter)
    __scatterload_copy                       0x000000fd   Thumb Code    26  __scatter_copy.o(!!handler_copy)
    __scatterload_zeroinit                   0x00000119   Thumb Code    28  __scatter_zi.o(!!handler_zi)
    __rt_lib_init                            0x00000135   Thumb Code     0  libinit.o(.ARM.Collect$$libinit$$00000000)
    __rt_lib_init_alloca_1                   0x00000137   Thumb Code     0  libinit2.o(.ARM.Collect$$libinit$$0000002E)
    __rt_lib_init_argv_1                     0x00000137   Thumb Code     0  libinit2.o(.ARM.Collect$$libinit$$0000002C)
    __rt_lib_init_atexit_1                   0x00000137   Thumb Code     0  libinit2.o(.ARM.Collect$$libinit$$0000001B)
    __rt_lib_init_clock_1                    0x00000137   Thumb Code     0  libinit2.o(.ARM.Collect$$libinit$$00000021)
    __rt_lib_init_cpp_1                      0x00000137   Thumb Code     0  libinit2.o(.ARM.Collect$$libinit$$00000032)
    __rt_lib_init_exceptions_1               0x00000137   Thumb Code     0  libinit2.o(.ARM.Collect$$libinit$$00000030)
    __rt_lib_init_fp_1                       0x00000137   Thumb Code     0  libinit2.o(.ARM.Collect$$libinit$$00000002)
    __rt_lib_init_fp_trap_1                  0x00000137   Thumb Code     0  libinit2.o(.ARM.Collect$$libinit$$0000001F)
    __rt_lib_init_getenv_1                   0x00000137   Thumb Code     0  libinit2.o(.ARM.Collect$$libinit$$00000023)
    __rt_lib_init_heap_1                     0x00000137   Thumb Code     0  libinit2.o(.ARM.Collect$$libinit$$0000000A)
    __rt_lib_init_lc_collate_1               0x00000137   Thumb Code     0  libinit2.o(.ARM.Collect$$libinit$$00000011)
    __rt_lib_init_lc_ctype_1                 0x00000137   Thumb Code     0  libinit2.o(.ARM.Collect$$libinit$$00000013)
    __rt_lib_init_lc_monetary_1              0x00000137   Thumb Code     0  libinit2.o(.ARM.Collect$$libinit$$00000015)
    __rt_lib_init_lc_numeric_1               0x00000137   Thumb Code     0  libinit2.o(.ARM.Collect$$libinit$$00000017)
    __rt_lib_init_lc_time_1                  0x00000137   Thumb Code     0  libinit2.o(.ARM.Collect$$libinit$$00000019)
    __rt_lib_init_preinit_1                  0x00000137   Thumb Code     0  libinit2.o(.ARM.Collect$$libinit$$00000004)
    __rt_lib_init_rand_1                     0x00000137   Thumb Code     0  libinit2.o(.ARM.Collect$$libinit$$0000000E)
    __rt_lib_init_return                     0x00000137   Thumb Code     0  libinit2.o(.ARM.Collect$$libinit$$00000033)
    __rt_lib_init_signal_1                   0x00000137   Thumb Code     0  libinit2.o(.ARM.Collect$$libinit$$0000001D)
    __rt_lib_init_stdio_1                    0x00000137   Thumb Code     0  libinit2.o(.ARM.Collect$$libinit$$00000025)
    __rt_lib_init_user_alloc_1               0x00000137   Thumb Code     0  libinit2.o(.ARM.Collect$$libinit$$0000000C)
    __rt_lib_shutdown                        0x00000139   Thumb Code     0  libshutdown.o(.ARM.Collect$$libshutdown$$00000000)
    __rt_lib_shutdown_cpp_1                  0x0000013b   Thumb Code     0  libshutdown2.o(.ARM.Collect$$libshutdown$$00000002)
    __rt_lib_shutdown_fp_trap_1              0x0000013b   Thumb Code     0  libshutdown2.o(.ARM.Collect$$libshutdown$$00000007)
    __rt_lib_shutdown_heap_1                 0x0000013b   Thumb Code     0  libshutdown2.o(.ARM.Collect$$libshutdown$$0000000F)
    __rt_lib_shutdown_return                 0x0000013b   Thumb Code     0  libshutdown2.o(.ARM.Collect$$libshutdown$$00000010)
    __rt_lib_shutdown_signal_1               0x0000013b   Thumb Code     0  libshutdown2.o(.ARM.Collect$$libshutdown$$0000000A)
    __rt_lib_shutdown_stdio_1                0x0000013b   Thumb Code     0  libshutdown2.o(.ARM.Collect$$libshutdown$$00000004)
    __rt_lib_shutdown_user_alloc_1           0x0000013b   Thumb Code     0  libshutdown2.o(.ARM.Collect$$libshutdown$$0000000C)
    __rt_entry                               0x0000013d   Thumb Code     0  __rtentry.o(.ARM.Collect$$rtentry$$00000000)
    __rt_entry_presh_1                       0x0000013d   Thumb Code     0  __rtentry2.o(.ARM.Collect$$rtentry$$00000002)
    __rt_entry_sh                            0x0000013d   Thumb Code     0  __rtentry4.o(.ARM.Collect$$rtentry$$00000004)
    __rt_entry_li                            0x00000143   Thumb Code     0  __rtentry2.o(.ARM.Collect$$rtentry$$0000000A)
    __rt_entry_postsh_1                      0x00000143   Thumb Code     0  __rtentry2.o(.ARM.Collect$$rtentry$$00000009)
    __rt_entry_main                          0x00000147   Thumb Code     0  __rtentry2.o(.ARM.Collect$$rtentry$$0000000D)
    __rt_entry_postli_1                      0x00000147   Thumb Code     0  __rtentry2.o(.ARM.Collect$$rtentry$$0000000C)
    __rt_exit                                0x0000014f   Thumb Code     0  rtexit.o(.ARM.Collect$$rtexit$$00000000)
    __rt_exit_ls                             0x00000151   Thumb Code     0  rtexit2.o(.ARM.Collect$$rtexit$$00000003)
    __rt_exit_prels_1                        0x00000151   Thumb Code     0  rtexit2.o(.ARM.Collect$$rtexit$$00000002)
    __rt_exit_exit                           0x00000155   Thumb Code     0  rtexit2.o(.ARM.Collect$$rtexit$$00000004)
    PendSV_Handler                           0x0000015d   Thumb Code    40  switch.o(.emb_text)
    Reset_Handler                            0x0000018d   Thumb Code     8  startup_armcm4.o(.text)
    NMI_Handler                              0x00000195   Thumb Code     2  startup_armcm4.o(.text)
    HardFault_Handler                        0x00000197   Thumb Code     2  startup_armcm4.o(.text)
    MemManage_Handler                        0x00000199   Thumb Code     2  startup_armcm4.o(.text)
    BusFault_Handler                         0x0000019b   Thumb Code     2  startup_armcm4.o(.text)
    UsageFault_Handler                       0x0000019d   Thumb Code     2  startup_armcm4.o(.text)
    SVC_Handler                              0x0000019f   Thumb Code     2  startup_armcm4.o(.text)
    DebugMon_Handler                         0x000001a1   Thumb Code     2  startup_armcm4.o(.text)
    AACI_IRQHandler                          0x000001a7   Thumb Code     0  startup_armcm4.o(.text)
    CAN_IRQHandler                           0x000001a7   Thumb Code     0  startup_armcm4.o(.text)
    CHLCD_IRQHandler                         0x000001a7   Thumb Code     0  startup_armcm4.o(.text)
    CLCD_IRQHandler                          0x000001a7   Thumb Code     0  startup_armcm4.o(.text)
    CPU_CLCD_IRQHandler                      0x000001a7   Thumb Code     0  startup_armcm4.o(.text)
    ENET_IRQHandler                          0x000001a7   Thumb Code     0  startup_armcm4.o(.text)
    FLEXRAY_IRQHandler                       0x000001a7   Thumb Code     0  startup_armcm4.o(.text)
    I2C_IRQHandler                           0x000001a7   Thumb Code     0  startup_armcm4.o(.text)
    LIN_IRQHandler                           0x000001a7   Thumb Code     0  startup_armcm4.o(.text)
    MCIA_IRQHandler                          0x000001a7   Thumb Code     0  startup_armcm4.o(.text)
    MCIB_IRQHandler                          0x000001a7   Thumb Code     0  startup_armcm4.o(.text)
    RTC_IRQHandler                           0x000001a7   Thumb Code     0  startup_armcm4.o(.text)
    SPI_IRQHandler                           0x000001a7   Thumb Code     0  startup_armcm4.o(.text)
    TIM0_IRQHandler                          0x000001a7   Thumb Code     0  startup_armcm4.o(.text)
    TIM2_IRQHandler                          0x000001a7   Thumb Code     0  startup_armcm4.o(.text)
    UART0_IRQHandler                         0x000001a7   Thumb Code     0  startup_armcm4.o(.text)
    UART1_IRQHandler                         0x000001a7   Thumb Code     0  startup_armcm4.o(.text)
    UART2_IRQHandler                         0x000001a7   Thumb Code     0  startup_armcm4.o(.text)
    UART3_IRQHandler                         0x000001a7   Thumb Code     0  startup_armcm4.o(.text)
    UART4_IRQHandler                         0x000001a7   Thumb Code     0  startup_armcm4.o(.text)
    USBDC_IRQHandler                         0x000001a7   Thumb Code     0  startup_armcm4.o(.text)
    USBHC_IRQHandler                         0x000001a7   Thumb Code     0  startup_armcm4.o(.text)
    WDT_IRQHandler                           0x000001a7   Thumb Code     0  startup_armcm4.o(.text)
    __user_initial_stackheap                 0x000001a9   Thumb Code    10  startup_armcm4.o(.text)
    __use_two_region_memory                  0x000001cd   Thumb Code     2  heapauxi.o(.text)
    __rt_heap_escrow$2region                 0x000001cf   Thumb Code     2  heapauxi.o(.text)
    __rt_heap_expand$2region                 0x000001d1   Thumb Code     2  heapauxi.o(.text)
    __user_setup_stackheap                   0x000001d3   Thumb Code    74  sys_stackheap_outer.o(.text)
    exit                                     0x0000021d   Thumb Code    18  exit.o(.text)
    __user_libspace                          0x00000231   Thumb Code     8  libspace.o(.text)
    __user_perproc_libspace                  0x00000231   Thumb Code     0  libspace.o(.text)
    __user_perthread_libspace                0x00000231   Thumb Code     0  libspace.o(.text)
    _sys_exit                                0x00000239   Thumb Code     8  sys_exit.o(.text)
    __I$use$semihosting                      0x00000245   Thumb Code     0  use_no_semi.o(.text)
    __use_no_semihosting_swi                 0x00000245   Thumb Code     2  use_no_semi.o(.text)
    BitmapClear                              0x00000247   Thumb Code    12  bitmap.o(i.BitmapClear)
    __semihosting_library_function           0x00000247   Thumb Code     0  indicate_semi.o(.text)
    BitmapInit                               0x00000253   Thumb Code     6  bitmap.o(i.BitmapInit)
    BitmapSet                                0x00000259   Thumb Code    12  bitmap.o(i.BitmapSet)
    GetBitmapFirstSet                        0x00000265   Thumb Code    82  bitmap.o(i.GetBitmapFirstSet)
    GetBitmapPosCount                        0x000002bd   Thumb Code     4  bitmap.o(i.GetBitmapPosCount)
    ListAddHead                              0x000002c1   Thumb Code    20  list.o(i.ListAddHead)
    ListInit                                 0x000002d5   Thumb Code    10  list.o(i.ListInit)
    ListRemoveFirst                          0x000002df   Thumb Code    26  list.o(i.ListRemoveFirst)
    NodeInit                                 0x000002f9   Thumb Code     6  list.o(i.NodeInit)
    SetSysTickPeriod                         0x00000301   Thumb Code    74  main.o(i.SetSysTickPeriod)
    SysTick_Handler                          0x00000359   Thumb Code     8  main.o(i.SysTick_Handler)
    SystemInit                               0x00000361   Thumb Code     8  system_armcm4.o(i.SystemInit)
    TaskDelay                                0x00000371   Thumb Code    40  main.o(i.TaskDelay)
    TaskEnterCritical                        0x000003a1   Thumb Code    12  switch.o(i.TaskEnterCritical)
    TaskExitCritical                         0x000003ad   Thumb Code    10  switch.o(i.TaskExitCritical)
    TaskHighestReady                         0x000003b9   Thumb Code    18  main.o(i.TaskHighestReady)
    TaskInit                                 0x000003d5   Thumb Code   168  main.o(i.TaskInit)
    TaskRunFirst                             0x00000485   Thumb Code    24  switch.o(i.TaskRunFirst)
    TaskSched                                0x000004a1   Thumb Code    56  main.o(i.TaskSched)
    TaskSchedInit                            0x000004e5   Thumb Code    16  main.o(i.TaskSchedInit)
    TaskSwitch                               0x000004fd   Thumb Code    10  switch.o(i.TaskSwitch)
    TaskSystemTickHandler                    0x0000050d   Thumb Code    68  main.o(i.TaskSystemTickHandler)
    idleTaskEntry                            0x00000559   Thumb Code     4  main.o(i.idleTaskEntry)
    main                                     0x0000055d   Thumb Code    86  main.o(i.main)
    task1Entry                               0x000005e5   Thumb Code    86  main.o(i.task1Entry)
    task2Entry                               0x00000649   Thumb Code    26  main.o(i.task2Entry)
    Region$$Table$$Base                      0x00000768   Number         0  anon$$obj.o(Region$$Table)
    Region$$Table$$Limit                     0x00000788   Number         0  anon$$obj.o(Region$$Table)
    currentTask                              0x20000000   Data           4  main.o(.data)
    nextTask                                 0x20000004   Data           4  main.o(.data)
    idleTaskPtr                              0x20000008   Data           4  main.o(.data)
    schedLockCount                           0x2000000c   Data           1  main.o(.data)
    taskPriorityBitamp                       0x20000010   Data           4  main.o(.data)
    ShareCount                               0x20000014   Data           4  main.o(.data)
    task1Flag                                0x20000018   Data           4  main.o(.data)
    task2Flag                                0x2000001c   Data           4  main.o(.data)
    SystemCoreClock                          0x20000020   Data           4  system_armcm4.o(.data)
    taskTable                                0x20000024   Data         128  main.o(.bss)
    Task1                                    0x200000a4   Data          12  main.o(.bss)
    Task2                                    0x200000b0   Data          12  main.o(.bss)
    Task1Env                                 0x200000bc   Data          96  main.o(.bss)
    Task2Env                                 0x2000011c   Data          96  main.o(.bss)
    list                                     0x2000017c   Data          12  main.o(.bss)
    node                                     0x20000188   Data          64  main.o(.bss)
    idleTask                                 0x200001c8   Data          12  main.o(.bss)
    idleTaskEnv                              0x200001d4   Data          96  main.o(.bss)
    __libspace_start                         0x20000234   Data          96  libspace.o(.bss)
    __temporary_stack_top$libspace           0x20000294   Data           0  libspace.o(.bss)



==============================================================================

Memory Map of the image

  Image Entry point : 0x000000c1

  Load Region LR_IROM1 (Base: 0x00000000, Size: 0x000007ac, Max: 0x00080000, ABSOLUTE)

    Execution Region ER_IROM1 (Base: 0x00000000, Size: 0x00000788, Max: 0x00080000, ABSOLUTE)

    Base Addr    Size         Type   Attr      Idx    E Section Name        Object

    0x00000000   0x000000c0   Data   RO          325    RESET               startup_armcm4.o
    0x000000c0   0x00000008   Code   RO          370  * !!!main             c_w.l(__main.o)
    0x000000c8   0x00000034   Code   RO          527    !!!scatter          c_w.l(__scatter.o)
    0x000000fc   0x0000001a   Code   RO          529    !!handler_copy      c_w.l(__scatter_copy.o)
    0x00000116   0x00000002   PAD
    0x00000118   0x0000001c   Code   RO          531    !!handler_zi        c_w.l(__scatter_zi.o)
    0x00000134   0x00000002   Code   RO          397    .ARM.Collect$$libinit$$00000000  c_w.l(libinit.o)
    0x00000136   0x00000000   Code   RO          404    .ARM.Collect$$libinit$$00000002  c_w.l(libinit2.o)
    0x00000136   0x00000000   Code   RO          406    .ARM.Collect$$libinit$$00000004  c_w.l(libinit2.o)
    0x00000136   0x00000000   Code   RO          409    .ARM.Collect$$libinit$$0000000A  c_w.l(libinit2.o)
    0x00000136   0x00000000   Code   RO          411    .ARM.Collect$$libinit$$0000000C  c_w.l(libinit2.o)
    0x00000136   0x00000000   Code   RO          413    .ARM.Collect$$libinit$$0000000E  c_w.l(libinit2.o)
    0x00000136   0x00000000   Code   RO          416    .ARM.Collect$$libinit$$00000011  c_w.l(libinit2.o)
    0x00000136   0x00000000   Code   RO          418    .ARM.Collect$$libinit$$00000013  c_w.l(libinit2.o)
    0x00000136   0x00000000   Code   RO          420    .ARM.Collect$$libinit$$00000015  c_w.l(libinit2.o)
    0x00000136   0x00000000   Code   RO          422    .ARM.Collect$$libinit$$00000017  c_w.l(libinit2.o)
    0x00000136   0x00000000   Code   RO          424    .ARM.Collect$$libinit$$00000019  c_w.l(libinit2.o)
    0x00000136   0x00000000   Code   RO          426    .ARM.Collect$$libinit$$0000001B  c_w.l(libinit2.o)
    0x00000136   0x00000000   Code   RO          428    .ARM.Collect$$libinit$$0000001D  c_w.l(libinit2.o)
    0x00000136   0x00000000   Code   RO          430    .ARM.Collect$$libinit$$0000001F  c_w.l(libinit2.o)
    0x00000136   0x00000000   Code   RO          432    .ARM.Collect$$libinit$$00000021  c_w.l(libinit2.o)
    0x00000136   0x00000000   Code   RO          434    .ARM.Collect$$libinit$$00000023  c_w.l(libinit2.o)
    0x00000136   0x00000000   Code   RO          436    .ARM.Collect$$libinit$$00000025  c_w.l(libinit2.o)
    0x00000136   0x00000000   Code   RO          440    .ARM.Collect$$libinit$$0000002C  c_w.l(libinit2.o)
    0x00000136   0x00000000   Code   RO          442    .ARM.Collect$$libinit$$0000002E  c_w.l(libinit2.o)
    0x00000136   0x00000000   Code   RO          444    .ARM.Collect$$libinit$$00000030  c_w.l(libinit2.o)
    0x00000136   0x00000000   Code   RO          446    .ARM.Collect$$libinit$$00000032  c_w.l(libinit2.o)
    0x00000136   0x00000002   Code   RO          447    .ARM.Collect$$libinit$$00000033  c_w.l(libinit2.o)
    0x00000138   0x00000002   Code   RO          467    .ARM.Collect$$libshutdown$$00000000  c_w.l(libshutdown.o)
    0x0000013a   0x00000000   Code   RO          480    .ARM.Collect$$libshutdown$$00000002  c_w.l(libshutdown2.o)
    0x0000013a   0x00000000   Code   RO          482    .ARM.Collect$$libshutdown$$00000004  c_w.l(libshutdown2.o)
    0x0000013a   0x00000000   Code   RO          485    .ARM.Collect$$libshutdown$$00000007  c_w.l(libshutdown2.o)
    0x0000013a   0x00000000   Code   RO          488    .ARM.Collect$$libshutdown$$0000000A  c_w.l(libshutdown2.o)
    0x0000013a   0x00000000   Code   RO          490    .ARM.Collect$$libshutdown$$0000000C  c_w.l(libshutdown2.o)
    0x0000013a   0x00000000   Code   RO          493    .ARM.Collect$$libshutdown$$0000000F  c_w.l(libshutdown2.o)
    0x0000013a   0x00000002   Code   RO          494    .ARM.Collect$$libshutdown$$00000010  c_w.l(libshutdown2.o)
    0x0000013c   0x00000000   Code   RO          372    .ARM.Collect$$rtentry$$00000000  c_w.l(__rtentry.o)
    0x0000013c   0x00000000   Code   RO          374    .ARM.Collect$$rtentry$$00000002  c_w.l(__rtentry2.o)
    0x0000013c   0x00000006   Code   RO          386    .ARM.Collect$$rtentry$$00000004  c_w.l(__rtentry4.o)
    0x00000142   0x00000000   Code   RO          376    .ARM.Collect$$rtentry$$00000009  c_w.l(__rtentry2.o)
    0x00000142   0x00000004   Code   RO          377    .ARM.Collect$$rtentry$$0000000A  c_w.l(__rtentry2.o)
    0x00000146   0x00000000   Code   RO          379    .ARM.Collect$$rtentry$$0000000C  c_w.l(__rtentry2.o)
    0x00000146   0x00000008   Code   RO          380    .ARM.Collect$$rtentry$$0000000D  c_w.l(__rtentry2.o)
    0x0000014e   0x00000002   Code   RO          401    .ARM.Collect$$rtexit$$00000000  c_w.l(rtexit.o)
    0x00000150   0x00000000   Code   RO          449    .ARM.Collect$$rtexit$$00000002  c_w.l(rtexit2.o)
    0x00000150   0x00000004   Code   RO          450    .ARM.Collect$$rtexit$$00000003  c_w.l(rtexit2.o)
    0x00000154   0x00000006   Code   RO          451    .ARM.Collect$$rtexit$$00000004  c_w.l(rtexit2.o)
    0x0000015a   0x00000002   PAD
    0x0000015c   0x00000030   Code   RO          148    .emb_text           switch.o
    0x0000018c   0x00000040   Code   RO          326    .text               startup_armcm4.o
    0x000001cc   0x00000006   Code   RO          368    .text               c_w.l(heapauxi.o)
    0x000001d2   0x0000004a   Code   RO          388    .text               c_w.l(sys_stackheap_outer.o)
    0x0000021c   0x00000012   Code   RO          390    .text               c_w.l(exit.o)
    0x0000022e   0x00000002   PAD
    0x00000230   0x00000008   Code   RO          398    .text               c_w.l(libspace.o)
    0x00000238   0x0000000c   Code   RO          459    .text               c_w.l(sys_exit.o)
    0x00000244   0x00000002   Code   RO          470    .text               c_w.l(use_no_semi.o)
    0x00000246   0x00000000   Code   RO          472    .text               c_w.l(indicate_semi.o)
    0x00000246   0x0000000c   Code   RO          202    i.BitmapClear       bitmap.o
    0x00000252   0x00000006   Code   RO          203    i.BitmapInit        bitmap.o
    0x00000258   0x0000000c   Code   RO          204    i.BitmapSet         bitmap.o
    0x00000264   0x00000058   Code   RO          205    i.GetBitmapFirstSet  bitmap.o
    0x000002bc   0x00000004   Code   RO          206    i.GetBitmapPosCount  bitmap.o
    0x000002c0   0x00000014   Code   RO          240    i.ListAddHead       list.o
    0x000002d4   0x0000000a   Code   RO          243    i.ListInit          list.o
    0x000002de   0x0000001a   Code   RO          249    i.ListRemoveFirst   list.o
    0x000002f8   0x00000006   Code   RO          251    i.NodeInit          list.o
    0x000002fe   0x00000002   PAD
    0x00000300   0x00000058   Code   RO            4    i.SetSysTickPeriod  main.o
    0x00000358   0x00000008   Code   RO            5    i.SysTick_Handler   main.o
    0x00000360   0x00000010   Code   RO          334    i.SystemInit        system_armcm4.o
    0x00000370   0x00000030   Code   RO            6    i.TaskDelay         main.o
    0x000003a0   0x0000000c   Code   RO          149    i.TaskEnterCritical  switch.o
    0x000003ac   0x0000000a   Code   RO          150    i.TaskExitCritical  switch.o
    0x000003b6   0x00000002   PAD
    0x000003b8   0x0000001c   Code   RO            7    i.TaskHighestReady  main.o
    0x000003d4   0x000000b0   Code   RO            8    i.TaskInit          main.o
    0x00000484   0x0000001c   Code   RO          151    i.TaskRunFirst      switch.o
    0x000004a0   0x00000044   Code   RO            9    i.TaskSched         main.o
    0x000004e4   0x00000018   Code   RO           12    i.TaskSchedInit     main.o
    0x000004fc   0x00000010   Code   RO          152    i.TaskSwitch        switch.o
    0x0000050c   0x0000004c   Code   RO           13    i.TaskSystemTickHandler  main.o
    0x00000558   0x00000004   Code   RO           14    i.idleTaskEntry     main.o
    0x0000055c   0x00000088   Code   RO           15    i.main              main.o
    0x000005e4   0x00000064   Code   RO           16    i.task1Entry        main.o
    0x00000648   0x00000020   Code   RO           17    i.task2Entry        main.o
    0x00000668   0x00000100   Data   RO          207    .constdata          bitmap.o
    0x00000768   0x00000020   Data   RO          525    Region$$Table       anon$$obj.o


    Execution Region RW_IRAM1 (Base: 0x20000000, Size: 0x00001298, Max: 0x00020000, ABSOLUTE)

    Base Addr    Size         Type   Attr      Idx    E Section Name        Object

    0x20000000   0x00000020   Data   RW           19    .data               main.o
    0x20000020   0x00000004   Data   RW          335    .data               system_armcm4.o
    0x20000024   0x00000210   Zero   RW           18    .bss                main.o
    0x20000234   0x00000060   Zero   RW          399    .bss                c_w.l(libspace.o)
    0x20000294   0x00000004   PAD
    0x20000298   0x00000c00   Zero   RW          324    HEAP                startup_armcm4.o
    0x20000e98   0x00000400   Zero   RW          323    STACK               startup_armcm4.o


==============================================================================

Image component sizes


      Code (inc. data)   RO Data    RW Data    ZI Data      Debug   Object Name

       122          6        256          0          0       2839   bitmap.o
        62          0          0          0          0       2278   list.o
       788        138          0         32        528      40554   main.o
        64         26        192          0       4096        856   startup_armcm4.o
       114         18          0          0          0       6883   switch.o
        16          8          0          4          0        731   system_armcm4.o

    ----------------------------------------------------------------------
      1170        196        480         36       4624      54141   Object Totals
         0          0         32          0          0          0   (incl. Generated)
         4          0          0          0          0          0   (incl. Padding)

    ----------------------------------------------------------------------

      Code (inc. data)   RO Data    RW Data    ZI Data      Debug   Library Member Name

         8          0          0          0          0         68   __main.o
         0          0          0          0          0          0   __rtentry.o
        12          0          0          0          0          0   __rtentry2.o
         6          0          0          0          0          0   __rtentry4.o
        52          8          0          0          0          0   __scatter.o
        26          0          0          0          0          0   __scatter_copy.o
        28          0          0          0          0          0   __scatter_zi.o
        18          0          0          0          0         80   exit.o
         6          0          0          0          0        152   heapauxi.o
         0          0          0          0          0          0   indicate_semi.o
         2          0          0          0          0          0   libinit.o
         2          0          0          0          0          0   libinit2.o
         2          0          0          0          0          0   libshutdown.o
         2          0          0          0          0          0   libshutdown2.o
         8          4          0          0         96         68   libspace.o
         2          0          0          0          0          0   rtexit.o
        10          0          0          0          0          0   rtexit2.o
        12          4          0          0          0         68   sys_exit.o
        74          0          0          0          0         80   sys_stackheap_outer.o
         2          0          0          0          0         68   use_no_semi.o

    ----------------------------------------------------------------------
       278         16          0          0        100        584   Library Totals
         6          0          0          0          4          0   (incl. Padding)

    ----------------------------------------------------------------------

      Code (inc. data)   RO Data    RW Data    ZI Data      Debug   Library Name

       272         16          0          0         96        584   c_w.l

    ----------------------------------------------------------------------
       278         16          0          0        100        584   Library Totals

    ----------------------------------------------------------------------

==============================================================================


      Code (inc. data)   RO Data    RW Data    ZI Data      Debug   

      1448        212        480         36       4724      53369   Grand Totals
      1448        212        480         36       4724      53369   ELF Image Totals
      1448        212        480         36          0          0   ROM Totals

==============================================================================

    Total RO  Size (Code + RO Data)                 1928 (   1.88kB)
    Total RW  Size (RW Data + ZI Data)              4760 (   4.65kB)
    Total ROM Size (Code + RO Data + RW Data)       1964 (   1.92kB)

==============================================================================

