<html>
<body>
<pre>
<h1>礦ision Build Log</h1>
<h2>Tool Versions:</h2>
IDE-Version: μVision V5.21.1.0
Copyright (C) 2016 ARM Ltd and ARM Germany GmbH. All rights reserved.
License Information: xi Administrator, he, LIC=QF82M-XZGKA-MML9I-TN6U5-I7FG8-UURFA
 
Tool Versions:
Toolchain:       MDK-ARM Plus  Version: 5.21a
Toolchain Path:  E:\Keil_v5\ARM\ARMCC\Bin
C Compiler:      Armcc.exe V5.06 update 3 (build 300)
Assembler:       Armasm.exe V5.06 update 3 (build 300)
Linker/Locator:  ArmLink.exe V5.06 update 3 (build 300)
Library Manager: ArmAr.exe V5.06 update 3 (build 300)
Hex Converter:   FromElf.exe V5.06 update 3 (build 300)
CPU DLL:         SARMCM3.DLL V5.21a
Dialog DLL:      DCM.DLL V1.13.8.0
Target DLL:      UL2CM3.DLL V1.158.5.0
Dialog DLL:      TCM.DLL V1.14.14.0
 
<h2>Project:</h2>
D:\嵌入式操作系统\TARDIS\3. 内核核心实现\4. 多优先级任务\TARDIS_OS.uvprojx
Project File Date:  05/25/2022

<h2>Output:</h2>
*** Using Compiler 'V5.06 update 3 (build 300)', folder: 'E:\Keil_v5\ARM\ARMCC\Bin'
Rebuild target 'TARDIS'
assembling startup_ARMCM4.s...
compiling Bitmap.c...
compiling system_ARMCM4.c...
compiling switch.c...
compiling main.c...
linking...
Program Size: Code=1320 RO-data=480 RW-data=40 ZI-data=4648  
".\Objects\TARDIS_OS.axf" - 0 Error(s), 0 Warning(s).

<h2>Software Packages used:</h2>

Package Vendor: ARM
                http://www.keil.com/pack/ARM.CMSIS.4.5.0.pack
                ARM::Device:Startup:1.0.1
                CMSIS (Cortex Microcontroller Software Interface Standard)
   * Component: Startup Version: 1.0.1
   * Component: CORE Version: 4.3.0

<h2>Collection of Component include folders:</h2>
  D:\嵌入式操作系统\TARDIS\3. 内核核心实现\4. 多优先级任务\RTE
  E:\Keil_v5\ARM\PACK\ARM\CMSIS\4.5.0\CMSIS\Include
  E:\Keil_v5\ARM\PACK\ARM\CMSIS\4.5.0\Device\ARM\ARMCM4\Include

<h2>Collection of Component Files used:</h2>

   * Component: ARM::Device:Startup:1.0.1
      Source file:   Device\ARM\ARMCM4\Source\ARM\startup_ARMCM4.s
      Source file:   Device\ARM\ARMCM4\Source\system_ARMCM4.c

   * Component: ARM::CMSIS:CORE:4.3.0
Build Time Elapsed:  00:00:00
</pre>
</body>
</html>
