Component: ARM Compiler 5.06 update 3 (build 300) Tool: armlink [4d35c9]

==============================================================================

Section Cross References

    main.o(i.CpuUsageGet) refers to switch.o(i.TaskEnterCritical) for TaskEnterCritical
    main.o(i.CpuUsageGet) refers to switch.o(i.TaskExitCritical) for TaskExitCritical
    main.o(i.CpuUsageGet) refers to main.o(.data) for cpuUsage
    main.o(i.TaskHighestReady) refers to bitmap.o(i.GetBitmapFirstSet) for GetBitmapFirstSet
    main.o(i.TaskHighestReady) refers to list.o(i.ListFirstNode) for ListFirstNode
    main.o(i.TaskHighestReady) refers to main.o(.data) for taskPriorityBitamp
    main.o(i.TaskHighestReady) refers to main.o(.bss) for taskTable
    main.o(i.TaskSched) refers to switch.o(i.TaskEnterCritical) for TaskEnterCritical
    main.o(i.TaskSched) refers to switch.o(i.TaskExitCritical) for TaskExitCritical
    main.o(i.TaskSched) refers to main.o(i.TaskHighestReady) for TaskHighestReady
    main.o(i.TaskSched) refers to switch.o(i.TaskSwitch) for TaskSwitch
    main.o(i.TaskSched) refers to main.o(.data) for schedLockCount
    main.o(i.TaskSchedDisable) refers to switch.o(i.TaskEnterCritical) for TaskEnterCritical
    main.o(i.TaskSchedDisable) refers to switch.o(i.TaskExitCritical) for TaskExitCritical
    main.o(i.TaskSchedDisable) refers to main.o(.data) for schedLockCount
    main.o(i.TaskSchedEnable) refers to switch.o(i.TaskEnterCritical) for TaskEnterCritical
    main.o(i.TaskSchedEnable) refers to main.o(i.TaskSched) for TaskSched
    main.o(i.TaskSchedEnable) refers to switch.o(i.TaskExitCritical) for TaskExitCritical
    main.o(i.TaskSchedEnable) refers to main.o(.data) for schedLockCount
    main.o(i.TaskSchedInit) refers to bitmap.o(i.BitmapInit) for BitmapInit
    main.o(i.TaskSchedInit) refers to list.o(i.ListInit) for ListInit
    main.o(i.TaskSchedInit) refers to main.o(.data) for schedLockCount
    main.o(i.TaskSchedInit) refers to main.o(.bss) for taskTable
    main.o(i.TaskSchedRdy) refers to list.o(i.ListAddHead) for ListAddHead
    main.o(i.TaskSchedRdy) refers to bitmap.o(i.BitmapSet) for BitmapSet
    main.o(i.TaskSchedRdy) refers to main.o(.bss) for taskTable
    main.o(i.TaskSchedRdy) refers to main.o(.data) for taskPriorityBitamp
    main.o(i.TaskSchedRemove) refers to list.o(i.ListRemoveNode) for ListRemoveNode
    main.o(i.TaskSchedRemove) refers to list.o(i.GetListCount) for GetListCount
    main.o(i.TaskSchedRemove) refers to bitmap.o(i.BitmapClear) for BitmapClear
    main.o(i.TaskSchedRemove) refers to main.o(.bss) for taskTable
    main.o(i.TaskSchedRemove) refers to main.o(.data) for taskPriorityBitamp
    main.o(i.TaskSchedUnRdy) refers to list.o(i.ListRemoveNode) for ListRemoveNode
    main.o(i.TaskSchedUnRdy) refers to list.o(i.GetListCount) for GetListCount
    main.o(i.TaskSchedUnRdy) refers to bitmap.o(i.BitmapClear) for BitmapClear
    main.o(i.TaskSchedUnRdy) refers to main.o(.bss) for taskTable
    main.o(i.TaskSchedUnRdy) refers to main.o(.data) for taskPriorityBitamp
    main.o(i.TaskSystemTickHandler) refers to switch.o(i.TaskEnterCritical) for TaskEnterCritical
    main.o(i.TaskSystemTickHandler) refers to event.o(i.EventRemoveTask) for EventRemoveTask
    main.o(i.TaskSystemTickHandler) refers to main.o(i.TimeTaskWakeUp) for TimeTaskWakeUp
    main.o(i.TaskSystemTickHandler) refers to main.o(i.TaskSchedRdy) for TaskSchedRdy
    main.o(i.TaskSystemTickHandler) refers to list.o(i.GetListCount) for GetListCount
    main.o(i.TaskSystemTickHandler) refers to list.o(i.ListRemoveFirst) for ListRemoveFirst
    main.o(i.TaskSystemTickHandler) refers to list.o(i.ListAddTail) for ListAddTail
    main.o(i.TaskSystemTickHandler) refers to main.o(i.checkCpuUsage) for checkCpuUsage
    main.o(i.TaskSystemTickHandler) refers to switch.o(i.TaskExitCritical) for TaskExitCritical
    main.o(i.TaskSystemTickHandler) refers to timer.o(i.TimerModuleTickNotify) for TimerModuleTickNotify
    main.o(i.TaskSystemTickHandler) refers to main.o(i.TaskSched) for TaskSched
    main.o(i.TaskSystemTickHandler) refers to main.o(.bss) for taskDelayedList
    main.o(i.TaskSystemTickHandler) refers to main.o(.data) for currentTask
    main.o(i.TimeTaskRemove) refers to list.o(i.ListRemoveNode) for ListRemoveNode
    main.o(i.TimeTaskRemove) refers to main.o(.bss) for taskDelayedList
    main.o(i.TimeTaskWait) refers to list.o(i.ListAddHead) for ListAddHead
    main.o(i.TimeTaskWait) refers to main.o(.bss) for taskDelayedList
    main.o(i.TimeTaskWakeUp) refers to list.o(i.ListRemoveNode) for ListRemoveNode
    main.o(i.TimeTaskWakeUp) refers to main.o(.bss) for taskDelayedList
    main.o(i.TimeTickInit) refers to main.o(.data) for tickCount
    main.o(i.checkCpuUsage) refers to main.o(i.TaskSchedEnable) for TaskSchedEnable
    main.o(i.checkCpuUsage) refers to dflt_clz.o(x$fpl$dfltu) for __aeabi_ui2d
[...]
    memoryblock.o(i.MemBlockInit) refers to list.o(i.ListInit) for ListInit
    memoryblock.o(i.MemBlockInit) refers to list.o(i.NodeInit) for NodeInit
    memoryblock.o(i.MemBlockInit) refers to list.o(i.ListAddTail) for ListAddTail
    memoryblock.o(i.MemBlockNoWait) refers to switch.o(i.TaskEnterCritical) for TaskEnterCritical
    memoryblock.o(i.MemBlockNoWait) refers to list.o(i.GetListCount) for GetListCount
    memoryblock.o(i.MemBlockNoWait) refers to list.o(i.ListRemoveFirst) for ListRemoveFirst
    memoryblock.o(i.MemBlockNoWait) refers to switch.o(i.TaskExitCritical) for TaskExitCritical
    memoryblock.o(i.MemBlockNotify) refers to switch.o(i.TaskEnterCritical) for TaskEnterCritical
    memoryblock.o(i.MemBlockNotify) refers to event.o(i.EventWaitCount) for EventWaitCount
    memoryblock.o(i.MemBlockNotify) refers to event.o(i.EventWakeUp) for EventWakeUp
    memoryblock.o(i.MemBlockNotify) refers to main.o(i.TaskSched) for TaskSched
    memoryblock.o(i.MemBlockNotify) refers to list.o(i.ListAddHead) for ListAddHead
    memoryblock.o(i.MemBlockNotify) refers to switch.o(i.TaskExitCritical) for TaskExitCritical
    memoryblock.o(i.MemBlockNotify) refers to main.o(.data) for currentTask
    memoryblock.o(i.MemBlockWait) refers to switch.o(i.TaskEnterCritical) for TaskEnterCritical
    memoryblock.o(i.MemBlockWait) refers to list.o(i.GetListCount) for GetListCount
    memoryblock.o(i.MemBlockWait) refers to list.o(i.ListRemoveFirst) for ListRemoveFirst
    memoryblock.o(i.MemBlockWait) refers to switch.o(i.TaskExitCritical) for TaskExitCritical
    memoryblock.o(i.MemBlockWait) refers to event.o(i.EventWait) for EventWait
    memoryblock.o(i.MemBlockWait) refers to main.o(i.TaskSched) for TaskSched
    memoryblock.o(i.MemBlockWait) refers to main.o(.data) for currentTask
    flaggroup.o(i.FlagGroupDestoty) refers to switch.o(i.TaskEnterCritical) for TaskEnterCritical
    flaggroup.o(i.FlagGroupDestoty) refers to event.o(i.EventRemoveAll) for EventRemoveAll
    flaggroup.o(i.FlagGroupDestoty) refers to switch.o(i.TaskExitCritical) for TaskExitCritical
    flaggroup.o(i.FlagGroupDestoty) refers to main.o(i.TaskSched) for TaskSched
    flaggroup.o(i.FlagGroupInit) refers to event.o(i.EventInit) for EventInit
    flaggroup.o(i.FlagGroupNoWait) refers to switch.o(i.TaskEnterCritical) for TaskEnterCritical
    flaggroup.o(i.FlagGroupNoWait) refers to flaggroup.o(i.FlagGroupCheckAndConsume) for FlagGroupCheckAndConsume
    flaggroup.o(i.FlagGroupNoWait) refers to switch.o(i.TaskExitCritical) for TaskExitCritical
    flaggroup.o(i.FlagGroupNotify) refers to switch.o(i.TaskEnterCritical) for TaskEnterCritical
    flaggroup.o(i.FlagGroupNotify) refers to flaggroup.o(i.FlagGroupCheckAndConsume) for FlagGroupCheckAndConsume
    flaggroup.o(i.FlagGroupNotify) refers to event.o(i.EventWakeUpTask) for EventWakeUpTask
    flaggroup.o(i.FlagGroupNotify) refers to main.o(i.TaskSched) for TaskSched
    flaggroup.o(i.FlagGroupNotify) refers to switch.o(i.TaskExitCritical) for TaskExitCritical
    flaggroup.o(i.FlagGroupWait) refers to switch.o(i.TaskEnterCritical) for TaskEnterCritical
    flaggroup.o(i.FlagGroupWait) refers to flaggroup.o(i.FlagGroupCheckAndConsume) for FlagGroupCheckAndConsume
    flaggroup.o(i.FlagGroupWait) refers to event.o(i.EventWait) for EventWait
    flaggroup.o(i.FlagGroupWait) refers to switch.o(i.TaskExitCritical) for TaskExitCritical
    flaggroup.o(i.FlagGroupWait) refers to main.o(i.TaskSched) for TaskSched
    flaggroup.o(i.FlagGroupWait) refers to main.o(.data) for currentTask
    flaggroup.o(i.GetFlagGroupInfo) refers to switch.o(i.TaskEnterCritical) for TaskEnterCritical
    flaggroup.o(i.GetFlagGroupInfo) refers to event.o(i.EventWaitCount) for EventWaitCount
    flaggroup.o(i.GetFlagGroupInfo) refers to switch.o(i.TaskExitCritical) for TaskExitCritical
    mutexsemaphore.o(i.GetMutexInfo) refers to switch.o(i.TaskEnterCritical) for TaskEnterCritical
    mutexsemaphore.o(i.GetMutexInfo) refers to event.o(i.EventWaitCount) for EventWaitCount
    mutexsemaphore.o(i.GetMutexInfo) refers to switch.o(i.TaskExitCritical) for TaskExitCritical
    mutexsemaphore.o(i.MutexDestory) refers to switch.o(i.TaskEnterCritical) for TaskEnterCritical
    mutexsemaphore.o(i.MutexDestory) refers to main.o(i.TaskSchedUnRdy) for TaskSchedUnRdy
    mutexsemaphore.o(i.MutexDestory) refers to main.o(i.TaskSchedRdy) for TaskSchedRdy
    mutexsemaphore.o(i.MutexDestory) refers to event.o(i.EventRemoveAll) for EventRemoveAll
    mutexsemaphore.o(i.MutexDestory) refers to main.o(i.TaskSched) for TaskSched
    mutexsemaphore.o(i.MutexDestory) refers to switch.o(i.TaskExitCritical) for TaskExitCritical
    mutexsemaphore.o(i.MutexInit) refers to event.o(i.EventInit) for EventInit
    mutexsemaphore.o(i.MutexNoWait) refers to switch.o(i.TaskEnterCritical) for TaskEnterCritical
    mutexsemaphore.o(i.MutexNoWait) refers to switch.o(i.TaskExitCritical) for TaskExitCritical
    mutexsemaphore.o(i.MutexNoWait) refers to main.o(.data) for currentTask
    mutexsemaphore.o(i.MutexNotify) refers to switch.o(i.TaskEnterCritical) for TaskEnterCritical
    mutexsemaphore.o(i.MutexNotify) refers to switch.o(i.TaskExitCritical) for TaskExitCritical
    mutexsemaphore.o(i.MutexNotify) refers to main.o(i.TaskSchedUnRdy) for TaskSchedUnRdy
    mutexsemaphore.o(i.MutexNotify) refers to main.o(i.TaskSchedRdy) for TaskSchedRdy
    mutexsemaphore.o(i.MutexNotify) refers to event.o(i.EventWaitCount) for EventWaitCount
    mutexsemaphore.o(i.MutexNotify) refers to event.o(i.EventWakeUp) for EventWakeUp
    mutexsemaphore.o(i.MutexNotify) refers to main.o(i.TaskSched) for TaskSched
    mutexsemaphore.o(i.MutexNotify) refers to main.o(.data) for currentTask
    mutexsemaphore.o(i.MutexWait) refers to switch.o(i.TaskEnterCritical) for TaskEnterCritical
    mutexsemaphore.o(i.MutexWait) refers to switch.o(i.TaskExitCritical) for TaskExitCritical
    mutexsemaphore.o(i.MutexWait) refers to main.o(i.TaskSchedUnRdy) for TaskSchedUnRdy
    mutexsemaphore.o(i.MutexWait) refers to main.o(i.TaskSchedRdy) for TaskSchedRdy
    mutexsemaphore.o(i.MutexWait) refers to event.o(i.EventWait) for EventWait
    mutexsemaphore.o(i.MutexWait) refers to main.o(i.TaskSched) for TaskSched
    mutexsemaphore.o(i.MutexWait) refers to main.o(.data) for currentTask
    timer.o(i.GetTimerInfo) refers to switch.o(i.TaskEnterCritical) for TaskEnterCritical
    timer.o(i.GetTimerInfo) refers to switch.o(i.TaskExitCritical) for TaskExitCritical
    timer.o(i.TimerCallFuncList) refers to list.o(i.ListRemoveNode) for ListRemoveNode
    timer.o(i.TimerDestory) refers to timer.o(i.TimerStop) for TimerStop
    timer.o(i.TimerInit) refers to list.o(i.NodeInit) for NodeInit
    timer.o(i.TimerInitTask) refers to task.o(i.TaskInit) for TaskInit
    timer.o(i.TimerInitTask) refers to timer.o(.bss) for TimerTaskStack
    timer.o(i.TimerInitTask) refers to timer.o(i.TimerSoftTask) for TimerSoftTask
    timer.o(i.TimerModuleInit) refers to list.o(i.ListInit) for ListInit
    timer.o(i.TimerModuleInit) refers to semaphore.o(i.SemaphoreInit) for SemaphoreInit
    timer.o(i.TimerModuleInit) refers to timer.o(.bss) for TimerHardList
    timer.o(i.TimerModuleTickNotify) refers to switch.o(i.TaskEnterCritical) for TaskEnterCritical
    timer.o(i.TimerModuleTickNotify) refers to timer.o(i.TimerCallFuncList) for TimerCallFuncList
    timer.o(i.TimerModuleTickNotify) refers to switch.o(i.TaskExitCritical) for TaskExitCritical
    timer.o(i.TimerModuleTickNotify) refers to semaphore.o(i.SemNotify) for SemNotify
    timer.o(i.TimerModuleTickNotify) refers to timer.o(.bss) for TimerHardList
    timer.o(i.TimerSoftTask) refers to semaphore.o(i.SemWait) for SemWait
    timer.o(i.TimerSoftTask) refers to timer.o(i.TimerCallFuncList) for TimerCallFuncList
    timer.o(i.TimerSoftTask) refers to semaphore.o(i.SemNotify) for SemNotify
    timer.o(i.TimerSoftTask) refers to timer.o(.bss) for TimerTickSem
    timer.o(i.TimerStart) refers to switch.o(i.TaskEnterCritical) for TaskEnterCritical
    timer.o(i.TimerStart) refers to list.o(i.ListAddHead) for ListAddHead
    timer.o(i.TimerStart) refers to switch.o(i.TaskExitCritical) for TaskExitCritical
    timer.o(i.TimerStart) refers to semaphore.o(i.SemWait) for SemWait
    timer.o(i.TimerStart) refers to semaphore.o(i.SemNotify) for SemNotify
    timer.o(i.TimerStart) refers to timer.o(.bss) for TimerHardList
    timer.o(i.TimerStop) refers to switch.o(i.TaskEnterCritical) for TaskEnterCritical
    timer.o(i.TimerStop) refers to list.o(i.ListRemoveNode) for ListRemoveNode
    timer.o(i.TimerStop) refers to switch.o(i.TaskExitCritical) for TaskExitCritical
    timer.o(i.TimerStop) refers to semaphore.o(i.SemWait) for SemWait
    timer.o(i.TimerStop) refers to semaphore.o(i.SemNotify) for SemNotify
    timer.o(i.TimerStop) refers to timer.o(.bss) for TimerHardList
    startup_armcm4.o(STACK) refers (Special) to heapauxi.o(.text) for __use_two_region_memory
    startup_armcm4.o(HEAP) refers (Special) to heapauxi.o(.text) for __use_two_region_memory
    startup_armcm4.o(RESET) refers (Special) to heapauxi.o(.text) for __use_two_region_memory
    startup_armcm4.o(RESET) refers to startup_armcm4.o(STACK) for __initial_sp
    startup_armcm4.o(RESET) refers to startup_armcm4.o(.text) for Reset_Handler
    startup_armcm4.o(RESET) refers to switch.o(.emb_text) for PendSV_Handler
    startup_armcm4.o(RESET) refers to cpu.o(i.SysTick_Handler) for SysTick_Handler
    startup_armcm4.o(.text) refers (Special) to heapauxi.o(.text) for __use_two_region_memory
    startup_armcm4.o(.text) refers to system_armcm4.o(i.SystemInit) for SystemInit
    startup_armcm4.o(.text) refers to __main.o(!!!main) for __main
    startup_armcm4.o(.text) refers to startup_armcm4.o(HEAP) for Heap_Mem
    startup_armcm4.o(.text) refers to startup_armcm4.o(STACK) for Stack_Mem
    system_armcm4.o(i.SystemCoreClockUpdate) refers to system_armcm4.o(.data) for SystemCoreClock
    system_armcm4.o(i.SystemInit) refers to system_armcm4.o(.data) for SystemCoreClock
    __main.o(!!!main) refers to __rtentry.o(.ARM.Collect$$rtentry$$00000000) for __rt_entry
    d2f.o(x$fpl$d2f) refers (Special) to usenofp.o(x$fpl$usenofp) for __I$use$fp
    d2f.o(x$fpl$d2f) refers to fretinf.o(x$fpl$fretinf) for __fpl_fretinf
    d2f.o(x$fpl$d2f) refers to dnaninf.o(x$fpl$dnaninf) for __fpl_dnaninf
    daddsub_clz.o(x$fpl$dadd) refers (Special) to usenofp.o(x$fpl$usenofp) for __I$use$fp
    daddsub_clz.o(x$fpl$dadd) refers to daddsub_clz.o(x$fpl$dsub) for _dsub1
    daddsub_clz.o(x$fpl$dadd) refers to dretinf.o(x$fpl$dretinf) for __fpl_dretinf
    daddsub_clz.o(x$fpl$dadd) refers to dnaninf.o(x$fpl$dnaninf) for __fpl_dnaninf
    daddsub_clz.o(x$fpl$drsb) refers (Special) to usenofp.o(x$fpl$usenofp) for __I$use$fp
    daddsub_clz.o(x$fpl$drsb) refers to daddsub_clz.o(x$fpl$dadd) for _dadd1
    daddsub_clz.o(x$fpl$drsb) refers to daddsub_clz.o(x$fpl$dsub) for _dsub1
    daddsub_clz.o(x$fpl$dsub) refers (Special) to usenofp.o(x$fpl$usenofp) for __I$use$fp
    daddsub_clz.o(x$fpl$dsub) refers to daddsub_clz.o(x$fpl$dadd) for _dadd1
    daddsub_clz.o(x$fpl$dsub) refers to dnaninf.o(x$fpl$dnaninf) for __fpl_dnaninf
    ddiv.o(x$fpl$drdiv) refers (Special) to usenofp.o(x$fpl$usenofp) for __I$use$fp
    ddiv.o(x$fpl$drdiv) refers to ddiv.o(x$fpl$ddiv) for ddiv_entry
    ddiv.o(x$fpl$ddiv) refers (Special) to usenofp.o(x$fpl$usenofp) for __I$use$fp
    ddiv.o(x$fpl$ddiv) refers to dretinf.o(x$fpl$dretinf) for __fpl_dretinf
    ddiv.o(x$fpl$ddiv) refers to dnaninf.o(x$fpl$dnaninf) for __fpl_dnaninf
    dflt_clz.o(x$fpl$dfltu) refers (Special) to usenofp.o(x$fpl$usenofp) for __I$use$fp
    dflt_clz.o(x$fpl$dflt) refers (Special) to usenofp.o(x$fpl$usenofp) for __I$use$fp
    dflt_clz.o(x$fpl$dfltn) refers (Special) to usenofp.o(x$fpl$usenofp) for __I$use$fp
    dmul.o(x$fpl$dmul) refers (Special) to usenofp.o(x$fpl$usenofp) for __I$use$fp
    dmul.o(x$fpl$dmul) refers to dretinf.o(x$fpl$dretinf) for __fpl_dretinf
    dmul.o(x$fpl$dmul) refers to dnaninf.o(x$fpl$dnaninf) for __fpl_dnaninf
    __rtentry.o(.ARM.Collect$$rtentry$$00000000) refers (Special) to __rtentry2.o(.ARM.Collect$$rtentry$$0000000A) for __rt_entry_li
    __rtentry.o(.ARM.Collect$$rtentry$$00000000) refers (Special) to __rtentry2.o(.ARM.Collect$$rtentry$$0000000D) for __rt_entry_main
    __rtentry.o(.ARM.Collect$$rtentry$$00000000) refers (Special) to __rtentry2.o(.ARM.Collect$$rtentry$$0000000C) for __rt_entry_postli_1
    __rtentry.o(.ARM.Collect$$rtentry$$00000000) refers (Special) to __rtentry2.o(.ARM.Collect$$rtentry$$00000009) for __rt_entry_postsh_1
    __rtentry.o(.ARM.Collect$$rtentry$$00000000) refers (Special) to __rtentry2.o(.ARM.Collect$$rtentry$$00000002) for __rt_entry_presh_1
    __rtentry.o(.ARM.Collect$$rtentry$$00000000) refers (Special) to __rtentry4.o(.ARM.Collect$$rtentry$$00000004) for __rt_entry_sh
    dnaninf.o(x$fpl$dnaninf) refers (Special) to usenofp.o(x$fpl$usenofp) for __I$use$fp
    dretinf.o(x$fpl$dretinf) refers (Special) to usenofp.o(x$fpl$usenofp) for __I$use$fp
    fretinf.o(x$fpl$fretinf) refers (Special) to usenofp.o(x$fpl$usenofp) for __I$use$fp
    __rtentry2.o(.ARM.Collect$$rtentry$$00000008) refers to boardinit2.o(.text) for _platform_post_stackheap_init
    __rtentry2.o(.ARM.Collect$$rtentry$$0000000A) refers to libinit.o(.ARM.Collect$$libinit$$00000000) for __rt_lib_init
    __rtentry2.o(.ARM.Collect$$rtentry$$0000000B) refers to boardinit3.o(.text) for _platform_post_lib_init
    __rtentry2.o(.ARM.Collect$$rtentry$$0000000D) refers to main.o(i.main) for main
    __rtentry2.o(.ARM.Collect$$rtentry$$0000000D) refers to exit.o(.text) for exit
    __rtentry2.o(.ARM.exidx) refers to __rtentry2.o(.ARM.Collect$$rtentry$$00000001) for .ARM.Collect$$rtentry$$00000001
    __rtentry2.o(.ARM.exidx) refers to __rtentry2.o(.ARM.Collect$$rtentry$$00000008) for .ARM.Collect$$rtentry$$00000008
    __rtentry2.o(.ARM.exidx) refers to __rtentry2.o(.ARM.Collect$$rtentry$$0000000A) for .ARM.Collect$$rtentry$$0000000A
    __rtentry2.o(.ARM.exidx) refers to __rtentry2.o(.ARM.Collect$$rtentry$$0000000B) for .ARM.Collect$$rtentry$$0000000B
    __rtentry2.o(.ARM.exidx) refers to __rtentry2.o(.ARM.Collect$$rtentry$$0000000D) for .ARM.Collect$$rtentry$$0000000D
    __rtentry4.o(.ARM.Collect$$rtentry$$00000004) refers to sys_stackheap_outer.o(.text) for __user_setup_stackheap
    __rtentry4.o(.ARM.exidx) refers to __rtentry4.o(.ARM.Collect$$rtentry$$00000004) for .ARM.Collect$$rtentry$$00000004
    sys_stackheap_outer.o(.text) refers to libspace.o(.text) for __user_perproc_libspace
    sys_stackheap_outer.o(.text) refers to startup_armcm4.o(.text) for __user_initial_stackheap
    exit.o(.text) refers to rtexit.o(.ARM.Collect$$rtexit$$00000000) for __rt_exit
    libinit.o(.ARM.Collect$$libinit$$00000000) refers (Special) to libinit2.o(.ARM.Collect$$libinit$$0000002E) for __rt_lib_init_alloca_1
    libinit.o(.ARM.Collect$$libinit$$00000000) refers (Special) to libinit2.o(.ARM.Collect$$libinit$$0000002C) for __rt_lib_init_argv_1
    libinit.o(.ARM.Collect$$libinit$$00000000) refers (Special) to libinit2.o(.ARM.Collect$$libinit$$0000001B) for __rt_lib_init_atexit_1
    libinit.o(.ARM.Collect$$libinit$$00000000) refers (Special) to libinit2.o(.ARM.Collect$$libinit$$00000021) for __rt_lib_init_clock_1
    libinit.o(.ARM.Collect$$libinit$$00000000) refers (Special) to libinit2.o(.ARM.Collect$$libinit$$00000032) for __rt_lib_init_cpp_1
    libinit.o(.ARM.Collect$$libinit$$00000000) refers (Special) to libinit2.o(.ARM.Collect$$libinit$$00000030) for __rt_lib_init_exceptions_1
    libinit.o(.ARM.Collect$$libinit$$00000000) refers (Special) to libinit2.o(.ARM.Collect$$libinit$$00000002) for __rt_lib_init_fp_1
    libinit.o(.ARM.Collect$$libinit$$00000000) refers (Special) to libinit2.o(.ARM.Collect$$libinit$$0000001F) for __rt_lib_init_fp_trap_1
    libinit.o(.ARM.Collect$$libinit$$00000000) refers (Special) to libinit2.o(.ARM.Collect$$libinit$$00000023) for __rt_lib_init_getenv_1
    libinit.o(.ARM.Collect$$libinit$$00000000) refers (Special) to libinit2.o(.ARM.Collect$$libinit$$0000000A) for __rt_lib_init_heap_1
    libinit.o(.ARM.Collect$$libinit$$00000000) refers (Special) to libinit2.o(.ARM.Collect$$libinit$$00000011) for __rt_lib_init_lc_collate_1
    libinit.o(.ARM.Collect$$libinit$$00000000) refers (Special) to libinit2.o(.ARM.Collect$$libinit$$00000013) for __rt_lib_init_lc_ctype_1
    libinit.o(.ARM.Collect$$libinit$$00000000) refers (Special) to libinit2.o(.ARM.Collect$$libinit$$00000015) for __rt_lib_init_lc_monetary_1
    libinit.o(.ARM.Collect$$libinit$$00000000) refers (Special) to libinit2.o(.ARM.Collect$$libinit$$00000017) for __rt_lib_init_lc_numeric_1
    libinit.o(.ARM.Collect$$libinit$$00000000) refers (Special) to libinit2.o(.ARM.Collect$$libinit$$00000019) for __rt_lib_init_lc_time_1
    libinit.o(.ARM.Collect$$libinit$$00000000) refers (Special) to libinit2.o(.ARM.Collect$$libinit$$00000004) for __rt_lib_init_preinit_1
    libinit.o(.ARM.Collect$$libinit$$00000000) refers (Special) to libinit2.o(.ARM.Collect$$libinit$$0000000E) for __rt_lib_init_rand_1
    libinit.o(.ARM.Collect$$libinit$$00000000) refers (Special) to libinit2.o(.ARM.Collect$$libinit$$00000033) for __rt_lib_init_return
    libinit.o(.ARM.Collect$$libinit$$00000000) refers (Special) to libinit2.o(.ARM.Collect$$libinit$$0000001D) for __rt_lib_init_signal_1
    libinit.o(.ARM.Collect$$libinit$$00000000) refers (Special) to libinit2.o(.ARM.Collect$$libinit$$00000025) for __rt_lib_init_stdio_1
    libinit.o(.ARM.Collect$$libinit$$00000000) refers (Special) to libinit2.o(.ARM.Collect$$libinit$$0000000C) for __rt_lib_init_user_alloc_1
    libspace.o(.text) refers to libspace.o(.bss) for __libspace_start
    rtexit.o(.ARM.Collect$$rtexit$$00000000) refers (Special) to rtexit2.o(.ARM.Collect$$rtexit$$00000004) for __rt_exit_exit
    rtexit.o(.ARM.Collect$$rtexit$$00000000) refers (Special) to rtexit2.o(.ARM.Collect$$rtexit$$00000003) for __rt_exit_ls
    rtexit.o(.ARM.Collect$$rtexit$$00000000) refers (Special) to rtexit2.o(.ARM.Collect$$rtexit$$00000002) for __rt_exit_prels_1
    rtexit.o(.ARM.exidx) refers (Special) to rtexit2.o(.ARM.Collect$$rtexit$$00000004) for __rt_exit_exit
    rtexit.o(.ARM.exidx) refers (Special) to rtexit2.o(.ARM.Collect$$rtexit$$00000003) for __rt_exit_ls
    rtexit.o(.ARM.exidx) refers (Special) to rtexit2.o(.ARM.Collect$$rtexit$$00000002) for __rt_exit_prels_1
    rtexit.o(.ARM.exidx) refers to rtexit.o(.ARM.Collect$$rtexit$$00000000) for .ARM.Collect$$rtexit$$00000000
    libinit2.o(.ARM.Collect$$libinit$$00000010) refers to libinit2.o(.ARM.Collect$$libinit$$0000000F) for .ARM.Collect$$libinit$$0000000F
    libinit2.o(.ARM.Collect$$libinit$$00000012) refers to libinit2.o(.ARM.Collect$$libinit$$0000000F) for .ARM.Collect$$libinit$$0000000F
    libinit2.o(.ARM.Collect$$libinit$$00000014) refers to libinit2.o(.ARM.Collect$$libinit$$0000000F) for .ARM.Collect$$libinit$$0000000F
    libinit2.o(.ARM.Collect$$libinit$$00000016) refers to libinit2.o(.ARM.Collect$$libinit$$0000000F) for .ARM.Collect$$libinit$$0000000F
    libinit2.o(.ARM.Collect$$libinit$$00000018) refers to libinit2.o(.ARM.Collect$$libinit$$0000000F) for .ARM.Collect$$libinit$$0000000F
    libinit2.o(.ARM.Collect$$libinit$$00000026) refers to argv_veneer.o(.emb_text) for __ARM_argv_veneer
    libinit2.o(.ARM.Collect$$libinit$$00000027) refers to argv_veneer.o(.emb_text) for __ARM_argv_veneer
    rtexit2.o(.ARM.Collect$$rtexit$$00000003) refers to libshutdown.o(.ARM.Collect$$libshutdown$$00000000) for __rt_lib_shutdown
    rtexit2.o(.ARM.Collect$$rtexit$$00000004) refers to sys_exit.o(.text) for _sys_exit
    rtexit2.o(.ARM.exidx) refers to rtexit2.o(.ARM.Collect$$rtexit$$00000001) for .ARM.Collect$$rtexit$$00000001
    rtexit2.o(.ARM.exidx) refers to rtexit2.o(.ARM.Collect$$rtexit$$00000003) for .ARM.Collect$$rtexit$$00000003
    rtexit2.o(.ARM.exidx) refers to rtexit2.o(.ARM.Collect$$rtexit$$00000004) for .ARM.Collect$$rtexit$$00000004
    argv_veneer.o(.emb_text) refers to no_argv.o(.text) for __ARM_get_argv
    sys_exit.o(.text) refers (Special) to use_no_semi.o(.text) for __I$use$semihosting
    sys_exit.o(.text) refers (Special) to indicate_semi.o(.text) for __semihosting_library_function
    _get_argv_nomalloc.o(.text) refers (Special) to hrguard.o(.text) for __heap_region$guard
    _get_argv_nomalloc.o(.text) refers to defsig_rtmem_outer.o(.text) for __rt_SIGRTMEM
    _get_argv_nomalloc.o(.text) refers to sys_command.o(.text) for _sys_command_string
    libshutdown.o(.ARM.Collect$$libshutdown$$00000000) refers (Special) to libshutdown2.o(.ARM.Collect$$libshutdown$$00000002) for __rt_lib_shutdown_cpp_1
    libshutdown.o(.ARM.Collect$$libshutdown$$00000000) refers (Special) to libshutdown2.o(.ARM.Collect$$libshutdown$$00000007) for __rt_lib_shutdown_fp_trap_1
    libshutdown.o(.ARM.Collect$$libshutdown$$00000000) refers (Special) to libshutdown2.o(.ARM.Collect$$libshutdown$$0000000F) for __rt_lib_shutdown_heap_1
    libshutdown.o(.ARM.Collect$$libshutdown$$00000000) refers (Special) to libshutdown2.o(.ARM.Collect$$libshutdown$$00000010) for __rt_lib_shutdown_return
    libshutdown.o(.ARM.Collect$$libshutdown$$00000000) refers (Special) to libshutdown2.o(.ARM.Collect$$libshutdown$$0000000A) for __rt_lib_shutdown_signal_1
    libshutdown.o(.ARM.Collect$$libshutdown$$00000000) refers (Special) to libshutdown2.o(.ARM.Collect$$libshutdown$$00000004) for __rt_lib_shutdown_stdio_1
    libshutdown.o(.ARM.Collect$$libshutdown$$00000000) refers (Special) to libshutdown2.o(.ARM.Collect$$libshutdown$$0000000C) for __rt_lib_shutdown_user_alloc_1
    sys_command.o(.text) refers (Special) to use_no_semi.o(.text) for __I$use$semihosting
    sys_command.o(.text) refers (Special) to indicate_semi.o(.text) for __semihosting_library_function
    defsig_rtmem_outer.o(.text) refers to defsig_rtmem_inner.o(.text) for __rt_SIGRTMEM_inner
    defsig_rtmem_outer.o(.text) refers to defsig_exit.o(.text) for __sig_exit
    defsig_rtmem_formal.o(.text) refers to rt_raise.o(.text) for __rt_raise
    rt_raise.o(.text) refers to __raise.o(.text) for __raise
    rt_raise.o(.text) refers to sys_exit.o(.text) for _sys_exit
    defsig_exit.o(.text) refers to sys_exit.o(.text) for _sys_exit
    defsig_rtmem_inner.o(.text) refers to defsig_general.o(.text) for __default_signal_display
    __raise.o(.text) refers to defsig.o(CL$$defsig) for __default_signal_handler
    defsig_general.o(.text) refers to sys_wrch.o(.text) for _ttywrch
    sys_wrch.o(.text) refers (Special) to use_no_semi.o(.text) for __I$use$semihosting
    sys_wrch.o(.text) refers (Special) to indicate_semi.o(.text) for __semihosting_library_function
    defsig.o(CL$$defsig) refers to defsig_rtmem_inner.o(.text) for __rt_SIGRTMEM_inner
    defsig_abrt_inner.o(.text) refers to defsig_general.o(.text) for __default_signal_display
    defsig_fpe_inner.o(.text) refers to defsig_general.o(.text) for __default_signal_display
    defsig_rtred_inner.o(.text) refers to defsig_general.o(.text) for __default_signal_display
    defsig_stak_inner.o(.text) refers to defsig_general.o(.text) for __default_signal_display
    defsig_pvfn_inner.o(.text) refers to defsig_general.o(.text) for __default_signal_display
    defsig_cppl_inner.o(.text) refers to defsig_general.o(.text) for __default_signal_display
    defsig_segv_inner.o(.text) refers to defsig_general.o(.text) for __default_signal_display
    defsig_other.o(.text) refers to defsig_general.o(.text) for __default_signal_display


==============================================================================

Removing Unused input sections from the image.

    Removing main.o(.rev16_text), (4 bytes).
    Removing main.o(.revsh_text), (4 bytes).
    Removing main.o(.rrx_text), (6 bytes).
    Removing main.o(i.TaskSchedRemove), (60 bytes).
    Removing main.o(i.TimeTaskRemove), (20 bytes).
    Removing switch.o(.rev16_text), (4 bytes).
    Removing switch.o(.revsh_text), (4 bytes).
    Removing switch.o(.rrx_text), (6 bytes).
    Removing list.o(i.ListInsertAfter), (20 bytes).
    Removing list.o(i.ListLastNode), (14 bytes).
    Removing list.o(i.ListNodeNext), (16 bytes).
    Removing list.o(i.ListNodePre), (16 bytes).
    Removing list.o(i.ListRemoveAllNodes), (32 bytes).
    Removing task.o(i.GetTaskInfo), (86 bytes).
    Removing task.o(i.TaskDeleteSelf), (56 bytes).
    Removing task.o(i.TaskForceDelete), (80 bytes).
    Removing task.o(i.TaskIsRequestDeleted), (32 bytes).
    Removing task.o(i.TaskRequestDelete), (24 bytes).
    Removing task.o(i.TaskSetCleanCallFunc), (6 bytes).
    Removing task.o(i.TaskSuspend), (68 bytes).
    Removing task.o(i.TaskWakeUp), (54 bytes).
    Removing cpu.o(.rev16_text), (4 bytes).
    Removing cpu.o(.revsh_text), (4 bytes).
    Removing cpu.o(.rrx_text), (6 bytes).
    Removing event.o(i.EventRemoveAll), (92 bytes).
    Removing event.o(i.EventWakeUpTask), (70 bytes).
    Removing semaphore.o(i.GetSemInfo), (36 bytes).
    Removing semaphore.o(i.SemDestory), (42 bytes).
    Removing semaphore.o(i.SemNoWait), (40 bytes).
    Removing messagebox.o(i.GetMboxInfo), (36 bytes).
    Removing messagebox.o(i.MboxClear), (34 bytes).
    Removing messagebox.o(i.MboxDestory), (38 bytes).
    Removing messagebox.o(i.MboxInit), (30 bytes).
    Removing messagebox.o(i.MboxNoWait), (68 bytes).
    Removing messagebox.o(i.MboxNotify), (152 bytes).
    Removing messagebox.o(i.MboxWait), (108 bytes).
    Removing memoryblock.o(i.GetMemBlockInfo), (46 bytes).
    Removing memoryblock.o(i.MemBlockDestory), (38 bytes).
    Removing memoryblock.o(i.MemBlockInit), (78 bytes).
    Removing memoryblock.o(i.MemBlockNoWait), (52 bytes).
    Removing memoryblock.o(i.MemBlockNotify), (76 bytes).
    Removing memoryblock.o(i.MemBlockWait), (92 bytes).
    Removing flaggroup.o(i.FlagGroupCheckAndConsume), (86 bytes).
    Removing flaggroup.o(i.FlagGroupDestoty), (38 bytes).
    Removing flaggroup.o(i.FlagGroupInit), (18 bytes).
    Removing flaggroup.o(i.FlagGroupNoWait), (48 bytes).
    Removing flaggroup.o(i.FlagGroupNotify), (124 bytes).
    Removing flaggroup.o(i.FlagGroupWait), (116 bytes).
    Removing flaggroup.o(i.GetFlagGroupInfo), (32 bytes).
    Removing mutexsemaphore.o(i.GetMutexInfo), (56 bytes).
    Removing mutexsemaphore.o(i.MutexDestory), (84 bytes).
    Removing mutexsemaphore.o(i.MutexInit), (24 bytes).
    Removing mutexsemaphore.o(i.MutexNoWait), (84 bytes).
    Removing mutexsemaphore.o(i.MutexNotify), (172 bytes).
    Removing mutexsemaphore.o(i.MutexWait), (164 bytes).
    Removing timer.o(i.GetTimerInfo), (46 bytes).
    Removing timer.o(i.TimerDestory), (18 bytes).
    Removing timer.o(i.TimerInit), (54 bytes).
    Removing timer.o(i.TimerStart), (108 bytes).
    Removing timer.o(i.TimerStop), (92 bytes).
    Removing system_armcm4.o(.rev16_text), (4 bytes).
    Removing system_armcm4.o(.revsh_text), (4 bytes).
    Removing system_armcm4.o(.rrx_text), (6 bytes).
    Removing system_armcm4.o(i.SystemCoreClockUpdate), (16 bytes).

64 unused section(s) (total 3148 bytes) removed from the image.

==============================================================================

Image Symbol Table

    Local Symbols

    Symbol Name                              Value     Ov Type        Size  Object(Section)

    RESET                                    0x00000000   Section      192  startup_armcm4.o(RESET)
    ../clib/angel/boardlib.s                 0x00000000   Number         0  boardinit3.o ABSOLUTE
    ../clib/angel/boardlib.s                 0x00000000   Number         0  boardinit1.o ABSOLUTE
    ../clib/angel/boardlib.s                 0x00000000   Number         0  boardshut.o ABSOLUTE
    ../clib/angel/boardlib.s                 0x00000000   Number         0  boardinit2.o ABSOLUTE
    ../clib/angel/handlers.s                 0x00000000   Number         0  __scatter_zi.o ABSOLUTE
    ../clib/angel/handlers.s                 0x00000000   Number         0  __scatter_copy.o ABSOLUTE
    ../clib/angel/kernel.s                   0x00000000   Number         0  __rtentry.o ABSOLUTE
    ../clib/angel/kernel.s                   0x00000000   Number         0  __rtentry4.o ABSOLUTE
    ../clib/angel/kernel.s                   0x00000000   Number         0  __rtentry2.o ABSOLUTE
    ../clib/angel/kernel.s                   0x00000000   Number         0  rtexit.o ABSOLUTE
    ../clib/angel/kernel.s                   0x00000000   Number         0  rtexit2.o ABSOLUTE
    ../clib/angel/rt.s                       0x00000000   Number         0  rt_raise.o ABSOLUTE
    ../clib/angel/scatter.s                  0x00000000   Number         0  __scatter.o ABSOLUTE
    ../clib/angel/startup.s                  0x00000000   Number         0  __main.o ABSOLUTE
    ../clib/angel/sys.s                      0x00000000   Number         0  libspace.o ABSOLUTE
    ../clib/angel/sys.s                      0x00000000   Number         0  sys_stackheap_outer.o ABSOLUTE
    ../clib/angel/sys.s                      0x00000000   Number         0  indicate_semi.o ABSOLUTE
    ../clib/angel/sys.s                      0x00000000   Number         0  use_no_semi.o ABSOLUTE
    ../clib/angel/sysapp.c                   0x00000000   Number         0  sys_wrch.o ABSOLUTE
    ../clib/angel/sysapp.c                   0x00000000   Number         0  sys_exit.o ABSOLUTE
    ../clib/angel/sysapp.c                   0x00000000   Number         0  sys_command.o ABSOLUTE
    ../clib/armsys.c                         0x00000000   Number         0  argv_veneer.o ABSOLUTE
    ../clib/armsys.c                         0x00000000   Number         0  argv_veneer.o ABSOLUTE
    ../clib/armsys.c                         0x00000000   Number         0  _get_argv_nomalloc.o ABSOLUTE
    ../clib/armsys.c                         0x00000000   Number         0  no_argv.o ABSOLUTE
    ../clib/heapalloc.c                      0x00000000   Number         0  hrguard.o ABSOLUTE
    ../clib/heapaux.c                        0x00000000   Number         0  heapauxi.o ABSOLUTE
    ../clib/libinit.s                        0x00000000   Number         0  libinit2.o ABSOLUTE
    ../clib/libinit.s                        0x00000000   Number         0  libinit.o ABSOLUTE
    ../clib/libinit.s                        0x00000000   Number         0  libshutdown2.o ABSOLUTE
    ../clib/libinit.s                        0x00000000   Number         0  libshutdown.o ABSOLUTE
    ../clib/memcpset.s                       0x00000000   Number         0  rt_memclr_w.o ABSOLUTE
    ../clib/signal.c                         0x00000000   Number         0  defsig_stak_inner.o ABSOLUTE
    ../clib/signal.c                         0x00000000   Number         0  defsig_pvfn_inner.o ABSOLUTE
    ../clib/signal.c                         0x00000000   Number         0  __raise.o ABSOLUTE
    ../clib/signal.c                         0x00000000   Number         0  defsig_rtmem_inner.o ABSOLUTE
    ../clib/signal.c                         0x00000000   Number         0  defsig_exit.o ABSOLUTE
    ../clib/signal.c                         0x00000000   Number         0  defsig_segv_inner.o ABSOLUTE
    ../clib/signal.c                         0x00000000   Number         0  defsig_other.o ABSOLUTE
    ../clib/signal.c                         0x00000000   Number         0  defsig_general.o ABSOLUTE
    ../clib/signal.c                         0x00000000   Number         0  defsig_cppl_inner.o ABSOLUTE
    ../clib/signal.c                         0x00000000   Number         0  defsig_abrt_inner.o ABSOLUTE
    ../clib/signal.c                         0x00000000   Number         0  defsig_rtmem_formal.o ABSOLUTE
    ../clib/signal.c                         0x00000000   Number         0  defsig_fpe_inner.o ABSOLUTE
    ../clib/signal.c                         0x00000000   Number         0  defsig_rtred_inner.o ABSOLUTE
    ../clib/signal.c                         0x00000000   Number         0  defsig_rtmem_outer.o ABSOLUTE
    ../clib/signal.s                         0x00000000   Number         0  defsig.o ABSOLUTE
    ../clib/stdlib.c                         0x00000000   Number         0  exit.o ABSOLUTE
    ../fplib/d2f.s                           0x00000000   Number         0  d2f.o ABSOLUTE
    ../fplib/daddsub.s                       0x00000000   Number         0  daddsub_clz.o ABSOLUTE
    ../fplib/ddiv.s                          0x00000000   Number         0  ddiv.o ABSOLUTE
    ../fplib/dflt.s                          0x00000000   Number         0  dflt_clz.o ABSOLUTE
    ../fplib/dmul.s                          0x00000000   Number         0  dmul.o ABSOLUTE
    ../fplib/dnaninf.s                       0x00000000   Number         0  dnaninf.o ABSOLUTE
    ../fplib/dretinf.s                       0x00000000   Number         0  dretinf.o ABSOLUTE
    ../fplib/fpinit.s                        0x00000000   Number         0  fpinit.o ABSOLUTE
    ../fplib/fretinf.s                       0x00000000   Number         0  fretinf.o ABSOLUTE
    ../fplib/usenofp.s                       0x00000000   Number         0  usenofp.o ABSOLUTE
    RTE\Device\ARMCM4\startup_ARMCM4.s       0x00000000   Number         0  startup_armcm4.o ABSOLUTE
    RTE\Device\ARMCM4\system_ARMCM4.c        0x00000000   Number         0  system_armcm4.o ABSOLUTE
    RTE\\Device\\ARMCM4\\system_ARMCM4.c     0x00000000   Number         0  system_armcm4.o ABSOLUTE
    Source\Bitmap.c                          0x00000000   Number         0  bitmap.o ABSOLUTE
    Source\Cpu.c                             0x00000000   Number         0  cpu.o ABSOLUTE
    Source\Event.c                           0x00000000   Number         0  event.o ABSOLUTE
    Source\FlagGroup.c                       0x00000000   Number         0  flaggroup.o ABSOLUTE
    Source\List.c                            0x00000000   Number         0  list.o ABSOLUTE
    Source\MemoryBlock.c                     0x00000000   Number         0  memoryblock.o ABSOLUTE
    Source\MessageBox.c                      0x00000000   Number         0  messagebox.o ABSOLUTE
    Source\MutexSemaphore.c                  0x00000000   Number         0  mutexsemaphore.o ABSOLUTE
    Source\Semaphore.c                       0x00000000   Number         0  semaphore.o ABSOLUTE
    Source\Task.c                            0x00000000   Number         0  task.o ABSOLUTE
    Source\Time.c                            0x00000000   Number         0  time.o ABSOLUTE
    Source\Timer.c                           0x00000000   Number         0  timer.o ABSOLUTE
    Source\\Cpu.c                            0x00000000   Number         0  cpu.o ABSOLUTE
    Source\\switch.c                         0x00000000   Number         0  switch.o ABSOLUTE
    Source\app.c                             0x00000000   Number         0  app.o ABSOLUTE
    Source\switch.c                          0x00000000   Number         0  switch.o ABSOLUTE
    dc.s                                     0x00000000   Number         0  dc.o ABSOLUTE
    source\\main.c                           0x00000000   Number         0  main.o ABSOLUTE
    source\main.c                            0x00000000   Number         0  main.o ABSOLUTE
    !!!main                                  0x000000c0   Section        8  __main.o(!!!main)
    !!!scatter                               0x000000c8   Section       52  __scatter.o(!!!scatter)
    !!handler_copy                           0x000000fc   Section       26  __scatter_copy.o(!!handler_copy)
    !!handler_zi                             0x00000118   Section       28  __scatter_zi.o(!!handler_zi)
    .ARM.Collect$$libinit$$00000000          0x00000134   Section        2  libinit.o(.ARM.Collect$$libinit$$00000000)
    .ARM.Collect$$libinit$$00000002          0x00000136   Section        0  libinit2.o(.ARM.Collect$$libinit$$00000002)
    .ARM.Collect$$libinit$$00000004          0x00000136   Section        0  libinit2.o(.ARM.Collect$$libinit$$00000004)
    .ARM.Collect$$libinit$$0000000A          0x00000136   Section        0  libinit2.o(.ARM.Collect$$libinit$$0000000A)
    .ARM.Collect$$libinit$$0000000C          0x00000136   Section        0  libinit2.o(.ARM.Collect$$libinit$$0000000C)
    .ARM.Collect$$libinit$$0000000E          0x00000136   Section        0  libinit2.o(.ARM.Collect$$libinit$$0000000E)
    .ARM.Collect$$libinit$$00000011          0x00000136   Section        0  libinit2.o(.ARM.Collect$$libinit$$00000011)
    .ARM.Collect$$libinit$$00000013          0x00000136   Section        0  libinit2.o(.ARM.Collect$$libinit$$00000013)
    .ARM.Collect$$libinit$$00000015          0x00000136   Section        0  libinit2.o(.ARM.Collect$$libinit$$00000015)
    .ARM.Collect$$libinit$$00000017          0x00000136   Section        0  libinit2.o(.ARM.Collect$$libinit$$00000017)
    .ARM.Collect$$libinit$$00000019          0x00000136   Section        0  libinit2.o(.ARM.Collect$$libinit$$00000019)
    .ARM.Collect$$libinit$$0000001B          0x00000136   Section        0  libinit2.o(.ARM.Collect$$libinit$$0000001B)
    .ARM.Collect$$libinit$$0000001D          0x00000136   Section        0  libinit2.o(.ARM.Collect$$libinit$$0000001D)
    .ARM.Collect$$libinit$$0000001F          0x00000136   Section        0  libinit2.o(.ARM.Collect$$libinit$$0000001F)
    .ARM.Collect$$libinit$$00000021          0x00000136   Section        0  libinit2.o(.ARM.Collect$$libinit$$00000021)
    .ARM.Collect$$libinit$$00000023          0x00000136   Section        0  libinit2.o(.ARM.Collect$$libinit$$00000023)
    .ARM.Collect$$libinit$$00000025          0x00000136   Section        0  libinit2.o(.ARM.Collect$$libinit$$00000025)
    .ARM.Collect$$libinit$$0000002C          0x00000136   Section        0  libinit2.o(.ARM.Collect$$libinit$$0000002C)
    .ARM.Collect$$libinit$$0000002E          0x00000136   Section        0  libinit2.o(.ARM.Collect$$libinit$$0000002E)
    .ARM.Collect$$libinit$$00000030          0x00000136   Section        0  libinit2.o(.ARM.Collect$$libinit$$00000030)
    .ARM.Collect$$libinit$$00000032          0x00000136   Section        0  libinit2.o(.ARM.Collect$$libinit$$00000032)
    .ARM.Collect$$libinit$$00000033          0x00000136   Section        2  libinit2.o(.ARM.Collect$$libinit$$00000033)
    .ARM.Collect$$libshutdown$$00000000      0x00000138   Section        2  libshutdown.o(.ARM.Collect$$libshutdown$$00000000)
    .ARM.Collect$$libshutdown$$00000002      0x0000013a   Section        0  libshutdown2.o(.ARM.Collect$$libshutdown$$00000002)
    .ARM.Collect$$libshutdown$$00000004      0x0000013a   Section        0  libshutdown2.o(.ARM.Collect$$libshutdown$$00000004)
    .ARM.Collect$$libshutdown$$00000007      0x0000013a   Section        0  libshutdown2.o(.ARM.Collect$$libshutdown$$00000007)
    .ARM.Collect$$libshutdown$$0000000A      0x0000013a   Section        0  libshutdown2.o(.ARM.Collect$$libshutdown$$0000000A)
    .ARM.Collect$$libshutdown$$0000000C      0x0000013a   Section        0  libshutdown2.o(.ARM.Collect$$libshutdown$$0000000C)
    .ARM.Collect$$libshutdown$$0000000F      0x0000013a   Section        0  libshutdown2.o(.ARM.Collect$$libshutdown$$0000000F)
    .ARM.Collect$$libshutdown$$00000010      0x0000013a   Section        2  libshutdown2.o(.ARM.Collect$$libshutdown$$00000010)
    .ARM.Collect$$rtentry$$00000000          0x0000013c   Section        0  __rtentry.o(.ARM.Collect$$rtentry$$00000000)
    .ARM.Collect$$rtentry$$00000002          0x0000013c   Section        0  __rtentry2.o(.ARM.Collect$$rtentry$$00000002)
    .ARM.Collect$$rtentry$$00000004          0x0000013c   Section        6  __rtentry4.o(.ARM.Collect$$rtentry$$00000004)
    .ARM.Collect$$rtentry$$00000009          0x00000142   Section        0  __rtentry2.o(.ARM.Collect$$rtentry$$00000009)
    .ARM.Collect$$rtentry$$0000000A          0x00000142   Section        4  __rtentry2.o(.ARM.Collect$$rtentry$$0000000A)
    .ARM.Collect$$rtentry$$0000000C          0x00000146   Section        0  __rtentry2.o(.ARM.Collect$$rtentry$$0000000C)
    .ARM.Collect$$rtentry$$0000000D          0x00000146   Section        8  __rtentry2.o(.ARM.Collect$$rtentry$$0000000D)
    .ARM.Collect$$rtexit$$00000000           0x0000014e   Section        2  rtexit.o(.ARM.Collect$$rtexit$$00000000)
    .ARM.Collect$$rtexit$$00000002           0x00000150   Section        0  rtexit2.o(.ARM.Collect$$rtexit$$00000002)
    .ARM.Collect$$rtexit$$00000003           0x00000150   Section        4  rtexit2.o(.ARM.Collect$$rtexit$$00000003)
    .ARM.Collect$$rtexit$$00000004           0x00000154   Section        6  rtexit2.o(.ARM.Collect$$rtexit$$00000004)
    .emb_text                                0x0000015c   Section       48  switch.o(.emb_text)
    .text                                    0x0000018c   Section       64  startup_armcm4.o(.text)
    .text                                    0x000001cc   Section       78  rt_memclr_w.o(.text)
    .text                                    0x0000021a   Section        0  heapauxi.o(.text)
    .text                                    0x00000220   Section       74  sys_stackheap_outer.o(.text)
    .text                                    0x0000026a   Section        0  exit.o(.text)
    .text                                    0x0000027c   Section        8  libspace.o(.text)
    .text                                    0x00000284   Section        0  sys_exit.o(.text)
    .text                                    0x00000290   Section        2  use_no_semi.o(.text)
    .text                                    0x00000292   Section        0  indicate_semi.o(.text)
    i.BitmapClear                            0x00000292   Section        0  bitmap.o(i.BitmapClear)
    i.BitmapInit                             0x0000029e   Section        0  bitmap.o(i.BitmapInit)
    i.BitmapSet                              0x000002a4   Section        0  bitmap.o(i.BitmapSet)
    i.CpuUsageGet                            0x000002b0   Section        0  main.o(i.CpuUsageGet)
    i.EventInit                              0x000002cc   Section        0  event.o(i.EventInit)
    i.EventRemoveTask                        0x000002dc   Section        0  event.o(i.EventRemoveTask)
    i.EventWait                              0x00000312   Section        0  event.o(i.EventWait)
    i.EventWaitCount                         0x00000360   Section        0  event.o(i.EventWaitCount)
    i.EventWakeUp                            0x0000037e   Section        0  event.o(i.EventWakeUp)
    i.GetBitmapFirstSet                      0x000003cc   Section        0  bitmap.o(i.GetBitmapFirstSet)
    i.GetBitmapPosCount                      0x00000424   Section        0  bitmap.o(i.GetBitmapPosCount)
    i.GetListCount                           0x00000428   Section        0  list.o(i.GetListCount)
    i.InitApp                                0x00000430   Section        0  app.o(i.InitApp)
    i.ListAddHead                            0x000004bc   Section        0  list.o(i.ListAddHead)
    i.ListAddTail                            0x000004d0   Section        0  list.o(i.ListAddTail)
    i.ListFirstNode                          0x000004e4   Section        0  list.o(i.ListFirstNode)
    i.ListInit                               0x000004f2   Section        0  list.o(i.ListInit)
    i.ListRemoveFirst                        0x000004fc   Section        0  list.o(i.ListRemoveFirst)
    i.ListRemoveNode                         0x00000516   Section        0  list.o(i.ListRemoveNode)
    i.NodeInit                               0x0000052a   Section        0  list.o(i.NodeInit)
    i.SemNotify                              0x00000530   Section        0  semaphore.o(i.SemNotify)
    i.SemWait                                0x00000584   Section        0  semaphore.o(i.SemWait)
    i.SemaphoreInit                          0x000005cc   Section        0  semaphore.o(i.SemaphoreInit)
    i.SetSysTickPeriod                       0x000005f4   Section        0  cpu.o(i.SetSysTickPeriod)
    i.SysTick_Handler                        0x0000064c   Section        0  cpu.o(i.SysTick_Handler)
    i.SystemInit                             0x00000654   Section        0  system_armcm4.o(i.SystemInit)
    i.TaskDelay                              0x00000664   Section        0  time.o(i.TaskDelay)
    i.TaskEnterCritical                      0x00000690   Section        0  switch.o(i.TaskEnterCritical)
    i.TaskExitCritical                       0x0000069c   Section        0  switch.o(i.TaskExitCritical)
    i.TaskHighestReady                       0x000006a8   Section        0  main.o(i.TaskHighestReady)
    i.TaskInit                               0x000006cc   Section        0  task.o(i.TaskInit)
    i.TaskRunFirst                           0x000007a4   Section        0  switch.o(i.TaskRunFirst)
    i.TaskSched                              0x000007c0   Section        0  main.o(i.TaskSched)
    i.TaskSchedDisable                       0x00000804   Section        0  main.o(i.TaskSchedDisable)
    i.TaskSchedEnable                        0x0000082c   Section        0  main.o(i.TaskSchedEnable)
    i.TaskSchedInit                          0x0000085c   Section        0  main.o(i.TaskSchedInit)
    i.TaskSchedRdy                           0x00000890   Section        0  main.o(i.TaskSchedRdy)
    i.TaskSchedUnRdy                         0x000008bc   Section        0  main.o(i.TaskSchedUnRdy)
    i.TaskSwitch                             0x000008f8   Section        0  switch.o(i.TaskSwitch)
    i.TaskSystemTickHandler                  0x00000908   Section        0  main.o(i.TaskSystemTickHandler)
    i.TimeTaskWait                           0x000009d0   Section        0  main.o(i.TimeTaskWait)
    i.TimeTaskWakeUp                         0x000009f0   Section        0  main.o(i.TimeTaskWakeUp)
    i.TimeTickInit                           0x00000a0c   Section        0  main.o(i.TimeTickInit)
    i.TimerCallFuncList                      0x00000a18   Section        0  timer.o(i.TimerCallFuncList)
    TimerCallFuncList                        0x00000a19   Thumb Code    78  timer.o(i.TimerCallFuncList)
    i.TimerInitTask                          0x00000a68   Section        0  timer.o(i.TimerInitTask)
    i.TimerModuleInit                        0x00000a90   Section        0  timer.o(i.TimerModuleInit)
    i.TimerModuleTickNotify                  0x00000ac4   Section        0  timer.o(i.TimerModuleTickNotify)
    i.TimerSoftTask                          0x00000ae8   Section        0  timer.o(i.TimerSoftTask)
    TimerSoftTask                            0x00000ae9   Thumb Code    32  timer.o(i.TimerSoftTask)
    i.checkCpuUsage                          0x00000b14   Section        0  main.o(i.checkCpuUsage)
    checkCpuUsage                            0x00000b15   Thumb Code   160  main.o(i.checkCpuUsage)
    i.cpuUsageSynWithSysTick                 0x00000bd0   Section        0  main.o(i.cpuUsageSynWithSysTick)
    cpuUsageSynWithSysTick                   0x00000bd1   Thumb Code    12  main.o(i.cpuUsageSynWithSysTick)
    i.idleTaskEntry                          0x00000be0   Section        0  main.o(i.idleTaskEntry)
    i.initCpuUsageState                      0x00000c14   Section        0  main.o(i.initCpuUsageState)
    initCpuUsageState                        0x00000c15   Thumb Code    26  main.o(i.initCpuUsageState)
    i.main                                   0x00000c44   Section        0  main.o(i.main)
    i.task1Entry                             0x00000c9c   Section        0  app.o(i.task1Entry)
    i.task2Entry                             0x00000cc8   Section        0  app.o(i.task2Entry)
    i.task3Entry                             0x00000ce8   Section        0  app.o(i.task3Entry)
    i.task4Entry                             0x00000d08   Section        0  app.o(i.task4Entry)
    i.taskDelayedInit                        0x00000d28   Section        0  main.o(i.taskDelayedInit)
    x$fpl$d2f                                0x00000d38   Section       98  d2f.o(x$fpl$d2f)
    x$fpl$dadd                               0x00000d9c   Section      336  daddsub_clz.o(x$fpl$dadd)
    _dadd1                                   0x00000dad   Thumb Code     0  daddsub_clz.o(x$fpl$dadd)
    x$fpl$ddiv                               0x00000eec   Section      688  ddiv.o(x$fpl$ddiv)
    ddiv_entry                               0x00000ef3   Thumb Code     0  ddiv.o(x$fpl$ddiv)
    x$fpl$dfltu                              0x0000119c   Section       38  dflt_clz.o(x$fpl$dfltu)
    x$fpl$dmul                               0x000011c4   Section      340  dmul.o(x$fpl$dmul)
    x$fpl$dnaninf                            0x00001318   Section      156  dnaninf.o(x$fpl$dnaninf)
    x$fpl$dretinf                            0x000013b4   Section       12  dretinf.o(x$fpl$dretinf)
    x$fpl$drsb                               0x000013c0   Section       22  daddsub_clz.o(x$fpl$drsb)
    x$fpl$dsub                               0x000013d8   Section      468  daddsub_clz.o(x$fpl$dsub)
    _dsub1                                   0x000013e9   Thumb Code     0  daddsub_clz.o(x$fpl$dsub)
    x$fpl$fretinf                            0x000015ac   Section       10  fretinf.o(x$fpl$fretinf)
    .constdata                               0x000015b6   Section      256  bitmap.o(.constdata)
    x$fpl$usenofp                            0x000015b6   Section        0  usenofp.o(x$fpl$usenofp)
    quickFindTable                           0x000015b6   Data         256  bitmap.o(.constdata)
    .data                                    0x20000000   Section       44  main.o(.data)
    cpuUsage                                 0x20000024   Data           4  main.o(.data)
    enableCpuUsageState                      0x20000028   Data           4  main.o(.data)
    .data                                    0x2000002c   Section       20  app.o(.data)
    .data                                    0x20000040   Section        4  system_armcm4.o(.data)
    .bss                                     0x20000044   Section     4572  main.o(.bss)
    .bss                                     0x20001220   Section    16704  app.o(.bss)
    .bss                                     0x20005360   Section     4248  timer.o(.bss)
    TimerHardList                            0x20005360   Data          12  timer.o(.bss)
    TimerSoftList                            0x2000536c   Data          12  timer.o(.bss)
    TimerProtectSem                          0x20005378   Data          24  timer.o(.bss)
    TimerTickSem                             0x20005390   Data          24  timer.o(.bss)
    TimerTask                                0x200053a8   Data          80  timer.o(.bss)
    TimerTaskStack                           0x200053f8   Data        4096  timer.o(.bss)
    .bss                                     0x200063f8   Section       96  libspace.o(.bss)
    HEAP                                     0x20006458   Section     3072  startup_armcm4.o(HEAP)
    Heap_Mem                                 0x20006458   Data        3072  startup_armcm4.o(HEAP)
    STACK                                    0x20007058   Section     1024  startup_armcm4.o(STACK)
    Stack_Mem                                0x20007058   Data        1024  startup_armcm4.o(STACK)
    __initial_sp                             0x20007458   Data           0  startup_armcm4.o(STACK)

    Global Symbols

    Symbol Name                              Value     Ov Type        Size  Object(Section)

    BuildAttributes$$THM_ISAv4$E$P$D$K$B$S$7EM$PE$A:L22UL41UL21$X:L11$S22US41US21$IEEE1$IW$USESV6$~STKCKD$USESV7$~SHL$OSPACE$ROPI$EBA8$UX$STANDARDLIB$REQ8$PRES8$EABIv2 0x00000000   Number         0  anon$$obj.o ABSOLUTE
    __ARM_use_no_argv                        0x00000000   Number         0  main.o ABSOLUTE
    __Vectors                                0x00000000   Data           4  startup_armcm4.o(RESET)
    __ARM_exceptions_init                     - Undefined Weak Reference
    __alloca_initialize                       - Undefined Weak Reference
    __arm_preinit_                            - Undefined Weak Reference
    __cpp_initialize__aeabi_                  - Undefined Weak Reference
    __cxa_finalize                            - Undefined Weak Reference
    __rt_locale                               - Undefined Weak Reference
    __sigvec_lookup                           - Undefined Weak Reference
    _atexit_init                              - Undefined Weak Reference
    _call_atexit_fns                          - Undefined Weak Reference
    _clock_init                               - Undefined Weak Reference
    _fp_trap_init                             - Undefined Weak Reference
    _fp_trap_shutdown                         - Undefined Weak Reference
    _get_lc_collate                           - Undefined Weak Reference
    _get_lc_ctype                             - Undefined Weak Reference
    _get_lc_monetary                          - Undefined Weak Reference
    _get_lc_numeric                           - Undefined Weak Reference
    _get_lc_time                              - Undefined Weak Reference
    _getenv_init                              - Undefined Weak Reference
    _handle_redirection                       - Undefined Weak Reference
    _init_alloc                               - Undefined Weak Reference
    _init_user_alloc                          - Undefined Weak Reference
    _initio                                   - Undefined Weak Reference
    _rand_init                                - Undefined Weak Reference
    _signal_finish                            - Undefined Weak Reference
    _signal_init                              - Undefined Weak Reference
    _terminate_alloc                          - Undefined Weak Reference
    _terminate_user_alloc                     - Undefined Weak Reference
    _terminateio                              - Undefined Weak Reference
    __Vectors_End                            0x000000c0   Data           0  startup_armcm4.o(RESET)
    __Vectors_Size                           0x000000c0   Number         0  startup_armcm4.o ABSOLUTE
    __main                                   0x000000c1   Thumb Code     8  __main.o(!!!main)
    __scatterload                            0x000000c9   Thumb Code     0  __scatter.o(!!!scatter)
    __scatterload_rt2                        0x000000c9   Thumb Code    44  __scatter.o(!!!scatter)
    __scatterload_rt2_thumb_only             0x000000c9   Thumb Code     0  __scatter.o(!!!scatter)
    __scatterload_null                       0x000000d7   Thumb Code     0  __scatter.o(!!!scatter)
    __scatterload_copy                       0x000000fd   Thumb Code    26  __scatter_copy.o(!!handler_copy)
    __scatterload_zeroinit                   0x00000119   Thumb Code    28  __scatter_zi.o(!!handler_zi)
    __rt_lib_init                            0x00000135   Thumb Code     0  libinit.o(.ARM.Collect$$libinit$$00000000)
    __rt_lib_init_alloca_1                   0x00000137   Thumb Code     0  libinit2.o(.ARM.Collect$$libinit$$0000002E)
    __rt_lib_init_argv_1                     0x00000137   Thumb Code     0  libinit2.o(.ARM.Collect$$libinit$$0000002C)
    __rt_lib_init_atexit_1                   0x00000137   Thumb Code     0  libinit2.o(.ARM.Collect$$libinit$$0000001B)
    __rt_lib_init_clock_1                    0x00000137   Thumb Code     0  libinit2.o(.ARM.Collect$$libinit$$00000021)
    __rt_lib_init_cpp_1                      0x00000137   Thumb Code     0  libinit2.o(.ARM.Collect$$libinit$$00000032)
    __rt_lib_init_exceptions_1               0x00000137   Thumb Code     0  libinit2.o(.ARM.Collect$$libinit$$00000030)
    __rt_lib_init_fp_1                       0x00000137   Thumb Code     0  libinit2.o(.ARM.Collect$$libinit$$00000002)
    __rt_lib_init_fp_trap_1                  0x00000137   Thumb Code     0  libinit2.o(.ARM.Collect$$libinit$$0000001F)
    __rt_lib_init_getenv_1                   0x00000137   Thumb Code     0  libinit2.o(.ARM.Collect$$libinit$$00000023)
    __rt_lib_init_heap_1                     0x00000137   Thumb Code     0  libinit2.o(.ARM.Collect$$libinit$$0000000A)
    __rt_lib_init_lc_collate_1               0x00000137   Thumb Code     0  libinit2.o(.ARM.Collect$$libinit$$00000011)
    __rt_lib_init_lc_ctype_1                 0x00000137   Thumb Code     0  libinit2.o(.ARM.Collect$$libinit$$00000013)
    __rt_lib_init_lc_monetary_1              0x00000137   Thumb Code     0  libinit2.o(.ARM.Collect$$libinit$$00000015)
    __rt_lib_init_lc_numeric_1               0x00000137   Thumb Code     0  libinit2.o(.ARM.Collect$$libinit$$00000017)
    __rt_lib_init_lc_time_1                  0x00000137   Thumb Code     0  libinit2.o(.ARM.Collect$$libinit$$00000019)
    __rt_lib_init_preinit_1                  0x00000137   Thumb Code     0  libinit2.o(.ARM.Collect$$libinit$$00000004)
    __rt_lib_init_rand_1                     0x00000137   Thumb Code     0  libinit2.o(.ARM.Collect$$libinit$$0000000E)
    __rt_lib_init_return                     0x00000137   Thumb Code     0  libinit2.o(.ARM.Collect$$libinit$$00000033)
    __rt_lib_init_signal_1                   0x00000137   Thumb Code     0  libinit2.o(.ARM.Collect$$libinit$$0000001D)
    __rt_lib_init_stdio_1                    0x00000137   Thumb Code     0  libinit2.o(.ARM.Collect$$libinit$$00000025)
    __rt_lib_init_user_alloc_1               0x00000137   Thumb Code     0  libinit2.o(.ARM.Collect$$libinit$$0000000C)
    __rt_lib_shutdown                        0x00000139   Thumb Code     0  libshutdown.o(.ARM.Collect$$libshutdown$$00000000)
    __rt_lib_shutdown_cpp_1                  0x0000013b   Thumb Code     0  libshutdown2.o(.ARM.Collect$$libshutdown$$00000002)
    __rt_lib_shutdown_fp_trap_1              0x0000013b   Thumb Code     0  libshutdown2.o(.ARM.Collect$$libshutdown$$00000007)
    __rt_lib_shutdown_heap_1                 0x0000013b   Thumb Code     0  libshutdown2.o(.ARM.Collect$$libshutdown$$0000000F)
    __rt_lib_shutdown_return                 0x0000013b   Thumb Code     0  libshutdown2.o(.ARM.Collect$$libshutdown$$00000010)
    __rt_lib_shutdown_signal_1               0x0000013b   Thumb Code     0  libshutdown2.o(.ARM.Collect$$libshutdown$$0000000A)
    __rt_lib_shutdown_stdio_1                0x0000013b   Thumb Code     0  libshutdown2.o(.ARM.Collect$$libshutdown$$00000004)
    __rt_lib_shutdown_user_alloc_1           0x0000013b   Thumb Code     0  libshutdown2.o(.ARM.Collect$$libshutdown$$0000000C)
    __rt_entry                               0x0000013d   Thumb Code     0  __rtentry.o(.ARM.Collect$$rtentry$$00000000)
    __rt_entry_presh_1                       0x0000013d   Thumb Code     0  __rtentry2.o(.ARM.Collect$$rtentry$$00000002)
    __rt_entry_sh                            0x0000013d   Thumb Code     0  __rtentry4.o(.ARM.Collect$$rtentry$$00000004)
    __rt_entry_li                            0x00000143   Thumb Code     0  __rtentry2.o(.ARM.Collect$$rtentry$$0000000A)
    __rt_entry_postsh_1                      0x00000143   Thumb Code     0  __rtentry2.o(.ARM.Collect$$rtentry$$00000009)
    __rt_entry_main                          0x00000147   Thumb Code     0  __rtentry2.o(.ARM.Collect$$rtentry$$0000000D)
    __rt_entry_postli_1                      0x00000147   Thumb Code     0  __rtentry2.o(.ARM.Collect$$rtentry$$0000000C)
    __rt_exit                                0x0000014f   Thumb Code     0  rtexit.o(.ARM.Collect$$rtexit$$00000000)
    __rt_exit_ls                             0x00000151   Thumb Code     0  rtexit2.o(.ARM.Collect$$rtexit$$00000003)
    __rt_exit_prels_1                        0x00000151   Thumb Code     0  rtexit2.o(.ARM.Collect$$rtexit$$00000002)
    __rt_exit_exit                           0x00000155   Thumb Code     0  rtexit2.o(.ARM.Collect$$rtexit$$00000004)
    PendSV_Handler                           0x0000015d   Thumb Code    40  switch.o(.emb_text)
    Reset_Handler                            0x0000018d   Thumb Code     8  startup_armcm4.o(.text)
    NMI_Handler                              0x00000195   Thumb Code     2  startup_armcm4.o(.text)
    HardFault_Handler                        0x00000197   Thumb Code     2  startup_armcm4.o(.text)
    MemManage_Handler                        0x00000199   Thumb Code     2  startup_armcm4.o(.text)
    BusFault_Handler                         0x0000019b   Thumb Code     2  startup_armcm4.o(.text)
    UsageFault_Handler                       0x0000019d   Thumb Code     2  startup_armcm4.o(.text)
    SVC_Handler                              0x0000019f   Thumb Code     2  startup_armcm4.o(.text)
    DebugMon_Handler                         0x000001a1   Thumb Code     2  startup_armcm4.o(.text)
    AACI_IRQHandler                          0x000001a7   Thumb Code     0  startup_armcm4.o(.text)
    CAN_IRQHandler                           0x000001a7   Thumb Code     0  startup_armcm4.o(.text)
    CHLCD_IRQHandler                         0x000001a7   Thumb Code     0  startup_armcm4.o(.text)
    CLCD_IRQHandler                          0x000001a7   Thumb Code     0  startup_armcm4.o(.text)
    CPU_CLCD_IRQHandler                      0x000001a7   Thumb Code     0  startup_armcm4.o(.text)
    ENET_IRQHandler                          0x000001a7   Thumb Code     0  startup_armcm4.o(.text)
    FLEXRAY_IRQHandler                       0x000001a7   Thumb Code     0  startup_armcm4.o(.text)
    I2C_IRQHandler                           0x000001a7   Thumb Code     0  startup_armcm4.o(.text)
    LIN_IRQHandler                           0x000001a7   Thumb Code     0  startup_armcm4.o(.text)
    MCIA_IRQHandler                          0x000001a7   Thumb Code     0  startup_armcm4.o(.text)
    MCIB_IRQHandler                          0x000001a7   Thumb Code     0  startup_armcm4.o(.text)
    RTC_IRQHandler                           0x000001a7   Thumb Code     0  startup_armcm4.o(.text)
    SPI_IRQHandler                           0x000001a7   Thumb Code     0  startup_armcm4.o(.text)
    TIM0_IRQHandler                          0x000001a7   Thumb Code     0  startup_armcm4.o(.text)
    TIM2_IRQHandler                          0x000001a7   Thumb Code     0  startup_armcm4.o(.text)
    UART0_IRQHandler                         0x000001a7   Thumb Code     0  startup_armcm4.o(.text)
    UART1_IRQHandler                         0x000001a7   Thumb Code     0  startup_armcm4.o(.text)
    UART2_IRQHandler                         0x000001a7   Thumb Code     0  startup_armcm4.o(.text)
    UART3_IRQHandler                         0x000001a7   Thumb Code     0  startup_armcm4.o(.text)
    UART4_IRQHandler                         0x000001a7   Thumb Code     0  startup_armcm4.o(.text)
    USBDC_IRQHandler                         0x000001a7   Thumb Code     0  startup_armcm4.o(.text)
    USBHC_IRQHandler                         0x000001a7   Thumb Code     0  startup_armcm4.o(.text)
    WDT_IRQHandler                           0x000001a7   Thumb Code     0  startup_armcm4.o(.text)
    __user_initial_stackheap                 0x000001a9   Thumb Code    10  startup_armcm4.o(.text)
    __aeabi_memclr4                          0x000001cd   Thumb Code     0  rt_memclr_w.o(.text)
    __aeabi_memclr8                          0x000001cd   Thumb Code     0  rt_memclr_w.o(.text)
    __rt_memclr_w                            0x000001cd   Thumb Code    78  rt_memclr_w.o(.text)
    _memset_w                                0x000001d1   Thumb Code     0  rt_memclr_w.o(.text)
    __use_two_region_memory                  0x0000021b   Thumb Code     2  heapauxi.o(.text)
    __rt_heap_escrow$2region                 0x0000021d   Thumb Code     2  heapauxi.o(.text)
    __rt_heap_expand$2region                 0x0000021f   Thumb Code     2  heapauxi.o(.text)
    __user_setup_stackheap                   0x00000221   Thumb Code    74  sys_stackheap_outer.o(.text)
    exit                                     0x0000026b   Thumb Code    18  exit.o(.text)
    __user_libspace                          0x0000027d   Thumb Code     8  libspace.o(.text)
    __user_perproc_libspace                  0x0000027d   Thumb Code     0  libspace.o(.text)
    __user_perthread_libspace                0x0000027d   Thumb Code     0  libspace.o(.text)
    _sys_exit                                0x00000285   Thumb Code     8  sys_exit.o(.text)
    __I$use$semihosting                      0x00000291   Thumb Code     0  use_no_semi.o(.text)
    __use_no_semihosting_swi                 0x00000291   Thumb Code     2  use_no_semi.o(.text)
    BitmapClear                              0x00000293   Thumb Code    12  bitmap.o(i.BitmapClear)
    __semihosting_library_function           0x00000293   Thumb Code     0  indicate_semi.o(.text)
    BitmapInit                               0x0000029f   Thumb Code     6  bitmap.o(i.BitmapInit)
    BitmapSet                                0x000002a5   Thumb Code    12  bitmap.o(i.BitmapSet)
    CpuUsageGet                              0x000002b1   Thumb Code    24  main.o(i.CpuUsageGet)
    EventInit                                0x000002cd   Thumb Code    16  event.o(i.EventInit)
    EventRemoveTask                          0x000002dd   Thumb Code    54  event.o(i.EventRemoveTask)
    EventWait                                0x00000313   Thumb Code    78  event.o(i.EventWait)
    EventWaitCount                           0x00000361   Thumb Code    30  event.o(i.EventWaitCount)
    EventWakeUp                              0x0000037f   Thumb Code    78  event.o(i.EventWakeUp)
    GetBitmapFirstSet                        0x000003cd   Thumb Code    82  bitmap.o(i.GetBitmapFirstSet)
    GetBitmapPosCount                        0x00000425   Thumb Code     4  bitmap.o(i.GetBitmapPosCount)
    GetListCount                             0x00000429   Thumb Code     6  list.o(i.GetListCount)
    InitApp                                  0x00000431   Thumb Code    92  app.o(i.InitApp)
    ListAddHead                              0x000004bd   Thumb Code    20  list.o(i.ListAddHead)
    ListAddTail                              0x000004d1   Thumb Code    20  list.o(i.ListAddTail)
    ListFirstNode                            0x000004e5   Thumb Code    14  list.o(i.ListFirstNode)
    ListInit                                 0x000004f3   Thumb Code    10  list.o(i.ListInit)
    ListRemoveFirst                          0x000004fd   Thumb Code    26  list.o(i.ListRemoveFirst)
    ListRemoveNode                           0x00000517   Thumb Code    20  list.o(i.ListRemoveNode)
    NodeInit                                 0x0000052b   Thumb Code     6  list.o(i.NodeInit)
    SemNotify                                0x00000531   Thumb Code    78  semaphore.o(i.SemNotify)
    SemWait                                  0x00000585   Thumb Code    66  semaphore.o(i.SemWait)
    SemaphoreInit                            0x000005cd   Thumb Code    38  semaphore.o(i.SemaphoreInit)
    SetSysTickPeriod                         0x000005f5   Thumb Code    74  cpu.o(i.SetSysTickPeriod)
    SysTick_Handler                          0x0000064d   Thumb Code     8  cpu.o(i.SysTick_Handler)
    SystemInit                               0x00000655   Thumb Code     8  system_armcm4.o(i.SystemInit)
    TaskDelay                                0x00000665   Thumb Code    40  time.o(i.TaskDelay)
    TaskEnterCritical                        0x00000691   Thumb Code    12  switch.o(i.TaskEnterCritical)
    TaskExitCritical                         0x0000069d   Thumb Code    10  switch.o(i.TaskExitCritical)
    TaskHighestReady                         0x000006a9   Thumb Code    28  main.o(i.TaskHighestReady)
    TaskInit                                 0x000006cd   Thumb Code   216  task.o(i.TaskInit)
    TaskRunFirst                             0x000007a5   Thumb Code    24  switch.o(i.TaskRunFirst)
    TaskSched                                0x000007c1   Thumb Code    56  main.o(i.TaskSched)
    TaskSchedDisable                         0x00000805   Thumb Code    34  main.o(i.TaskSchedDisable)
    TaskSchedEnable                          0x0000082d   Thumb Code    42  main.o(i.TaskSchedEnable)
    TaskSchedInit                            0x0000085d   Thumb Code    40  main.o(i.TaskSchedInit)
    TaskSchedRdy                             0x00000891   Thumb Code    34  main.o(i.TaskSchedRdy)
    TaskSchedUnRdy                           0x000008bd   Thumb Code    52  main.o(i.TaskSchedUnRdy)
    TaskSwitch                               0x000008f9   Thumb Code    10  switch.o(i.TaskSwitch)
    TaskSystemTickHandler                    0x00000909   Thumb Code   182  main.o(i.TaskSystemTickHandler)
    TimeTaskWait                             0x000009d1   Thumb Code    28  main.o(i.TimeTaskWait)
    TimeTaskWakeUp                           0x000009f1   Thumb Code    24  main.o(i.TimeTaskWakeUp)
    TimeTickInit                             0x00000a0d   Thumb Code     8  main.o(i.TimeTickInit)
    TimerInitTask                            0x00000a69   Thumb Code    26  timer.o(i.TimerInitTask)
    TimerModuleInit                          0x00000a91   Thumb Code    36  timer.o(i.TimerModuleInit)
    TimerModuleTickNotify                    0x00000ac5   Thumb Code    28  timer.o(i.TimerModuleTickNotify)
    idleTaskEntry                            0x00000be1   Thumb Code    48  main.o(i.idleTaskEntry)
    main                                     0x00000c45   Thumb Code    66  main.o(i.main)
    task1Entry                               0x00000c9d   Thumb Code    34  app.o(i.task1Entry)
    task2Entry                               0x00000cc9   Thumb Code    26  app.o(i.task2Entry)
    task3Entry                               0x00000ce9   Thumb Code    26  app.o(i.task3Entry)
    task4Entry                               0x00000d09   Thumb Code    26  app.o(i.task4Entry)
    taskDelayedInit                          0x00000d29   Thumb Code    10  main.o(i.taskDelayedInit)
    __aeabi_d2f                              0x00000d39   Thumb Code     0  d2f.o(x$fpl$d2f)
    _d2f                                     0x00000d39   Thumb Code    98  d2f.o(x$fpl$d2f)
    __aeabi_dadd                             0x00000d9d   Thumb Code     0  daddsub_clz.o(x$fpl$dadd)
    _dadd                                    0x00000d9d   Thumb Code   332  daddsub_clz.o(x$fpl$dadd)
    __aeabi_ddiv                             0x00000eed   Thumb Code     0  ddiv.o(x$fpl$ddiv)
    _ddiv                                    0x00000eed   Thumb Code   552  ddiv.o(x$fpl$ddiv)
    __aeabi_ui2d                             0x0000119d   Thumb Code     0  dflt_clz.o(x$fpl$dfltu)
    _dfltu                                   0x0000119d   Thumb Code    38  dflt_clz.o(x$fpl$dfltu)
    __aeabi_dmul                             0x000011c5   Thumb Code     0  dmul.o(x$fpl$dmul)
    _dmul                                    0x000011c5   Thumb Code   332  dmul.o(x$fpl$dmul)
    __fpl_dnaninf                            0x00001319   Thumb Code   156  dnaninf.o(x$fpl$dnaninf)
    __fpl_dretinf                            0x000013b5   Thumb Code    12  dretinf.o(x$fpl$dretinf)
    __aeabi_drsub                            0x000013c1   Thumb Code     0  daddsub_clz.o(x$fpl$drsb)
    _drsb                                    0x000013c1   Thumb Code    22  daddsub_clz.o(x$fpl$drsb)
    __aeabi_dsub                             0x000013d9   Thumb Code     0  daddsub_clz.o(x$fpl$dsub)
    _dsub                                    0x000013d9   Thumb Code   464  daddsub_clz.o(x$fpl$dsub)
    __fpl_fretinf                            0x000015ad   Thumb Code    10  fretinf.o(x$fpl$fretinf)
    __I$use$fp                               0x000015b6   Number         0  usenofp.o(x$fpl$usenofp)
    Region$$Table$$Base                      0x000016b8   Number         0  anon$$obj.o(Region$$Table)
    Region$$Table$$Limit                     0x000016d8   Number         0  anon$$obj.o(Region$$Table)
    currentTask                              0x20000000   Data           4  main.o(.data)
    nextTask                                 0x20000004   Data           4  main.o(.data)
    idleTaskPtr                              0x20000008   Data           4  main.o(.data)
    schedLockCount                           0x2000000c   Data           1  main.o(.data)
    tickCount                                0x20000010   Data           4  main.o(.data)
    idleCount                                0x20000014   Data           4  main.o(.data)
    idleMaxCount                             0x20000018   Data           4  main.o(.data)
    FirstSec                                 0x2000001c   Data           4  main.o(.data)
    taskPriorityBitamp                       0x20000020   Data           4  main.o(.data)
    cpuUsage                                 0x2000002c   Data           4  app.o(.data)
    task1Flag                                0x20000030   Data           4  app.o(.data)
    task2Flag                                0x20000034   Data           4  app.o(.data)
    task3Flag                                0x20000038   Data           4  app.o(.data)
    task4Flag                                0x2000003c   Data           4  app.o(.data)
    SystemCoreClock                          0x20000040   Data           4  system_armcm4.o(.data)
    taskTable                                0x20000044   Data         384  main.o(.bss)
    taskDelayedList                          0x200001c4   Data          12  main.o(.bss)
    idleTask                                 0x200001d0   Data          80  main.o(.bss)
    idleTaskEnv                              0x20000220   Data        4096  main.o(.bss)
    Task1                                    0x20001220   Data          80  app.o(.bss)
    Task2                                    0x20001270   Data          80  app.o(.bss)
    Task3                                    0x200012c0   Data          80  app.o(.bss)
    Task4                                    0x20001310   Data          80  app.o(.bss)
    Task1Env                                 0x20001360   Data        4096  app.o(.bss)
    Task2Env                                 0x20002360   Data        4096  app.o(.bss)
    Task3Env                                 0x20003360   Data        4096  app.o(.bss)
    Task4Env                                 0x20004360   Data        4096  app.o(.bss)
    __libspace_start                         0x200063f8   Data          96  libspace.o(.bss)
    __temporary_stack_top$libspace           0x20006458   Data           0  libspace.o(.bss)



==============================================================================

Memory Map of the image

  Image Entry point : 0x000000c1

  Load Region LR_IROM1 (Base: 0x00000000, Size: 0x0000171c, Max: 0x00080000, ABSOLUTE)

    Execution Region ER_IROM1 (Base: 0x00000000, Size: 0x000016d8, Max: 0x00080000, ABSOLUTE)

    Base Addr    Size         Type   Attr      Idx    E Section Name        Object

    0x00000000   0x000000c0   Data   RO          862    RESET               startup_armcm4.o
    0x000000c0   0x00000008   Code   RO          909  * !!!main             c_w.l(__main.o)
    0x000000c8   0x00000034   Code   RO         1093    !!!scatter          c_w.l(__scatter.o)
    0x000000fc   0x0000001a   Code   RO         1095    !!handler_copy      c_w.l(__scatter_copy.o)
    0x00000116   0x00000002   PAD
    0x00000118   0x0000001c   Code   RO         1097    !!handler_zi        c_w.l(__scatter_zi.o)
    0x00000134   0x00000002   Code   RO          963    .ARM.Collect$$libinit$$00000000  c_w.l(libinit.o)
    0x00000136   0x00000000   Code   RO          970    .ARM.Collect$$libinit$$00000002  c_w.l(libinit2.o)
    0x00000136   0x00000000   Code   RO          972    .ARM.Collect$$libinit$$00000004  c_w.l(libinit2.o)
    0x00000136   0x00000000   Code   RO          975    .ARM.Collect$$libinit$$0000000A  c_w.l(libinit2.o)
    0x00000136   0x00000000   Code   RO          977    .ARM.Collect$$libinit$$0000000C  c_w.l(libinit2.o)
    0x00000136   0x00000000   Code   RO          979    .ARM.Collect$$libinit$$0000000E  c_w.l(libinit2.o)
    0x00000136   0x00000000   Code   RO          982    .ARM.Collect$$libinit$$00000011  c_w.l(libinit2.o)
    0x00000136   0x00000000   Code   RO          984    .ARM.Collect$$libinit$$00000013  c_w.l(libinit2.o)
    0x00000136   0x00000000   Code   RO          986    .ARM.Collect$$libinit$$00000015  c_w.l(libinit2.o)
    0x00000136   0x00000000   Code   RO          988    .ARM.Collect$$libinit$$00000017  c_w.l(libinit2.o)
    0x00000136   0x00000000   Code   RO          990    .ARM.Collect$$libinit$$00000019  c_w.l(libinit2.o)
    0x00000136   0x00000000   Code   RO          992    .ARM.Collect$$libinit$$0000001B  c_w.l(libinit2.o)
    0x00000136   0x00000000   Code   RO          994    .ARM.Collect$$libinit$$0000001D  c_w.l(libinit2.o)
    0x00000136   0x00000000   Code   RO          996    .ARM.Collect$$libinit$$0000001F  c_w.l(libinit2.o)
    0x00000136   0x00000000   Code   RO          998    .ARM.Collect$$libinit$$00000021  c_w.l(libinit2.o)
    0x00000136   0x00000000   Code   RO         1000    .ARM.Collect$$libinit$$00000023  c_w.l(libinit2.o)
    0x00000136   0x00000000   Code   RO         1002    .ARM.Collect$$libinit$$00000025  c_w.l(libinit2.o)
    0x00000136   0x00000000   Code   RO         1006    .ARM.Collect$$libinit$$0000002C  c_w.l(libinit2.o)
    0x00000136   0x00000000   Code   RO         1008    .ARM.Collect$$libinit$$0000002E  c_w.l(libinit2.o)
    0x00000136   0x00000000   Code   RO         1010    .ARM.Collect$$libinit$$00000030  c_w.l(libinit2.o)
    0x00000136   0x00000000   Code   RO         1012    .ARM.Collect$$libinit$$00000032  c_w.l(libinit2.o)
    0x00000136   0x00000002   Code   RO         1013    .ARM.Collect$$libinit$$00000033  c_w.l(libinit2.o)
    0x00000138   0x00000002   Code   RO         1033    .ARM.Collect$$libshutdown$$00000000  c_w.l(libshutdown.o)
    0x0000013a   0x00000000   Code   RO         1046    .ARM.Collect$$libshutdown$$00000002  c_w.l(libshutdown2.o)
    0x0000013a   0x00000000   Code   RO         1048    .ARM.Collect$$libshutdown$$00000004  c_w.l(libshutdown2.o)
    0x0000013a   0x00000000   Code   RO         1051    .ARM.Collect$$libshutdown$$00000007  c_w.l(libshutdown2.o)
    0x0000013a   0x00000000   Code   RO         1054    .ARM.Collect$$libshutdown$$0000000A  c_w.l(libshutdown2.o)
    0x0000013a   0x00000000   Code   RO         1056    .ARM.Collect$$libshutdown$$0000000C  c_w.l(libshutdown2.o)
    0x0000013a   0x00000000   Code   RO         1059    .ARM.Collect$$libshutdown$$0000000F  c_w.l(libshutdown2.o)
    0x0000013a   0x00000002   Code   RO         1060    .ARM.Collect$$libshutdown$$00000010  c_w.l(libshutdown2.o)
    0x0000013c   0x00000000   Code   RO          931    .ARM.Collect$$rtentry$$00000000  c_w.l(__rtentry.o)
    0x0000013c   0x00000000   Code   RO          940    .ARM.Collect$$rtentry$$00000002  c_w.l(__rtentry2.o)
    0x0000013c   0x00000006   Code   RO          952    .ARM.Collect$$rtentry$$00000004  c_w.l(__rtentry4.o)
    0x00000142   0x00000000   Code   RO          942    .ARM.Collect$$rtentry$$00000009  c_w.l(__rtentry2.o)
    0x00000142   0x00000004   Code   RO          943    .ARM.Collect$$rtentry$$0000000A  c_w.l(__rtentry2.o)
    0x00000146   0x00000000   Code   RO          945    .ARM.Collect$$rtentry$$0000000C  c_w.l(__rtentry2.o)
    0x00000146   0x00000008   Code   RO          946    .ARM.Collect$$rtentry$$0000000D  c_w.l(__rtentry2.o)
    0x0000014e   0x00000002   Code   RO          967    .ARM.Collect$$rtexit$$00000000  c_w.l(rtexit.o)
    0x00000150   0x00000000   Code   RO         1015    .ARM.Collect$$rtexit$$00000002  c_w.l(rtexit2.o)
    0x00000150   0x00000004   Code   RO         1016    .ARM.Collect$$rtexit$$00000003  c_w.l(rtexit2.o)
    0x00000154   0x00000006   Code   RO         1017    .ARM.Collect$$rtexit$$00000004  c_w.l(rtexit2.o)
    0x0000015a   0x00000002   PAD
    0x0000015c   0x00000030   Code   RO          205    .emb_text           switch.o
    0x0000018c   0x00000040   Code   RO          863    .text               startup_armcm4.o
    0x000001cc   0x0000004e   Code   RO          905    .text               c_w.l(rt_memclr_w.o)
    0x0000021a   0x00000006   Code   RO          907    .text               c_w.l(heapauxi.o)
    0x00000220   0x0000004a   Code   RO          954    .text               c_w.l(sys_stackheap_outer.o)
    0x0000026a   0x00000012   Code   RO          956    .text               c_w.l(exit.o)
    0x0000027c   0x00000008   Code   RO          964    .text               c_w.l(libspace.o)
    0x00000284   0x0000000c   Code   RO         1025    .text               c_w.l(sys_exit.o)
    0x00000290   0x00000002   Code   RO         1036    .text               c_w.l(use_no_semi.o)
    0x00000292   0x00000000   Code   RO         1038    .text               c_w.l(indicate_semi.o)
    0x00000292   0x0000000c   Code   RO          255    i.BitmapClear       bitmap.o
    0x0000029e   0x00000006   Code   RO          256    i.BitmapInit        bitmap.o
    0x000002a4   0x0000000c   Code   RO          257    i.BitmapSet         bitmap.o
    0x000002b0   0x0000001c   Code   RO            4    i.CpuUsageGet       main.o
    0x000002cc   0x00000010   Code   RO          525    i.EventInit         event.o
    0x000002dc   0x00000036   Code   RO          527    i.EventRemoveTask   event.o
    0x00000312   0x0000004e   Code   RO          528    i.EventWait         event.o
    0x00000360   0x0000001e   Code   RO          529    i.EventWaitCount    event.o
    0x0000037e   0x0000004e   Code   RO          530    i.EventWakeUp       event.o
    0x000003cc   0x00000058   Code   RO          258    i.GetBitmapFirstSet  bitmap.o
    0x00000424   0x00000004   Code   RO          259    i.GetBitmapPosCount  bitmap.o
    0x00000428   0x00000006   Code   RO          292    i.GetListCount      list.o
    0x0000042e   0x00000002   PAD
    0x00000430   0x0000008c   Code   RO          485    i.InitApp           app.o
    0x000004bc   0x00000014   Code   RO          293    i.ListAddHead       list.o
    0x000004d0   0x00000014   Code   RO          294    i.ListAddTail       list.o
    0x000004e4   0x0000000e   Code   RO          295    i.ListFirstNode     list.o
    0x000004f2   0x0000000a   Code   RO          296    i.ListInit          list.o
    0x000004fc   0x0000001a   Code   RO          302    i.ListRemoveFirst   list.o
    0x00000516   0x00000014   Code   RO          303    i.ListRemoveNode    list.o
    0x0000052a   0x00000006   Code   RO          304    i.NodeInit          list.o
    0x00000530   0x00000054   Code   RO          576    i.SemNotify         semaphore.o
    0x00000584   0x00000048   Code   RO          577    i.SemWait           semaphore.o
    0x000005cc   0x00000026   Code   RO          578    i.SemaphoreInit     semaphore.o
    0x000005f2   0x00000002   PAD
    0x000005f4   0x00000058   Code   RO          454    i.SetSysTickPeriod  cpu.o
    0x0000064c   0x00000008   Code   RO          455    i.SysTick_Handler   cpu.o
    0x00000654   0x00000010   Code   RO          871    i.SystemInit        system_armcm4.o
    0x00000664   0x0000002c   Code   RO          376    i.TaskDelay         time.o
    0x00000690   0x0000000c   Code   RO          206    i.TaskEnterCritical  switch.o
    0x0000069c   0x0000000a   Code   RO          207    i.TaskExitCritical  switch.o
    0x000006a6   0x00000002   PAD
    0x000006a8   0x00000024   Code   RO            5    i.TaskHighestReady  main.o
    0x000006cc   0x000000d8   Code   RO          391    i.TaskInit          task.o
    0x000007a4   0x0000001c   Code   RO          208    i.TaskRunFirst      switch.o
    0x000007c0   0x00000044   Code   RO            6    i.TaskSched         main.o
    0x00000804   0x00000028   Code   RO            7    i.TaskSchedDisable  main.o
    0x0000082c   0x00000030   Code   RO            8    i.TaskSchedEnable   main.o
    0x0000085c   0x00000034   Code   RO            9    i.TaskSchedInit     main.o
    0x00000890   0x0000002c   Code   RO           10    i.TaskSchedRdy      main.o
    0x000008bc   0x0000003c   Code   RO           12    i.TaskSchedUnRdy    main.o
    0x000008f8   0x00000010   Code   RO          209    i.TaskSwitch        switch.o
    0x00000908   0x000000c8   Code   RO           13    i.TaskSystemTickHandler  main.o
    0x000009d0   0x00000020   Code   RO           15    i.TimeTaskWait      main.o
    0x000009f0   0x0000001c   Code   RO           16    i.TimeTaskWakeUp    main.o
    0x00000a0c   0x0000000c   Code   RO           17    i.TimeTickInit      main.o
    0x00000a18   0x0000004e   Code   RO          795    i.TimerCallFuncList  timer.o
    0x00000a66   0x00000002   PAD
    0x00000a68   0x00000028   Code   RO          798    i.TimerInitTask     timer.o
    0x00000a90   0x00000034   Code   RO          799    i.TimerModuleInit   timer.o
    0x00000ac4   0x00000024   Code   RO          800    i.TimerModuleTickNotify  timer.o
    0x00000ae8   0x0000002c   Code   RO          801    i.TimerSoftTask     timer.o
    0x00000b14   0x000000bc   Code   RO           18    i.checkCpuUsage     main.o
    0x00000bd0   0x00000010   Code   RO           19    i.cpuUsageSynWithSysTick  main.o
    0x00000be0   0x00000034   Code   RO           20    i.idleTaskEntry     main.o
    0x00000c14   0x00000030   Code   RO           21    i.initCpuUsageState  main.o
    0x00000c44   0x00000058   Code   RO           22    i.main              main.o
    0x00000c9c   0x0000002c   Code   RO          486    i.task1Entry        app.o
    0x00000cc8   0x00000020   Code   RO          487    i.task2Entry        app.o
    0x00000ce8   0x00000020   Code   RO          488    i.task3Entry        app.o
    0x00000d08   0x00000020   Code   RO          489    i.task4Entry        app.o
    0x00000d28   0x00000010   Code   RO           23    i.taskDelayedInit   main.o
    0x00000d38   0x00000062   Code   RO          911    x$fpl$d2f           fz_ws.l(d2f.o)
    0x00000d9a   0x00000002   PAD
    0x00000d9c   0x00000150   Code   RO          913    x$fpl$dadd          fz_ws.l(daddsub_clz.o)
    0x00000eec   0x000002b0   Code   RO          920    x$fpl$ddiv          fz_ws.l(ddiv.o)
    0x0000119c   0x00000026   Code   RO          923    x$fpl$dfltu         fz_ws.l(dflt_clz.o)
    0x000011c2   0x00000002   PAD
    0x000011c4   0x00000154   Code   RO          929    x$fpl$dmul          fz_ws.l(dmul.o)
    0x00001318   0x0000009c   Code   RO          932    x$fpl$dnaninf       fz_ws.l(dnaninf.o)
    0x000013b4   0x0000000c   Code   RO          934    x$fpl$dretinf       fz_ws.l(dretinf.o)
    0x000013c0   0x00000016   Code   RO          914    x$fpl$drsb          fz_ws.l(daddsub_clz.o)
    0x000013d6   0x00000002   PAD
    0x000013d8   0x000001d4   Code   RO          915    x$fpl$dsub          fz_ws.l(daddsub_clz.o)
    0x000015ac   0x0000000a   Code   RO          936    x$fpl$fretinf       fz_ws.l(fretinf.o)
    0x000015b6   0x00000000   Code   RO          938    x$fpl$usenofp       fz_ws.l(usenofp.o)
    0x000015b6   0x00000100   Data   RO          260    .constdata          bitmap.o
    0x000016b6   0x00000002   PAD
    0x000016b8   0x00000020   Data   RO         1091    Region$$Table       anon$$obj.o


    Execution Region RW_IRAM1 (Base: 0x20000000, Size: 0x00007458, Max: 0x00020000, ABSOLUTE)

    Base Addr    Size         Type   Attr      Idx    E Section Name        Object

    0x20000000   0x0000002c   Data   RW           25    .data               main.o
    0x2000002c   0x00000014   Data   RW          491    .data               app.o
    0x20000040   0x00000004   Data   RW          872    .data               system_armcm4.o
    0x20000044   0x000011dc   Zero   RW           24    .bss                main.o
    0x20001220   0x00004140   Zero   RW          490    .bss                app.o
    0x20005360   0x00001098   Zero   RW          804    .bss                timer.o
    0x200063f8   0x00000060   Zero   RW          965    .bss                c_w.l(libspace.o)
    0x20006458   0x00000c00   Zero   RW          861    HEAP                startup_armcm4.o
    0x20007058   0x00000400   Zero   RW          860    STACK               startup_armcm4.o


==============================================================================

Image component sizes


      Code (inc. data)   RO Data    RW Data    ZI Data      Debug   Object Name

       280         76          0         20      16704       3221   app.o
       122          6        256          0          0       2811   bitmap.o
        96         14          0          0          0      25288   cpu.o
       256          0          0          0          0       3509   event.o
       122          0          0          0          0       4256   list.o
      1056        182          0         44       4572      21164   main.o
       194         12          0          0          0       2214   semaphore.o
        64         26        192          0       4096        852   startup_armcm4.o
       114         18          0          0          0       6863   switch.o
        16          8          0          4          0        723   system_armcm4.o
       216          0          0          0          0       1199   task.o
        44          4          0          0          0        520   time.o
       250         50          0          0       4248       3110   timer.o

    ----------------------------------------------------------------------
      2838        396        482         68      29620      75730   Object Totals
         0          0         32          0          0          0   (incl. Generated)
         8          0          2          0          0          0   (incl. Padding)

    ----------------------------------------------------------------------

      Code (inc. data)   RO Data    RW Data    ZI Data      Debug   Library Member Name

         8          0          0          0          0         68   __main.o
         0          0          0          0          0          0   __rtentry.o
        12          0          0          0          0          0   __rtentry2.o
         6          0          0          0          0          0   __rtentry4.o
        52          8          0          0          0          0   __scatter.o
        26          0          0          0          0          0   __scatter_copy.o
        28          0          0          0          0          0   __scatter_zi.o
        18          0          0          0          0         80   exit.o
         6          0          0          0          0        152   heapauxi.o
         0          0          0          0          0          0   indicate_semi.o
         2          0          0          0          0          0   libinit.o
         2          0          0          0          0          0   libinit2.o
         2          0          0          0          0          0   libshutdown.o
         2          0          0          0          0          0   libshutdown2.o
         8          4          0          0         96         68   libspace.o
        78          0          0          0          0         80   rt_memclr_w.o
         2          0          0          0          0          0   rtexit.o
        10          0          0          0          0          0   rtexit2.o
        12          4          0          0          0         68   sys_exit.o
        74          0          0          0          0         80   sys_stackheap_outer.o
         2          0          0          0          0         68   use_no_semi.o
        98          4          0          0          0         92   d2f.o
       826         16          0          0          0        348   daddsub_clz.o
       688        140          0          0          0        208   ddiv.o
        38          0          0          0          0         68   dflt_clz.o
       340         12          0          0          0        104   dmul.o
       156          4          0          0          0         92   dnaninf.o
        12          0          0          0          0         68   dretinf.o
        10          0          0          0          0         68   fretinf.o
         0          0          0          0          0          0   usenofp.o

    ----------------------------------------------------------------------
      2528        192          0          0         96       1712   Library Totals
        10          0          0          0          0          0   (incl. Padding)

    ----------------------------------------------------------------------

      Code (inc. data)   RO Data    RW Data    ZI Data      Debug   Library Name

       350         16          0          0         96        664   c_w.l
      2168        176          0          0          0       1048   fz_ws.l

    ----------------------------------------------------------------------
      2528        192          0          0         96       1712   Library Totals

    ----------------------------------------------------------------------

==============================================================================


      Code (inc. data)   RO Data    RW Data    ZI Data      Debug   

      5366        588        482         68      29716      73850   Grand Totals
      5366        588        482         68      29716      73850   ELF Image Totals
      5366        588        482         68          0          0   ROM Totals

==============================================================================

    Total RO  Size (Code + RO Data)                 5848 (   5.71kB)
    Total RW  Size (RW Data + ZI Data)             29784 (  29.09kB)
    Total ROM Size (Code + RO Data + RW Data)       5916 (   5.78kB)

==============================================================================

