Component: ARM Compiler 5.06 update 3 (build 300) Tool: armlink [4d35c9]

==============================================================================

Section Cross References

    main.o(i.TaskHighestReady) refers to bitmap.o(i.GetBitmapFirstSet) for GetBitmapFirstSet
    main.o(i.TaskHighestReady) refers to list.o(i.ListFirstNode) for ListFirstNode
    main.o(i.TaskHighestReady) refers to main.o(.data) for taskPriorityBitamp
    main.o(i.TaskHighestReady) refers to main.o(.bss) for taskTable
    main.o(i.TaskSched) refers to switch.o(i.TaskEnterCritical) for TaskEnterCritical
    main.o(i.TaskSched) refers to switch.o(i.TaskExitCritical) for TaskExitCritical
    main.o(i.TaskSched) refers to main.o(i.TaskHighestReady) for TaskHighestReady
    main.o(i.TaskSched) refers to switch.o(i.TaskSwitch) for TaskSwitch
    main.o(i.TaskSched) refers to main.o(.data) for schedLockCount
    main.o(i.TaskSchedDisable) refers to switch.o(i.TaskEnterCritical) for TaskEnterCritical
    main.o(i.TaskSchedDisable) refers to switch.o(i.TaskExitCritical) for TaskExitCritical
    main.o(i.TaskSchedDisable) refers to main.o(.data) for schedLockCount
    main.o(i.TaskSchedEnable) refers to switch.o(i.TaskEnterCritical) for TaskEnterCritical
    main.o(i.TaskSchedEnable) refers to main.o(i.TaskSched) for TaskSched
    main.o(i.TaskSchedEnable) refers to switch.o(i.TaskExitCritical) for TaskExitCritical
    main.o(i.TaskSchedEnable) refers to main.o(.data) for schedLockCount
    main.o(i.TaskSchedInit) refers to bitmap.o(i.BitmapInit) for BitmapInit
    main.o(i.TaskSchedInit) refers to list.o(i.ListInit) for ListInit
    main.o(i.TaskSchedInit) refers to main.o(.data) for schedLockCount
    main.o(i.TaskSchedInit) refers to main.o(.bss) for taskTable
    main.o(i.TaskSchedRdy) refers to list.o(i.ListAddHead) for ListAddHead
    main.o(i.TaskSchedRdy) refers to bitmap.o(i.BitmapSet) for BitmapSet
    main.o(i.TaskSchedRdy) refers to main.o(.bss) for taskTable
    main.o(i.TaskSchedRdy) refers to main.o(.data) for taskPriorityBitamp
    main.o(i.TaskSchedRemove) refers to list.o(i.ListRemoveNode) for ListRemoveNode
    main.o(i.TaskSchedRemove) refers to list.o(i.GetListCount) for GetListCount
    main.o(i.TaskSchedRemove) refers to bitmap.o(i.BitmapClear) for BitmapClear
    main.o(i.TaskSchedRemove) refers to main.o(.bss) for taskTable
    main.o(i.TaskSchedRemove) refers to main.o(.data) for taskPriorityBitamp
    main.o(i.TaskSchedUnRdy) refers to list.o(i.ListRemoveNode) for ListRemoveNode
    main.o(i.TaskSchedUnRdy) refers to list.o(i.GetListCount) for GetListCount
    main.o(i.TaskSchedUnRdy) refers to bitmap.o(i.BitmapClear) for BitmapClear
    main.o(i.TaskSchedUnRdy) refers to main.o(.bss) for taskTable
    main.o(i.TaskSchedUnRdy) refers to main.o(.data) for taskPriorityBitamp
    main.o(i.TaskSystemTickHandler) refers to switch.o(i.TaskEnterCritical) for TaskEnterCritical
    main.o(i.TaskSystemTickHandler) refers to event.o(i.EventRemoveTask) for EventRemoveTask
    main.o(i.TaskSystemTickHandler) refers to main.o(i.TimeTaskWakeUp) for TimeTaskWakeUp
    main.o(i.TaskSystemTickHandler) refers to main.o(i.TaskSchedRdy) for TaskSchedRdy
    main.o(i.TaskSystemTickHandler) refers to list.o(i.GetListCount) for GetListCount
    main.o(i.TaskSystemTickHandler) refers to list.o(i.ListRemoveFirst) for ListRemoveFirst
    main.o(i.TaskSystemTickHandler) refers to list.o(i.ListAddTail) for ListAddTail
    main.o(i.TaskSystemTickHandler) refers to switch.o(i.TaskExitCritical) for TaskExitCritical
    main.o(i.TaskSystemTickHandler) refers to timer.o(i.TimerModuleTickNotify) for TimerModuleTickNotify
    main.o(i.TaskSystemTickHandler) refers to main.o(i.TaskSched) for TaskSched
    main.o(i.TaskSystemTickHandler) refers to main.o(.bss) for taskDelayedList
    main.o(i.TaskSystemTickHandler) refers to main.o(.data) for currentTask
    main.o(i.TimeTaskRemove) refers to list.o(i.ListRemoveNode) for ListRemoveNode
    main.o(i.TimeTaskRemove) refers to main.o(.bss) for taskDelayedList
    main.o(i.TimeTaskWait) refers to list.o(i.ListAddHead) for ListAddHead
    main.o(i.TimeTaskWait) refers to main.o(.bss) for taskDelayedList
    main.o(i.TimeTaskWakeUp) refers to list.o(i.ListRemoveNode) for ListRemoveNode
    main.o(i.TimeTaskWakeUp) refers to main.o(.bss) for taskDelayedList
    main.o(i.main) refers to main.o(i.TaskSchedInit) for TaskSchedInit
    main.o(i.main) refers to main.o(i.taskDelayedInit) for taskDelayedInit
    main.o(i.main) refers to timer.o(i.TimerModuleInit) for TimerModuleInit
    main.o(i.main) refers to app.o(i.InitApp) for InitApp
    main.o(i.main) refers to task.o(i.TaskInit) for TaskInit
    main.o(i.main) refers to main.o(i.TaskHighestReady) for TaskHighestReady
    main.o(i.main) refers to switch.o(i.TaskRunFirst) for TaskRunFirst
    main.o(i.main) refers to main.o(.bss) for idleTaskEnv
[...]
    task.o(i.TaskForceDelete) refers to main.o(i.TaskSched) for TaskSched
    task.o(i.TaskForceDelete) refers to switch.o(i.TaskExitCritical) for TaskExitCritical
    task.o(i.TaskForceDelete) refers to main.o(.data) for currentTask
    task.o(i.TaskInit) refers to rt_memclr_w.o(.text) for __aeabi_memclr4
    task.o(i.TaskInit) refers to list.o(i.NodeInit) for NodeInit
    task.o(i.TaskInit) refers to main.o(i.TaskSchedRdy) for TaskSchedRdy
    task.o(i.TaskIsRequestDeleted) refers to switch.o(i.TaskEnterCritical) for TaskEnterCritical
    task.o(i.TaskIsRequestDeleted) refers to switch.o(i.TaskExitCritical) for TaskExitCritical
    task.o(i.TaskIsRequestDeleted) refers to main.o(.data) for currentTask
    task.o(i.TaskRequestDelete) refers to switch.o(i.TaskEnterCritical) for TaskEnterCritical
    task.o(i.TaskRequestDelete) refers to switch.o(i.TaskExitCritical) for TaskExitCritical
    task.o(i.TaskSuspend) refers to switch.o(i.TaskEnterCritical) for TaskEnterCritical
    task.o(i.TaskSuspend) refers to main.o(i.TaskSchedUnRdy) for TaskSchedUnRdy
    task.o(i.TaskSuspend) refers to main.o(i.TaskSched) for TaskSched
    task.o(i.TaskSuspend) refers to switch.o(i.TaskExitCritical) for TaskExitCritical
    task.o(i.TaskSuspend) refers to main.o(.data) for currentTask
    task.o(i.TaskWakeUp) refers to switch.o(i.TaskEnterCritical) for TaskEnterCritical
    task.o(i.TaskWakeUp) refers to main.o(i.TaskSchedRdy) for TaskSchedRdy
    task.o(i.TaskWakeUp) refers to main.o(i.TaskSched) for TaskSched
    task.o(i.TaskWakeUp) refers to switch.o(i.TaskExitCritical) for TaskExitCritical
    cpu.o(i.SetSysTickPeriod) refers to system_armcm4.o(.data) for SystemCoreClock
    cpu.o(i.SysTick_Handler) refers to main.o(i.TaskSystemTickHandler) for TaskSystemTickHandler
    app.o(i.InitApp) refers to task.o(i.TaskInit) for TaskInit
    app.o(i.InitApp) refers to app.o(.bss) for Task1Env
    app.o(i.InitApp) refers to app.o(i.task1Entry) for task1Entry
    app.o(i.InitApp) refers to app.o(i.task2Entry) for task2Entry
    app.o(i.InitApp) refers to app.o(i.task3Entry) for task3Entry
    app.o(i.InitApp) refers to app.o(i.task4Entry) for task4Entry
    app.o(i.task1Entry) refers to cpu.o(i.SetSysTickPeriod) for SetSysTickPeriod
    app.o(i.task1Entry) refers to time.o(i.TaskDelay) for TaskDelay
    app.o(i.task1Entry) refers to task.o(i.GetTaskInfo) for GetTaskInfo
    app.o(i.task1Entry) refers to app.o(.data) for task1Flag
    app.o(i.task1Entry) refers to app.o(.bss) for taskInfo1
    app.o(i.task1Entry) refers to main.o(.data) for currentTask
    app.o(i.task2Entry) refers to time.o(i.TaskDelay) for TaskDelay
    app.o(i.task2Entry) refers to task.o(i.GetTaskInfo) for GetTaskInfo
    app.o(i.task2Entry) refers to app.o(.data) for task2Flag
    app.o(i.task2Entry) refers to app.o(.bss) for taskInfo2
    app.o(i.task2Entry) refers to main.o(.data) for currentTask
    app.o(i.task3Entry) refers to time.o(i.TaskDelay) for TaskDelay
    app.o(i.task3Entry) refers to task.o(i.GetTaskInfo) for GetTaskInfo
    app.o(i.task3Entry) refers to app.o(.data) for task3Flag
    app.o(i.task3Entry) refers to app.o(.bss) for taskInfo3
    app.o(i.task3Entry) refers to main.o(.data) for currentTask
    app.o(i.task4Entry) refers to time.o(i.TaskDelay) for TaskDelay
    app.o(i.task4Entry) refers to task.o(i.GetTaskInfo) for GetTaskInfo
    app.o(i.task4Entry) refers to app.o(.data) for task4Flag
    app.o(i.task4Entry) refers to app.o(.bss) for taskInfo4
    app.o(i.task4Entry) refers to main.o(.data) for currentTask
    event.o(i.EventInit) refers to list.o(i.ListInit) for ListInit
    event.o(i.EventRemoveAll) refers to switch.o(i.TaskEnterCritical) for TaskEnterCritical
    event.o(i.EventRemoveAll) refers to list.o(i.GetListCount) for GetListCount
    event.o(i.EventRemoveAll) refers to main.o(i.TimeTaskWakeUp) for TimeTaskWakeUp
    event.o(i.EventRemoveAll) refers to main.o(i.TaskSchedRdy) for TaskSchedRdy
    event.o(i.EventRemoveAll) refers to list.o(i.ListRemoveFirst) for ListRemoveFirst
    event.o(i.EventRemoveAll) refers to switch.o(i.TaskExitCritical) for TaskExitCritical
    event.o(i.EventRemoveTask) refers to switch.o(i.TaskEnterCritical) for TaskEnterCritical
    event.o(i.EventRemoveTask) refers to list.o(i.ListRemoveNode) for ListRemoveNode
    event.o(i.EventRemoveTask) refers to switch.o(i.TaskExitCritical) for TaskExitCritical
    event.o(i.EventWait) refers to switch.o(i.TaskEnterCritical) for TaskEnterCritical
    event.o(i.EventWait) refers to main.o(i.TaskSchedUnRdy) for TaskSchedUnRdy
    event.o(i.EventWait) refers to list.o(i.ListAddTail) for ListAddTail
    event.o(i.EventWait) refers to main.o(i.TimeTaskWait) for TimeTaskWait
    event.o(i.EventWait) refers to switch.o(i.TaskExitCritical) for TaskExitCritical
    event.o(i.EventWaitCount) refers to switch.o(i.TaskEnterCritical) for TaskEnterCritical
    event.o(i.EventWaitCount) refers to list.o(i.GetListCount) for GetListCount
    event.o(i.EventWaitCount) refers to switch.o(i.TaskExitCritical) for TaskExitCritical
    event.o(i.EventWakeUp) refers to switch.o(i.TaskEnterCritical) for TaskEnterCritical
    event.o(i.EventWakeUp) refers to list.o(i.ListRemoveFirst) for ListRemoveFirst
    event.o(i.EventWakeUp) refers to main.o(i.TimeTaskWakeUp) for TimeTaskWakeUp
    event.o(i.EventWakeUp) refers to main.o(i.TaskSchedRdy) for TaskSchedRdy
    event.o(i.EventWakeUp) refers to switch.o(i.TaskExitCritical) for TaskExitCritical
    event.o(i.EventWakeUpTask) refers to switch.o(i.TaskEnterCritical) for TaskEnterCritical
    event.o(i.EventWakeUpTask) refers to list.o(i.ListRemoveNode) for ListRemoveNode
    event.o(i.EventWakeUpTask) refers to main.o(i.TimeTaskWakeUp) for TimeTaskWakeUp
    event.o(i.EventWakeUpTask) refers to main.o(i.TaskSchedRdy) for TaskSchedRdy
    event.o(i.EventWakeUpTask) refers to switch.o(i.TaskExitCritical) for TaskExitCritical
    semaphore.o(i.GetSemInfo) refers to switch.o(i.TaskEnterCritical) for TaskEnterCritical
    semaphore.o(i.GetSemInfo) refers to event.o(i.EventWaitCount) for EventWaitCount
    semaphore.o(i.GetSemInfo) refers to switch.o(i.TaskExitCritical) for TaskExitCritical
    semaphore.o(i.SemDestory) refers to switch.o(i.TaskEnterCritical) for TaskEnterCritical
    semaphore.o(i.SemDestory) refers to event.o(i.EventRemoveAll) for EventRemoveAll
    semaphore.o(i.SemDestory) refers to switch.o(i.TaskExitCritical) for TaskExitCritical
    semaphore.o(i.SemDestory) refers to main.o(i.TaskSched) for TaskSched
    semaphore.o(i.SemNoWait) refers to switch.o(i.TaskEnterCritical) for TaskEnterCritical
    semaphore.o(i.SemNoWait) refers to switch.o(i.TaskExitCritical) for TaskExitCritical
    semaphore.o(i.SemNotify) refers to switch.o(i.TaskEnterCritical) for TaskEnterCritical
    semaphore.o(i.SemNotify) refers to event.o(i.EventWaitCount) for EventWaitCount
    semaphore.o(i.SemNotify) refers to event.o(i.EventWakeUp) for EventWakeUp
    semaphore.o(i.SemNotify) refers to main.o(i.TaskSched) for TaskSched
    semaphore.o(i.SemNotify) refers to switch.o(i.TaskExitCritical) for TaskExitCritical
    semaphore.o(i.SemNotify) refers to main.o(.data) for currentTask
    semaphore.o(i.SemWait) refers to switch.o(i.TaskEnterCritical) for TaskEnterCritical
    semaphore.o(i.SemWait) refers to switch.o(i.TaskExitCritical) for TaskExitCritical
    semaphore.o(i.SemWait) refers to event.o(i.EventWait) for EventWait
    semaphore.o(i.SemWait) refers to main.o(i.TaskSched) for TaskSched
    semaphore.o(i.SemWait) refers to main.o(.data) for currentTask
    semaphore.o(i.SemaphoreInit) refers to event.o(i.EventInit) for EventInit
    messagebox.o(i.GetMboxInfo) refers to switch.o(i.TaskEnterCritical) for TaskEnterCritical
    messagebox.o(i.GetMboxInfo) refers to event.o(i.EventWaitCount) for EventWaitCount
    messagebox.o(i.GetMboxInfo) refers to switch.o(i.TaskExitCritical) for TaskExitCritical
    messagebox.o(i.MboxClear) refers to switch.o(i.TaskEnterCritical) for TaskEnterCritical
    messagebox.o(i.MboxClear) refers to event.o(i.EventWaitCount) for EventWaitCount
    messagebox.o(i.MboxClear) refers to switch.o(i.TaskExitCritical) for TaskExitCritical
    messagebox.o(i.MboxDestory) refers to switch.o(i.TaskEnterCritical) for TaskEnterCritical
    messagebox.o(i.MboxDestory) refers to event.o(i.EventRemoveAll) for EventRemoveAll
    messagebox.o(i.MboxDestory) refers to switch.o(i.TaskExitCritical) for TaskExitCritical
    messagebox.o(i.MboxDestory) refers to main.o(i.TaskSched) for TaskSched
    messagebox.o(i.MboxInit) refers to event.o(i.EventInit) for EventInit
    messagebox.o(i.MboxNoWait) refers to switch.o(i.TaskEnterCritical) for TaskEnterCritical
    messagebox.o(i.MboxNoWait) refers to switch.o(i.TaskExitCritical) for TaskExitCritical
    messagebox.o(i.MboxNotify) refers to switch.o(i.TaskEnterCritical) for TaskEnterCritical
    messagebox.o(i.MboxNotify) refers to event.o(i.EventWaitCount) for EventWaitCount
    messagebox.o(i.MboxNotify) refers to event.o(i.EventWakeUp) for EventWakeUp
    messagebox.o(i.MboxNotify) refers to main.o(i.TaskSched) for TaskSched
    messagebox.o(i.MboxNotify) refers to switch.o(i.TaskExitCritical) for TaskExitCritical
    messagebox.o(i.MboxNotify) refers to main.o(.data) for currentTask
    messagebox.o(i.MboxWait) refers to switch.o(i.TaskEnterCritical) for TaskEnterCritical
    messagebox.o(i.MboxWait) refers to switch.o(i.TaskExitCritical) for TaskExitCritical
    messagebox.o(i.MboxWait) refers to event.o(i.EventWait) for EventWait
    messagebox.o(i.MboxWait) refers to main.o(i.TaskSched) for TaskSched
    messagebox.o(i.MboxWait) refers to main.o(.data) for currentTask
    memoryblock.o(i.GetMemBlockInfo) refers to switch.o(i.TaskEnterCritical) for TaskEnterCritical
    memoryblock.o(i.GetMemBlockInfo) refers to list.o(i.GetListCount) for GetListCount
    memoryblock.o(i.GetMemBlockInfo) refers to event.o(i.EventWaitCount) for EventWaitCount
    memoryblock.o(i.GetMemBlockInfo) refers to switch.o(i.TaskExitCritical) for TaskExitCritical
    memoryblock.o(i.MemBlockDestory) refers to switch.o(i.TaskEnterCritical) for TaskEnterCritical
    memoryblock.o(i.MemBlockDestory) refers to event.o(i.EventRemoveAll) for EventRemoveAll
    memoryblock.o(i.MemBlockDestory) refers to switch.o(i.TaskExitCritical) for TaskExitCritical
    memoryblock.o(i.MemBlockDestory) refers to main.o(i.TaskSched) for TaskSched
    memoryblock.o(i.MemBlockInit) refers to event.o(i.EventInit) for EventInit
    memoryblock.o(i.MemBlockInit) refers to list.o(i.ListInit) for ListInit
    memoryblock.o(i.MemBlockInit) refers to list.o(i.NodeInit) for NodeInit
    memoryblock.o(i.MemBlockInit) refers to list.o(i.ListAddTail) for ListAddTail
    memoryblock.o(i.MemBlockNoWait) refers to switch.o(i.TaskEnterCritical) for TaskEnterCritical
    memoryblock.o(i.MemBlockNoWait) refers to list.o(i.GetListCount) for GetListCount
    memoryblock.o(i.MemBlockNoWait) refers to list.o(i.ListRemoveFirst) for ListRemoveFirst
    memoryblock.o(i.MemBlockNoWait) refers to switch.o(i.TaskExitCritical) for TaskExitCritical
    memoryblock.o(i.MemBlockNotify) refers to switch.o(i.TaskEnterCritical) for TaskEnterCritical
    memoryblock.o(i.MemBlockNotify) refers to event.o(i.EventWaitCount) for EventWaitCount
    memoryblock.o(i.MemBlockNotify) refers to event.o(i.EventWakeUp) for EventWakeUp
    memoryblock.o(i.MemBlockNotify) refers to main.o(i.TaskSched) for TaskSched
    memoryblock.o(i.MemBlockNotify) refers to list.o(i.ListAddHead) for ListAddHead
    memoryblock.o(i.MemBlockNotify) refers to switch.o(i.TaskExitCritical) for TaskExitCritical
    memoryblock.o(i.MemBlockNotify) refers to main.o(.data) for currentTask
    memoryblock.o(i.MemBlockWait) refers to switch.o(i.TaskEnterCritical) for TaskEnterCritical
    memoryblock.o(i.MemBlockWait) refers to list.o(i.GetListCount) for GetListCount
    memoryblock.o(i.MemBlockWait) refers to list.o(i.ListRemoveFirst) for ListRemoveFirst
    memoryblock.o(i.MemBlockWait) refers to switch.o(i.TaskExitCritical) for TaskExitCritical
    memoryblock.o(i.MemBlockWait) refers to event.o(i.EventWait) for EventWait
    memoryblock.o(i.MemBlockWait) refers to main.o(i.TaskSched) for TaskSched
    memoryblock.o(i.MemBlockWait) refers to main.o(.data) for currentTask
    flaggroup.o(i.FlagGroupDestoty) refers to switch.o(i.TaskEnterCritical) for TaskEnterCritical
    flaggroup.o(i.FlagGroupDestoty) refers to event.o(i.EventRemoveAll) for EventRemoveAll
    flaggroup.o(i.FlagGroupDestoty) refers to switch.o(i.TaskExitCritical) for TaskExitCritical
    flaggroup.o(i.FlagGroupDestoty) refers to main.o(i.TaskSched) for TaskSched
    flaggroup.o(i.FlagGroupInit) refers to event.o(i.EventInit) for EventInit
    flaggroup.o(i.FlagGroupNoWait) refers to switch.o(i.TaskEnterCritical) for TaskEnterCritical
    flaggroup.o(i.FlagGroupNoWait) refers to flaggroup.o(i.FlagGroupCheckAndConsume) for FlagGroupCheckAndConsume
    flaggroup.o(i.FlagGroupNoWait) refers to switch.o(i.TaskExitCritical) for TaskExitCritical
    flaggroup.o(i.FlagGroupNotify) refers to switch.o(i.TaskEnterCritical) for TaskEnterCritical
    flaggroup.o(i.FlagGroupNotify) refers to flaggroup.o(i.FlagGroupCheckAndConsume) for FlagGroupCheckAndConsume
    flaggroup.o(i.FlagGroupNotify) refers to event.o(i.EventWakeUpTask) for EventWakeUpTask
    flaggroup.o(i.FlagGroupNotify) refers to main.o(i.TaskSched) for TaskSched
    flaggroup.o(i.FlagGroupNotify) refers to switch.o(i.TaskExitCritical) for TaskExitCritical
    flaggroup.o(i.FlagGroupWait) refers to switch.o(i.TaskEnterCritical) for TaskEnterCritical
    flaggroup.o(i.FlagGroupWait) refers to flaggroup.o(i.FlagGroupCheckAndConsume) for FlagGroupCheckAndConsume
    flaggroup.o(i.FlagGroupWait) refers to event.o(i.EventWait) for EventWait
    flaggroup.o(i.FlagGroupWait) refers to switch.o(i.TaskExitCritical) for TaskExitCritical
    flaggroup.o(i.FlagGroupWait) refers to main.o(i.TaskSched) for TaskSched
    flaggroup.o(i.FlagGroupWait) refers to main.o(.data) for currentTask
    flaggroup.o(i.GetFlagGroupInfo) refers to switch.o(i.TaskEnterCritical) for TaskEnterCritical
    flaggroup.o(i.GetFlagGroupInfo) refers to event.o(i.EventWaitCount) for EventWaitCount
    flaggroup.o(i.GetFlagGroupInfo) refers to switch.o(i.TaskExitCritical) for TaskExitCritical
    mutexsemaphore.o(i.GetMutexInfo) refers to switch.o(i.TaskEnterCritical) for TaskEnterCritical
    mutexsemaphore.o(i.GetMutexInfo) refers to event.o(i.EventWaitCount) for EventWaitCount
    mutexsemaphore.o(i.GetMutexInfo) refers to switch.o(i.TaskExitCritical) for TaskExitCritical
    mutexsemaphore.o(i.MutexDestory) refers to switch.o(i.TaskEnterCritical) for TaskEnterCritical
    mutexsemaphore.o(i.MutexDestory) refers to main.o(i.TaskSchedUnRdy) for TaskSchedUnRdy
    mutexsemaphore.o(i.MutexDestory) refers to main.o(i.TaskSchedRdy) for TaskSchedRdy
    mutexsemaphore.o(i.MutexDestory) refers to event.o(i.EventRemoveAll) for EventRemoveAll
    mutexsemaphore.o(i.MutexDestory) refers to main.o(i.TaskSched) for TaskSched
    mutexsemaphore.o(i.MutexDestory) refers to switch.o(i.TaskExitCritical) for TaskExitCritical
    mutexsemaphore.o(i.MutexInit) refers to event.o(i.EventInit) for EventInit
    mutexsemaphore.o(i.MutexNoWait) refers to switch.o(i.TaskEnterCritical) for TaskEnterCritical
    mutexsemaphore.o(i.MutexNoWait) refers to switch.o(i.TaskExitCritical) for TaskExitCritical
    mutexsemaphore.o(i.MutexNoWait) refers to main.o(.data) for currentTask
    mutexsemaphore.o(i.MutexNotify) refers to switch.o(i.TaskEnterCritical) for TaskEnterCritical
    mutexsemaphore.o(i.MutexNotify) refers to switch.o(i.TaskExitCritical) for TaskExitCritical
    mutexsemaphore.o(i.MutexNotify) refers to main.o(i.TaskSchedUnRdy) for TaskSchedUnRdy
    mutexsemaphore.o(i.MutexNotify) refers to main.o(i.TaskSchedRdy) for TaskSchedRdy
    mutexsemaphore.o(i.MutexNotify) refers to event.o(i.EventWaitCount) for EventWaitCount
    mutexsemaphore.o(i.MutexNotify) refers to event.o(i.EventWakeUp) for EventWakeUp
    mutexsemaphore.o(i.MutexNotify) refers to main.o(i.TaskSched) for TaskSched
    mutexsemaphore.o(i.MutexNotify) refers to main.o(.data) for currentTask
    mutexsemaphore.o(i.MutexWait) refers to switch.o(i.TaskEnterCritical) for TaskEnterCritical
    mutexsemaphore.o(i.MutexWait) refers to switch.o(i.TaskExitCritical) for TaskExitCritical
    mutexsemaphore.o(i.MutexWait) refers to main.o(i.TaskSchedUnRdy) for TaskSchedUnRdy
    mutexsemaphore.o(i.MutexWait) refers to main.o(i.TaskSchedRdy) for TaskSchedRdy
    mutexsemaphore.o(i.MutexWait) refers to event.o(i.EventWait) for EventWait
    mutexsemaphore.o(i.MutexWait) refers to main.o(i.TaskSched) for TaskSched
    mutexsemaphore.o(i.MutexWait) refers to main.o(.data) for currentTask
    timer.o(i.GetTimerInfo) refers to switch.o(i.TaskEnterCritical) for TaskEnterCritical
    timer.o(i.GetTimerInfo) refers to switch.o(i.TaskExitCritical) for TaskExitCritical
    timer.o(i.TimerCallFuncList) refers to list.o(i.ListRemoveNode) for ListRemoveNode
    timer.o(i.TimerDestory) refers to timer.o(i.TimerStop) for TimerStop
    timer.o(i.TimerInit) refers to list.o(i.NodeInit) for NodeInit
    timer.o(i.TimerModuleInit) refers to list.o(i.ListInit) for ListInit
    timer.o(i.TimerModuleInit) refers to semaphore.o(i.SemaphoreInit) for SemaphoreInit
    timer.o(i.TimerModuleInit) refers to task.o(i.TaskInit) for TaskInit
    timer.o(i.TimerModuleInit) refers to timer.o(.bss) for TimerHardList
    timer.o(i.TimerModuleInit) refers to timer.o(i.TimerSoftTask) for TimerSoftTask
    timer.o(i.TimerModuleTickNotify) refers to switch.o(i.TaskEnterCritical) for TaskEnterCritical
    timer.o(i.TimerModuleTickNotify) refers to timer.o(i.TimerCallFuncList) for TimerCallFuncList
    timer.o(i.TimerModuleTickNotify) refers to switch.o(i.TaskExitCritical) for TaskExitCritical
    timer.o(i.TimerModuleTickNotify) refers to semaphore.o(i.SemNotify) for SemNotify
    timer.o(i.TimerModuleTickNotify) refers to timer.o(.bss) for TimerHardList
    timer.o(i.TimerSoftTask) refers to semaphore.o(i.SemWait) for SemWait
    timer.o(i.TimerSoftTask) refers to timer.o(i.TimerCallFuncList) for TimerCallFuncList
    timer.o(i.TimerSoftTask) refers to semaphore.o(i.SemNotify) for SemNotify
    timer.o(i.TimerSoftTask) refers to timer.o(.bss) for TimerTickSem
    timer.o(i.TimerStart) refers to switch.o(i.TaskEnterCritical) for TaskEnterCritical
    timer.o(i.TimerStart) refers to list.o(i.ListAddHead) for ListAddHead
    timer.o(i.TimerStart) refers to switch.o(i.TaskExitCritical) for TaskExitCritical
    timer.o(i.TimerStart) refers to semaphore.o(i.SemWait) for SemWait
    timer.o(i.TimerStart) refers to semaphore.o(i.SemNotify) for SemNotify
    timer.o(i.TimerStart) refers to timer.o(.bss) for TimerHardList
    timer.o(i.TimerStop) refers to switch.o(i.TaskEnterCritical) for TaskEnterCritical
    timer.o(i.TimerStop) refers to list.o(i.ListRemoveNode) for ListRemoveNode
    timer.o(i.TimerStop) refers to switch.o(i.TaskExitCritical) for TaskExitCritical
    timer.o(i.TimerStop) refers to semaphore.o(i.SemWait) for SemWait
    timer.o(i.TimerStop) refers to semaphore.o(i.SemNotify) for SemNotify
    timer.o(i.TimerStop) refers to timer.o(.bss) for TimerHardList
    startup_armcm4.o(STACK) refers (Special) to heapauxi.o(.text) for __use_two_region_memory
    startup_armcm4.o(HEAP) refers (Special) to heapauxi.o(.text) for __use_two_region_memory
    startup_armcm4.o(RESET) refers (Special) to heapauxi.o(.text) for __use_two_region_memory
    startup_armcm4.o(RESET) refers to startup_armcm4.o(STACK) for __initial_sp
    startup_armcm4.o(RESET) refers to startup_armcm4.o(.text) for Reset_Handler
    startup_armcm4.o(RESET) refers to switch.o(.emb_text) for PendSV_Handler
    startup_armcm4.o(RESET) refers to cpu.o(i.SysTick_Handler) for SysTick_Handler
    startup_armcm4.o(.text) refers (Special) to heapauxi.o(.text) for __use_two_region_memory
    startup_armcm4.o(.text) refers to system_armcm4.o(i.SystemInit) for SystemInit
    startup_armcm4.o(.text) refers to __main.o(!!!main) for __main
    startup_armcm4.o(.text) refers to startup_armcm4.o(HEAP) for Heap_Mem
    startup_armcm4.o(.text) refers to startup_armcm4.o(STACK) for Stack_Mem
    system_armcm4.o(i.SystemCoreClockUpdate) refers to system_armcm4.o(.data) for SystemCoreClock
    system_armcm4.o(i.SystemInit) refers to system_armcm4.o(.data) for SystemCoreClock
    __main.o(!!!main) refers to __rtentry.o(.ARM.Collect$$rtentry$$00000000) for __rt_entry
    __rtentry.o(.ARM.Collect$$rtentry$$00000000) refers (Special) to __rtentry2.o(.ARM.Collect$$rtentry$$0000000A) for __rt_entry_li
    __rtentry.o(.ARM.Collect$$rtentry$$00000000) refers (Special) to __rtentry2.o(.ARM.Collect$$rtentry$$0000000D) for __rt_entry_main
    __rtentry.o(.ARM.Collect$$rtentry$$00000000) refers (Special) to __rtentry2.o(.ARM.Collect$$rtentry$$0000000C) for __rt_entry_postli_1
    __rtentry.o(.ARM.Collect$$rtentry$$00000000) refers (Special) to __rtentry2.o(.ARM.Collect$$rtentry$$00000009) for __rt_entry_postsh_1
    __rtentry.o(.ARM.Collect$$rtentry$$00000000) refers (Special) to __rtentry2.o(.ARM.Collect$$rtentry$$00000002) for __rt_entry_presh_1
    __rtentry.o(.ARM.Collect$$rtentry$$00000000) refers (Special) to __rtentry4.o(.ARM.Collect$$rtentry$$00000004) for __rt_entry_sh
    __rtentry2.o(.ARM.Collect$$rtentry$$00000008) refers to boardinit2.o(.text) for _platform_post_stackheap_init
    __rtentry2.o(.ARM.Collect$$rtentry$$0000000A) refers to libinit.o(.ARM.Collect$$libinit$$00000000) for __rt_lib_init
    __rtentry2.o(.ARM.Collect$$rtentry$$0000000B) refers to boardinit3.o(.text) for _platform_post_lib_init
    __rtentry2.o(.ARM.Collect$$rtentry$$0000000D) refers to main.o(i.main) for main
    __rtentry2.o(.ARM.Collect$$rtentry$$0000000D) refers to exit.o(.text) for exit
    __rtentry2.o(.ARM.exidx) refers to __rtentry2.o(.ARM.Collect$$rtentry$$00000001) for .ARM.Collect$$rtentry$$00000001
    __rtentry2.o(.ARM.exidx) refers to __rtentry2.o(.ARM.Collect$$rtentry$$00000008) for .ARM.Collect$$rtentry$$00000008
    __rtentry2.o(.ARM.exidx) refers to __rtentry2.o(.ARM.Collect$$rtentry$$0000000A) for .ARM.Collect$$rtentry$$0000000A
    __rtentry2.o(.ARM.exidx) refers to __rtentry2.o(.ARM.Collect$$rtentry$$0000000B) for .ARM.Collect$$rtentry$$0000000B
    __rtentry2.o(.ARM.exidx) refers to __rtentry2.o(.ARM.Collect$$rtentry$$0000000D) for .ARM.Collect$$rtentry$$0000000D
    __rtentry4.o(.ARM.Collect$$rtentry$$00000004) refers to sys_stackheap_outer.o(.text) for __user_setup_stackheap
    __rtentry4.o(.ARM.exidx) refers to __rtentry4.o(.ARM.Collect$$rtentry$$00000004) for .ARM.Collect$$rtentry$$00000004
    sys_stackheap_outer.o(.text) refers to libspace.o(.text) for __user_perproc_libspace
    sys_stackheap_outer.o(.text) refers to startup_armcm4.o(.text) for __user_initial_stackheap
    exit.o(.text) refers to rtexit.o(.ARM.Collect$$rtexit$$00000000) for __rt_exit
    libinit.o(.ARM.Collect$$libinit$$00000000) refers (Special) to libinit2.o(.ARM.Collect$$libinit$$0000002E) for __rt_lib_init_alloca_1
    libinit.o(.ARM.Collect$$libinit$$00000000) refers (Special) to libinit2.o(.ARM.Collect$$libinit$$0000002C) for __rt_lib_init_argv_1
    libinit.o(.ARM.Collect$$libinit$$00000000) refers (Special) to libinit2.o(.ARM.Collect$$libinit$$0000001B) for __rt_lib_init_atexit_1
    libinit.o(.ARM.Collect$$libinit$$00000000) refers (Special) to libinit2.o(.ARM.Collect$$libinit$$00000021) for __rt_lib_init_clock_1
    libinit.o(.ARM.Collect$$libinit$$00000000) refers (Special) to libinit2.o(.ARM.Collect$$libinit$$00000032) for __rt_lib_init_cpp_1
    libinit.o(.ARM.Collect$$libinit$$00000000) refers (Special) to libinit2.o(.ARM.Collect$$libinit$$00000030) for __rt_lib_init_exceptions_1
    libinit.o(.ARM.Collect$$libinit$$00000000) refers (Special) to libinit2.o(.ARM.Collect$$libinit$$00000002) for __rt_lib_init_fp_1
    libinit.o(.ARM.Collect$$libinit$$00000000) refers (Special) to libinit2.o(.ARM.Collect$$libinit$$0000001F) for __rt_lib_init_fp_trap_1
    libinit.o(.ARM.Collect$$libinit$$00000000) refers (Special) to libinit2.o(.ARM.Collect$$libinit$$00000023) for __rt_lib_init_getenv_1
    libinit.o(.ARM.Collect$$libinit$$00000000) refers (Special) to libinit2.o(.ARM.Collect$$libinit$$0000000A) for __rt_lib_init_heap_1
    libinit.o(.ARM.Collect$$libinit$$00000000) refers (Special) to libinit2.o(.ARM.Collect$$libinit$$00000011) for __rt_lib_init_lc_collate_1
    libinit.o(.ARM.Collect$$libinit$$00000000) refers (Special) to libinit2.o(.ARM.Collect$$libinit$$00000013) for __rt_lib_init_lc_ctype_1
    libinit.o(.ARM.Collect$$libinit$$00000000) refers (Special) to libinit2.o(.ARM.Collect$$libinit$$00000015) for __rt_lib_init_lc_monetary_1
    libinit.o(.ARM.Collect$$libinit$$00000000) refers (Special) to libinit2.o(.ARM.Collect$$libinit$$00000017) for __rt_lib_init_lc_numeric_1
    libinit.o(.ARM.Collect$$libinit$$00000000) refers (Special) to libinit2.o(.ARM.Collect$$libinit$$00000019) for __rt_lib_init_lc_time_1
    libinit.o(.ARM.Collect$$libinit$$00000000) refers (Special) to libinit2.o(.ARM.Collect$$libinit$$00000004) for __rt_lib_init_preinit_1
    libinit.o(.ARM.Collect$$libinit$$00000000) refers (Special) to libinit2.o(.ARM.Collect$$libinit$$0000000E) for __rt_lib_init_rand_1
    libinit.o(.ARM.Collect$$libinit$$00000000) refers (Special) to libinit2.o(.ARM.Collect$$libinit$$00000033) for __rt_lib_init_return
    libinit.o(.ARM.Collect$$libinit$$00000000) refers (Special) to libinit2.o(.ARM.Collect$$libinit$$0000001D) for __rt_lib_init_signal_1
    libinit.o(.ARM.Collect$$libinit$$00000000) refers (Special) to libinit2.o(.ARM.Collect$$libinit$$00000025) for __rt_lib_init_stdio_1
    libinit.o(.ARM.Collect$$libinit$$00000000) refers (Special) to libinit2.o(.ARM.Collect$$libinit$$0000000C) for __rt_lib_init_user_alloc_1
    libspace.o(.text) refers to libspace.o(.bss) for __libspace_start
    rtexit.o(.ARM.Collect$$rtexit$$00000000) refers (Special) to rtexit2.o(.ARM.Collect$$rtexit$$00000004) for __rt_exit_exit
    rtexit.o(.ARM.Collect$$rtexit$$00000000) refers (Special) to rtexit2.o(.ARM.Collect$$rtexit$$00000003) for __rt_exit_ls
    rtexit.o(.ARM.Collect$$rtexit$$00000000) refers (Special) to rtexit2.o(.ARM.Collect$$rtexit$$00000002) for __rt_exit_prels_1
    rtexit.o(.ARM.exidx) refers (Special) to rtexit2.o(.ARM.Collect$$rtexit$$00000004) for __rt_exit_exit
    rtexit.o(.ARM.exidx) refers (Special) to rtexit2.o(.ARM.Collect$$rtexit$$00000003) for __rt_exit_ls
    rtexit.o(.ARM.exidx) refers (Special) to rtexit2.o(.ARM.Collect$$rtexit$$00000002) for __rt_exit_prels_1
    rtexit.o(.ARM.exidx) refers to rtexit.o(.ARM.Collect$$rtexit$$00000000) for .ARM.Collect$$rtexit$$00000000
    libinit2.o(.ARM.Collect$$libinit$$00000010) refers to libinit2.o(.ARM.Collect$$libinit$$0000000F) for .ARM.Collect$$libinit$$0000000F
    libinit2.o(.ARM.Collect$$libinit$$00000012) refers to libinit2.o(.ARM.Collect$$libinit$$0000000F) for .ARM.Collect$$libinit$$0000000F
    libinit2.o(.ARM.Collect$$libinit$$00000014) refers to libinit2.o(.ARM.Collect$$libinit$$0000000F) for .ARM.Collect$$libinit$$0000000F
    libinit2.o(.ARM.Collect$$libinit$$00000016) refers to libinit2.o(.ARM.Collect$$libinit$$0000000F) for .ARM.Collect$$libinit$$0000000F
    libinit2.o(.ARM.Collect$$libinit$$00000018) refers to libinit2.o(.ARM.Collect$$libinit$$0000000F) for .ARM.Collect$$libinit$$0000000F
    libinit2.o(.ARM.Collect$$libinit$$00000026) refers to argv_veneer.o(.emb_text) for __ARM_argv_veneer
    libinit2.o(.ARM.Collect$$libinit$$00000027) refers to argv_veneer.o(.emb_text) for __ARM_argv_veneer
    rtexit2.o(.ARM.Collect$$rtexit$$00000003) refers to libshutdown.o(.ARM.Collect$$libshutdown$$00000000) for __rt_lib_shutdown
    rtexit2.o(.ARM.Collect$$rtexit$$00000004) refers to sys_exit.o(.text) for _sys_exit
    rtexit2.o(.ARM.exidx) refers to rtexit2.o(.ARM.Collect$$rtexit$$00000001) for .ARM.Collect$$rtexit$$00000001
    rtexit2.o(.ARM.exidx) refers to rtexit2.o(.ARM.Collect$$rtexit$$00000003) for .ARM.Collect$$rtexit$$00000003
    rtexit2.o(.ARM.exidx) refers to rtexit2.o(.ARM.Collect$$rtexit$$00000004) for .ARM.Collect$$rtexit$$00000004
    argv_veneer.o(.emb_text) refers to no_argv.o(.text) for __ARM_get_argv
    sys_exit.o(.text) refers (Special) to use_no_semi.o(.text) for __I$use$semihosting
    sys_exit.o(.text) refers (Special) to indicate_semi.o(.text) for __semihosting_library_function
    _get_argv_nomalloc.o(.text) refers (Special) to hrguard.o(.text) for __heap_region$guard
    _get_argv_nomalloc.o(.text) refers to defsig_rtmem_outer.o(.text) for __rt_SIGRTMEM
    _get_argv_nomalloc.o(.text) refers to sys_command.o(.text) for _sys_command_string
    libshutdown.o(.ARM.Collect$$libshutdown$$00000000) refers (Special) to libshutdown2.o(.ARM.Collect$$libshutdown$$00000002) for __rt_lib_shutdown_cpp_1
    libshutdown.o(.ARM.Collect$$libshutdown$$00000000) refers (Special) to libshutdown2.o(.ARM.Collect$$libshutdown$$00000007) for __rt_lib_shutdown_fp_trap_1
    libshutdown.o(.ARM.Collect$$libshutdown$$00000000) refers (Special) to libshutdown2.o(.ARM.Collect$$libshutdown$$0000000F) for __rt_lib_shutdown_heap_1
    libshutdown.o(.ARM.Collect$$libshutdown$$00000000) refers (Special) to libshutdown2.o(.ARM.Collect$$libshutdown$$00000010) for __rt_lib_shutdown_return
    libshutdown.o(.ARM.Collect$$libshutdown$$00000000) refers (Special) to libshutdown2.o(.ARM.Collect$$libshutdown$$0000000A) for __rt_lib_shutdown_signal_1
    libshutdown.o(.ARM.Collect$$libshutdown$$00000000) refers (Special) to libshutdown2.o(.ARM.Collect$$libshutdown$$00000004) for __rt_lib_shutdown_stdio_1
    libshutdown.o(.ARM.Collect$$libshutdown$$00000000) refers (Special) to libshutdown2.o(.ARM.Collect$$libshutdown$$0000000C) for __rt_lib_shutdown_user_alloc_1
    sys_command.o(.text) refers (Special) to use_no_semi.o(.text) for __I$use$semihosting
    sys_command.o(.text) refers (Special) to indicate_semi.o(.text) for __semihosting_library_function
    defsig_rtmem_outer.o(.text) refers to defsig_rtmem_inner.o(.text) for __rt_SIGRTMEM_inner
    defsig_rtmem_outer.o(.text) refers to defsig_exit.o(.text) for __sig_exit
    defsig_rtmem_formal.o(.text) refers to rt_raise.o(.text) for __rt_raise
    rt_raise.o(.text) refers to __raise.o(.text) for __raise
    rt_raise.o(.text) refers to sys_exit.o(.text) for _sys_exit
    defsig_exit.o(.text) refers to sys_exit.o(.text) for _sys_exit
    defsig_rtmem_inner.o(.text) refers to defsig_general.o(.text) for __default_signal_display
    __raise.o(.text) refers to defsig.o(CL$$defsig) for __default_signal_handler
    defsig_general.o(.text) refers to sys_wrch.o(.text) for _ttywrch
    sys_wrch.o(.text) refers (Special) to use_no_semi.o(.text) for __I$use$semihosting
    sys_wrch.o(.text) refers (Special) to indicate_semi.o(.text) for __semihosting_library_function
    defsig.o(CL$$defsig) refers to defsig_rtmem_inner.o(.text) for __rt_SIGRTMEM_inner
    defsig_abrt_inner.o(.text) refers to defsig_general.o(.text) for __default_signal_display
    defsig_fpe_inner.o(.text) refers to defsig_general.o(.text) for __default_signal_display
    defsig_rtred_inner.o(.text) refers to defsig_general.o(.text) for __default_signal_display
    defsig_stak_inner.o(.text) refers to defsig_general.o(.text) for __default_signal_display
    defsig_pvfn_inner.o(.text) refers to defsig_general.o(.text) for __default_signal_display
    defsig_cppl_inner.o(.text) refers to defsig_general.o(.text) for __default_signal_display
    defsig_segv_inner.o(.text) refers to defsig_general.o(.text) for __default_signal_display
    defsig_other.o(.text) refers to defsig_general.o(.text) for __default_signal_display


==============================================================================

Removing Unused input sections from the image.

    Removing main.o(.rev16_text), (4 bytes).
    Removing main.o(.revsh_text), (4 bytes).
    Removing main.o(.rrx_text), (6 bytes).
    Removing main.o(i.TaskSchedDisable), (40 bytes).
    Removing main.o(i.TaskSchedEnable), (48 bytes).
    Removing main.o(i.TaskSchedRemove), (60 bytes).
    Removing main.o(i.TimeTaskRemove), (20 bytes).
    Removing switch.o(.rev16_text), (4 bytes).
    Removing switch.o(.revsh_text), (4 bytes).
    Removing switch.o(.rrx_text), (6 bytes).
    Removing list.o(i.ListInsertAfter), (20 bytes).
    Removing list.o(i.ListLastNode), (14 bytes).
    Removing list.o(i.ListNodeNext), (16 bytes).
    Removing list.o(i.ListNodePre), (16 bytes).
    Removing list.o(i.ListRemoveAllNodes), (32 bytes).
    Removing task.o(i.TaskDeleteSelf), (56 bytes).
    Removing task.o(i.TaskForceDelete), (80 bytes).
    Removing task.o(i.TaskIsRequestDeleted), (32 bytes).
    Removing task.o(i.TaskRequestDelete), (24 bytes).
    Removing task.o(i.TaskSetCleanCallFunc), (6 bytes).
    Removing task.o(i.TaskSuspend), (68 bytes).
    Removing task.o(i.TaskWakeUp), (54 bytes).
    Removing cpu.o(.rev16_text), (4 bytes).
    Removing cpu.o(.revsh_text), (4 bytes).
    Removing cpu.o(.rrx_text), (6 bytes).
    Removing event.o(i.EventRemoveAll), (92 bytes).
    Removing event.o(i.EventWakeUpTask), (70 bytes).
    Removing semaphore.o(i.GetSemInfo), (36 bytes).
    Removing semaphore.o(i.SemDestory), (42 bytes).
    Removing semaphore.o(i.SemNoWait), (40 bytes).
    Removing messagebox.o(i.GetMboxInfo), (36 bytes).
    Removing messagebox.o(i.MboxClear), (34 bytes).
    Removing messagebox.o(i.MboxDestory), (38 bytes).
    Removing messagebox.o(i.MboxInit), (30 bytes).
    Removing messagebox.o(i.MboxNoWait), (68 bytes).
    Removing messagebox.o(i.MboxNotify), (152 bytes).
    Removing messagebox.o(i.MboxWait), (108 bytes).
    Removing memoryblock.o(i.GetMemBlockInfo), (46 bytes).
    Removing memoryblock.o(i.MemBlockDestory), (38 bytes).
    Removing memoryblock.o(i.MemBlockInit), (78 bytes).
    Removing memoryblock.o(i.MemBlockNoWait), (52 bytes).
    Removing memoryblock.o(i.MemBlockNotify), (76 bytes).
    Removing memoryblock.o(i.MemBlockWait), (92 bytes).
    Removing flaggroup.o(i.FlagGroupCheckAndConsume), (86 bytes).
    Removing flaggroup.o(i.FlagGroupDestoty), (38 bytes).
    Removing flaggroup.o(i.FlagGroupInit), (18 bytes).
    Removing flaggroup.o(i.FlagGroupNoWait), (48 bytes).
    Removing flaggroup.o(i.FlagGroupNotify), (124 bytes).
    Removing flaggroup.o(i.FlagGroupWait), (116 bytes).
    Removing flaggroup.o(i.GetFlagGroupInfo), (32 bytes).
    Removing mutexsemaphore.o(i.GetMutexInfo), (56 bytes).
    Removing mutexsemaphore.o(i.MutexDestory), (84 bytes).
    Removing mutexsemaphore.o(i.MutexInit), (24 bytes).
    Removing mutexsemaphore.o(i.MutexNoWait), (84 bytes).
    Removing mutexsemaphore.o(i.MutexNotify), (172 bytes).
    Removing mutexsemaphore.o(i.MutexWait), (164 bytes).
    Removing timer.o(i.GetTimerInfo), (46 bytes).
    Removing timer.o(i.TimerDestory), (18 bytes).
    Removing timer.o(i.TimerInit), (54 bytes).
    Removing timer.o(i.TimerStart), (108 bytes).
    Removing timer.o(i.TimerStop), (92 bytes).
    Removing system_armcm4.o(.rev16_text), (4 bytes).
    Removing system_armcm4.o(.revsh_text), (4 bytes).
    Removing system_armcm4.o(.rrx_text), (6 bytes).
    Removing system_armcm4.o(i.SystemCoreClockUpdate), (16 bytes).

65 unused section(s) (total 3150 bytes) removed from the image.

==============================================================================

Image Symbol Table

    Local Symbols

    Symbol Name                              Value     Ov Type        Size  Object(Section)

    RESET                                    0x00000000   Section      192  startup_armcm4.o(RESET)
    ../clib/angel/boardlib.s                 0x00000000   Number         0  boardinit1.o ABSOLUTE
    ../clib/angel/boardlib.s                 0x00000000   Number         0  boardinit2.o ABSOLUTE
    ../clib/angel/boardlib.s                 0x00000000   Number         0  boardinit3.o ABSOLUTE
    ../clib/angel/boardlib.s                 0x00000000   Number         0  boardshut.o ABSOLUTE
    ../clib/angel/handlers.s                 0x00000000   Number         0  __scatter_zi.o ABSOLUTE
    ../clib/angel/handlers.s                 0x00000000   Number         0  __scatter_copy.o ABSOLUTE
    ../clib/angel/kernel.s                   0x00000000   Number         0  __rtentry4.o ABSOLUTE
    ../clib/angel/kernel.s                   0x00000000   Number         0  __rtentry2.o ABSOLUTE
    ../clib/angel/kernel.s                   0x00000000   Number         0  __rtentry.o ABSOLUTE
    ../clib/angel/kernel.s                   0x00000000   Number         0  rtexit.o ABSOLUTE
    ../clib/angel/kernel.s                   0x00000000   Number         0  rtexit2.o ABSOLUTE
    ../clib/angel/rt.s                       0x00000000   Number         0  rt_raise.o ABSOLUTE
    ../clib/angel/scatter.s                  0x00000000   Number         0  __scatter.o ABSOLUTE
    ../clib/angel/startup.s                  0x00000000   Number         0  __main.o ABSOLUTE
    ../clib/angel/sys.s                      0x00000000   Number         0  sys_stackheap_outer.o ABSOLUTE
    ../clib/angel/sys.s                      0x00000000   Number         0  libspace.o ABSOLUTE
    ../clib/angel/sys.s                      0x00000000   Number         0  indicate_semi.o ABSOLUTE
    ../clib/angel/sys.s                      0x00000000   Number         0  use_no_semi.o ABSOLUTE
    ../clib/angel/sysapp.c                   0x00000000   Number         0  sys_wrch.o ABSOLUTE
    ../clib/angel/sysapp.c                   0x00000000   Number         0  sys_command.o ABSOLUTE
    ../clib/angel/sysapp.c                   0x00000000   Number         0  sys_exit.o ABSOLUTE
    ../clib/armsys.c                         0x00000000   Number         0  no_argv.o ABSOLUTE
    ../clib/armsys.c                         0x00000000   Number         0  argv_veneer.o ABSOLUTE
    ../clib/armsys.c                         0x00000000   Number         0  _get_argv_nomalloc.o ABSOLUTE
    ../clib/armsys.c                         0x00000000   Number         0  argv_veneer.o ABSOLUTE
    ../clib/heapalloc.c                      0x00000000   Number         0  hrguard.o ABSOLUTE
    ../clib/heapaux.c                        0x00000000   Number         0  heapauxi.o ABSOLUTE
    ../clib/libinit.s                        0x00000000   Number         0  libshutdown.o ABSOLUTE
    ../clib/libinit.s                        0x00000000   Number         0  libinit2.o ABSOLUTE
    ../clib/libinit.s                        0x00000000   Number         0  libshutdown2.o ABSOLUTE
    ../clib/libinit.s                        0x00000000   Number         0  libinit.o ABSOLUTE
    ../clib/memcpset.s                       0x00000000   Number         0  rt_memclr_w.o ABSOLUTE
    ../clib/signal.c                         0x00000000   Number         0  defsig_cppl_inner.o ABSOLUTE
    ../clib/signal.c                         0x00000000   Number         0  defsig_pvfn_inner.o ABSOLUTE
    ../clib/signal.c                         0x00000000   Number         0  defsig_stak_inner.o ABSOLUTE
    ../clib/signal.c                         0x00000000   Number         0  defsig_rtred_inner.o ABSOLUTE
    ../clib/signal.c                         0x00000000   Number         0  defsig_abrt_inner.o ABSOLUTE
    ../clib/signal.c                         0x00000000   Number         0  defsig_general.o ABSOLUTE
    ../clib/signal.c                         0x00000000   Number         0  __raise.o ABSOLUTE
    ../clib/signal.c                         0x00000000   Number         0  defsig_rtmem_inner.o ABSOLUTE
    ../clib/signal.c                         0x00000000   Number         0  defsig_exit.o ABSOLUTE
    ../clib/signal.c                         0x00000000   Number         0  defsig_segv_inner.o ABSOLUTE
    ../clib/signal.c                         0x00000000   Number         0  defsig_other.o ABSOLUTE
    ../clib/signal.c                         0x00000000   Number         0  defsig_fpe_inner.o ABSOLUTE
    ../clib/signal.c                         0x00000000   Number         0  defsig_rtmem_outer.o ABSOLUTE
    ../clib/signal.c                         0x00000000   Number         0  defsig_rtmem_formal.o ABSOLUTE
    ../clib/signal.s                         0x00000000   Number         0  defsig.o ABSOLUTE
    ../clib/stdlib.c                         0x00000000   Number         0  exit.o ABSOLUTE
    ../fplib/fpinit.s                        0x00000000   Number         0  fpinit.o ABSOLUTE
    RTE\Device\ARMCM4\startup_ARMCM4.s       0x00000000   Number         0  startup_armcm4.o ABSOLUTE
    RTE\Device\ARMCM4\system_ARMCM4.c        0x00000000   Number         0  system_armcm4.o ABSOLUTE
    RTE\\Device\\ARMCM4\\system_ARMCM4.c     0x00000000   Number         0  system_armcm4.o ABSOLUTE
    Source\Bitmap.c                          0x00000000   Number         0  bitmap.o ABSOLUTE
    Source\Cpu.c                             0x00000000   Number         0  cpu.o ABSOLUTE
    Source\Event.c                           0x00000000   Number         0  event.o ABSOLUTE
    Source\FlagGroup.c                       0x00000000   Number         0  flaggroup.o ABSOLUTE
    Source\List.c                            0x00000000   Number         0  list.o ABSOLUTE
    Source\MemoryBlock.c                     0x00000000   Number         0  memoryblock.o ABSOLUTE
    Source\MessageBox.c                      0x00000000   Number         0  messagebox.o ABSOLUTE
    Source\MutexSemaphore.c                  0x00000000   Number         0  mutexsemaphore.o ABSOLUTE
    Source\Semaphore.c                       0x00000000   Number         0  semaphore.o ABSOLUTE
    Source\Task.c                            0x00000000   Number         0  task.o ABSOLUTE
    Source\Time.c                            0x00000000   Number         0  time.o ABSOLUTE
    Source\Timer.c                           0x00000000   Number         0  timer.o ABSOLUTE
    Source\\Cpu.c                            0x00000000   Number         0  cpu.o ABSOLUTE
    Source\\switch.c                         0x00000000   Number         0  switch.o ABSOLUTE
    Source\app.c                             0x00000000   Number         0  app.o ABSOLUTE
    Source\switch.c                          0x00000000   Number         0  switch.o ABSOLUTE
    dc.s                                     0x00000000   Number         0  dc.o ABSOLUTE
    source\\main.c                           0x00000000   Number         0  main.o ABSOLUTE
    source\main.c                            0x00000000   Number         0  main.o ABSOLUTE
    !!!main                                  0x000000c0   Section        8  __main.o(!!!main)
    !!!scatter                               0x000000c8   Section       52  __scatter.o(!!!scatter)
    !!handler_copy                           0x000000fc   Section       26  __scatter_copy.o(!!handler_copy)
    !!handler_zi                             0x00000118   Section       28  __scatter_zi.o(!!handler_zi)
    .ARM.Collect$$libinit$$00000000          0x00000134   Section        2  libinit.o(.ARM.Collect$$libinit$$00000000)
    .ARM.Collect$$libinit$$00000002          0x00000136   Section        0  libinit2.o(.ARM.Collect$$libinit$$00000002)
    .ARM.Collect$$libinit$$00000004          0x00000136   Section        0  libinit2.o(.ARM.Collect$$libinit$$00000004)
    .ARM.Collect$$libinit$$0000000A          0x00000136   Section        0  libinit2.o(.ARM.Collect$$libinit$$0000000A)
    .ARM.Collect$$libinit$$0000000C          0x00000136   Section        0  libinit2.o(.ARM.Collect$$libinit$$0000000C)
    .ARM.Collect$$libinit$$0000000E          0x00000136   Section        0  libinit2.o(.ARM.Collect$$libinit$$0000000E)
    .ARM.Collect$$libinit$$00000011          0x00000136   Section        0  libinit2.o(.ARM.Collect$$libinit$$00000011)
    .ARM.Collect$$libinit$$00000013          0x00000136   Section        0  libinit2.o(.ARM.Collect$$libinit$$00000013)
    .ARM.Collect$$libinit$$00000015          0x00000136   Section        0  libinit2.o(.ARM.Collect$$libinit$$00000015)
    .ARM.Collect$$libinit$$00000017          0x00000136   Section        0  libinit2.o(.ARM.Collect$$libinit$$00000017)
    .ARM.Collect$$libinit$$00000019          0x00000136   Section        0  libinit2.o(.ARM.Collect$$libinit$$00000019)
    .ARM.Collect$$libinit$$0000001B          0x00000136   Section        0  libinit2.o(.ARM.Collect$$libinit$$0000001B)
    .ARM.Collect$$libinit$$0000001D          0x00000136   Section        0  libinit2.o(.ARM.Collect$$libinit$$0000001D)
    .ARM.Collect$$libinit$$0000001F          0x00000136   Section        0  libinit2.o(.ARM.Collect$$libinit$$0000001F)
    .ARM.Collect$$libinit$$00000021          0x00000136   Section        0  libinit2.o(.ARM.Collect$$libinit$$00000021)
    .ARM.Collect$$libinit$$00000023          0x00000136   Section        0  libinit2.o(.ARM.Collect$$libinit$$00000023)
    .ARM.Collect$$libinit$$00000025          0x00000136   Section        0  libinit2.o(.ARM.Collect$$libinit$$00000025)
    .ARM.Collect$$libinit$$0000002C          0x00000136   Section        0  libinit2.o(.ARM.Collect$$libinit$$0000002C)
    .ARM.Collect$$libinit$$0000002E          0x00000136   Section        0  libinit2.o(.ARM.Collect$$libinit$$0000002E)
    .ARM.Collect$$libinit$$00000030          0x00000136   Section        0  libinit2.o(.ARM.Collect$$libinit$$00000030)
    .ARM.Collect$$libinit$$00000032          0x00000136   Section        0  libinit2.o(.ARM.Collect$$libinit$$00000032)
    .ARM.Collect$$libinit$$00000033          0x00000136   Section        2  libinit2.o(.ARM.Collect$$libinit$$00000033)
    .ARM.Collect$$libshutdown$$00000000      0x00000138   Section        2  libshutdown.o(.ARM.Collect$$libshutdown$$00000000)
    .ARM.Collect$$libshutdown$$00000002      0x0000013a   Section        0  libshutdown2.o(.ARM.Collect$$libshutdown$$00000002)
    .ARM.Collect$$libshutdown$$00000004      0x0000013a   Section        0  libshutdown2.o(.ARM.Collect$$libshutdown$$00000004)
    .ARM.Collect$$libshutdown$$00000007      0x0000013a   Section        0  libshutdown2.o(.ARM.Collect$$libshutdown$$00000007)
    .ARM.Collect$$libshutdown$$0000000A      0x0000013a   Section        0  libshutdown2.o(.ARM.Collect$$libshutdown$$0000000A)
    .ARM.Collect$$libshutdown$$0000000C      0x0000013a   Section        0  libshutdown2.o(.ARM.Collect$$libshutdown$$0000000C)
    .ARM.Collect$$libshutdown$$0000000F      0x0000013a   Section        0  libshutdown2.o(.ARM.Collect$$libshutdown$$0000000F)
    .ARM.Collect$$libshutdown$$00000010      0x0000013a   Section        2  libshutdown2.o(.ARM.Collect$$libshutdown$$00000010)
    .ARM.Collect$$rtentry$$00000000          0x0000013c   Section        0  __rtentry.o(.ARM.Collect$$rtentry$$00000000)
    .ARM.Collect$$rtentry$$00000002          0x0000013c   Section        0  __rtentry2.o(.ARM.Collect$$rtentry$$00000002)
    .ARM.Collect$$rtentry$$00000004          0x0000013c   Section        6  __rtentry4.o(.ARM.Collect$$rtentry$$00000004)
    .ARM.Collect$$rtentry$$00000009          0x00000142   Section        0  __rtentry2.o(.ARM.Collect$$rtentry$$00000009)
    .ARM.Collect$$rtentry$$0000000A          0x00000142   Section        4  __rtentry2.o(.ARM.Collect$$rtentry$$0000000A)
    .ARM.Collect$$rtentry$$0000000C          0x00000146   Section        0  __rtentry2.o(.ARM.Collect$$rtentry$$0000000C)
    .ARM.Collect$$rtentry$$0000000D          0x00000146   Section        8  __rtentry2.o(.ARM.Collect$$rtentry$$0000000D)
    .ARM.Collect$$rtexit$$00000000           0x0000014e   Section        2  rtexit.o(.ARM.Collect$$rtexit$$00000000)
    .ARM.Collect$$rtexit$$00000002           0x00000150   Section        0  rtexit2.o(.ARM.Collect$$rtexit$$00000002)
    .ARM.Collect$$rtexit$$00000003           0x00000150   Section        4  rtexit2.o(.ARM.Collect$$rtexit$$00000003)
    .ARM.Collect$$rtexit$$00000004           0x00000154   Section        6  rtexit2.o(.ARM.Collect$$rtexit$$00000004)
    .emb_text                                0x0000015c   Section       48  switch.o(.emb_text)
    .text                                    0x0000018c   Section       64  startup_armcm4.o(.text)
    .text                                    0x000001cc   Section       78  rt_memclr_w.o(.text)
    .text                                    0x0000021a   Section        0  heapauxi.o(.text)
    .text                                    0x00000220   Section       74  sys_stackheap_outer.o(.text)
    .text                                    0x0000026a   Section        0  exit.o(.text)
    .text                                    0x0000027c   Section        8  libspace.o(.text)
    .text                                    0x00000284   Section        0  sys_exit.o(.text)
    .text                                    0x00000290   Section        2  use_no_semi.o(.text)
    .text                                    0x00000292   Section        0  indicate_semi.o(.text)
    i.BitmapClear                            0x00000292   Section        0  bitmap.o(i.BitmapClear)
    i.BitmapInit                             0x0000029e   Section        0  bitmap.o(i.BitmapInit)
    i.BitmapSet                              0x000002a4   Section        0  bitmap.o(i.BitmapSet)
    i.EventInit                              0x000002b0   Section        0  event.o(i.EventInit)
    i.EventRemoveTask                        0x000002c0   Section        0  event.o(i.EventRemoveTask)
    i.EventWait                              0x000002f6   Section        0  event.o(i.EventWait)
    i.EventWaitCount                         0x00000344   Section        0  event.o(i.EventWaitCount)
    i.EventWakeUp                            0x00000362   Section        0  event.o(i.EventWakeUp)
    i.GetBitmapFirstSet                      0x000003b0   Section        0  bitmap.o(i.GetBitmapFirstSet)
    i.GetBitmapPosCount                      0x00000408   Section        0  bitmap.o(i.GetBitmapPosCount)
    i.GetListCount                           0x0000040c   Section        0  list.o(i.GetListCount)
    i.GetTaskInfo                            0x00000412   Section        0  task.o(i.GetTaskInfo)
    i.InitApp                                0x00000468   Section        0  app.o(i.InitApp)
    i.ListAddHead                            0x000004f4   Section        0  list.o(i.ListAddHead)
    i.ListAddTail                            0x00000508   Section        0  list.o(i.ListAddTail)
    i.ListFirstNode                          0x0000051c   Section        0  list.o(i.ListFirstNode)
    i.ListInit                               0x0000052a   Section        0  list.o(i.ListInit)
    i.ListRemoveFirst                        0x00000534   Section        0  list.o(i.ListRemoveFirst)
    i.ListRemoveNode                         0x0000054e   Section        0  list.o(i.ListRemoveNode)
    i.NodeInit                               0x00000562   Section        0  list.o(i.NodeInit)
    i.SemNotify                              0x00000568   Section        0  semaphore.o(i.SemNotify)
    i.SemWait                                0x000005bc   Section        0  semaphore.o(i.SemWait)
    i.SemaphoreInit                          0x00000604   Section        0  semaphore.o(i.SemaphoreInit)
    i.SetSysTickPeriod                       0x0000062c   Section        0  cpu.o(i.SetSysTickPeriod)
    i.SysTick_Handler                        0x00000684   Section        0  cpu.o(i.SysTick_Handler)
    i.SystemInit                             0x0000068c   Section        0  system_armcm4.o(i.SystemInit)
    i.TaskDelay                              0x0000069c   Section        0  time.o(i.TaskDelay)
    i.TaskEnterCritical                      0x000006c8   Section        0  switch.o(i.TaskEnterCritical)
    i.TaskExitCritical                       0x000006d4   Section        0  switch.o(i.TaskExitCritical)
    i.TaskHighestReady                       0x000006e0   Section        0  main.o(i.TaskHighestReady)
    i.TaskInit                               0x00000704   Section        0  task.o(i.TaskInit)
    i.TaskRunFirst                           0x000007dc   Section        0  switch.o(i.TaskRunFirst)
    i.TaskSched                              0x000007f8   Section        0  main.o(i.TaskSched)
    i.TaskSchedInit                          0x0000083c   Section        0  main.o(i.TaskSchedInit)
    i.TaskSchedRdy                           0x00000870   Section        0  main.o(i.TaskSchedRdy)
    i.TaskSchedUnRdy                         0x0000089c   Section        0  main.o(i.TaskSchedUnRdy)
    i.TaskSwitch                             0x000008d8   Section        0  switch.o(i.TaskSwitch)
    i.TaskSystemTickHandler                  0x000008e8   Section        0  main.o(i.TaskSystemTickHandler)
    i.TimeTaskWait                           0x0000099c   Section        0  main.o(i.TimeTaskWait)
    i.TimeTaskWakeUp                         0x000009bc   Section        0  main.o(i.TimeTaskWakeUp)
    i.TimerCallFuncList                      0x000009d8   Section        0  timer.o(i.TimerCallFuncList)
    TimerCallFuncList                        0x000009d9   Thumb Code    78  timer.o(i.TimerCallFuncList)
    i.TimerModuleInit                        0x00000a28   Section        0  timer.o(i.TimerModuleInit)
    i.TimerModuleTickNotify                  0x00000a80   Section        0  timer.o(i.TimerModuleTickNotify)
    i.TimerSoftTask                          0x00000aa4   Section        0  timer.o(i.TimerSoftTask)
    TimerSoftTask                            0x00000aa5   Thumb Code    32  timer.o(i.TimerSoftTask)
    i.idleTaskEntry                          0x00000ad0   Section        0  main.o(i.idleTaskEntry)
    i.main                                   0x00000ad4   Section        0  main.o(i.main)
    i.task1Entry                             0x00000b28   Section        0  app.o(i.task1Entry)
    i.task2Entry                             0x00000b60   Section        0  app.o(i.task2Entry)
    i.task3Entry                             0x00000b90   Section        0  app.o(i.task3Entry)
    i.task4Entry                             0x00000bc0   Section        0  app.o(i.task4Entry)
    i.taskDelayedInit                        0x00000bf0   Section        0  main.o(i.taskDelayedInit)
    .constdata                               0x00000c00   Section      256  bitmap.o(.constdata)
    quickFindTable                           0x00000c00   Data         256  bitmap.o(.constdata)
    .data                                    0x20000000   Section       20  main.o(.data)
    .data                                    0x20000014   Section       16  app.o(.data)
    .data                                    0x20000024   Section        4  system_armcm4.o(.data)
    .bss                                     0x20000028   Section     4572  main.o(.bss)
    .bss                                     0x20001204   Section    16816  app.o(.bss)
    .bss                                     0x200053b4   Section     4248  timer.o(.bss)
    TimerHardList                            0x200053b4   Data          12  timer.o(.bss)
    TimerSoftList                            0x200053c0   Data          12  timer.o(.bss)
    TimerProtectSem                          0x200053cc   Data          24  timer.o(.bss)
    TimerTickSem                             0x200053e4   Data          24  timer.o(.bss)
    TimerTask                                0x200053fc   Data          80  timer.o(.bss)
    TimerTaskStack                           0x2000544c   Data        4096  timer.o(.bss)
    .bss                                     0x2000644c   Section       96  libspace.o(.bss)
    HEAP                                     0x200064b0   Section     3072  startup_armcm4.o(HEAP)
    Heap_Mem                                 0x200064b0   Data        3072  startup_armcm4.o(HEAP)
    STACK                                    0x200070b0   Section     1024  startup_armcm4.o(STACK)
    Stack_Mem                                0x200070b0   Data        1024  startup_armcm4.o(STACK)
    __initial_sp                             0x200074b0   Data           0  startup_armcm4.o(STACK)

    Global Symbols

    Symbol Name                              Value     Ov Type        Size  Object(Section)

    BuildAttributes$$THM_ISAv4$E$P$D$K$B$S$7EM$PE$A:L22UL41UL21$X:L11$S22US41US21$IEEE1$IW$USESV6$~STKCKD$USESV7$~SHL$OSPACE$ROPI$EBA8$UX$STANDARDLIB$REQ8$PRES8$EABIv2 0x00000000   Number         0  anon$$obj.o ABSOLUTE
    __ARM_use_no_argv                        0x00000000   Number         0  main.o ABSOLUTE
    __Vectors                                0x00000000   Data           4  startup_armcm4.o(RESET)
    __ARM_exceptions_init                     - Undefined Weak Reference
    __alloca_initialize                       - Undefined Weak Reference
    __arm_preinit_                            - Undefined Weak Reference
    __cpp_initialize__aeabi_                  - Undefined Weak Reference
    __cxa_finalize                            - Undefined Weak Reference
    __rt_locale                               - Undefined Weak Reference
    __sigvec_lookup                           - Undefined Weak Reference
    _atexit_init                              - Undefined Weak Reference
    _call_atexit_fns                          - Undefined Weak Reference
    _clock_init                               - Undefined Weak Reference
    _fp_trap_init                             - Undefined Weak Reference
    _fp_trap_shutdown                         - Undefined Weak Reference
    _get_lc_collate                           - Undefined Weak Reference
    _get_lc_ctype                             - Undefined Weak Reference
    _get_lc_monetary                          - Undefined Weak Reference
    _get_lc_numeric                           - Undefined Weak Reference
    _get_lc_time                              - Undefined Weak Reference
    _getenv_init                              - Undefined Weak Reference
    _handle_redirection                       - Undefined Weak Reference
    _init_alloc                               - Undefined Weak Reference
    _init_user_alloc                          - Undefined Weak Reference
    _initio                                   - Undefined Weak Reference
    _rand_init                                - Undefined Weak Reference
    _signal_finish                            - Undefined Weak Reference
    _signal_init                              - Undefined Weak Reference
    _terminate_alloc                          - Undefined Weak Reference
    _terminate_user_alloc                     - Undefined Weak Reference
    _terminateio                              - Undefined Weak Reference
    __Vectors_End                            0x000000c0   Data           0  startup_armcm4.o(RESET)
    __Vectors_Size                           0x000000c0   Number         0  startup_armcm4.o ABSOLUTE
    __main                                   0x000000c1   Thumb Code     8  __main.o(!!!main)
    __scatterload                            0x000000c9   Thumb Code     0  __scatter.o(!!!scatter)
    __scatterload_rt2                        0x000000c9   Thumb Code    44  __scatter.o(!!!scatter)
    __scatterload_rt2_thumb_only             0x000000c9   Thumb Code     0  __scatter.o(!!!scatter)
    __scatterload_null                       0x000000d7   Thumb Code     0  __scatter.o(!!!scatter)
    __scatterload_copy                       0x000000fd   Thumb Code    26  __scatter_copy.o(!!handler_copy)
    __scatterload_zeroinit                   0x00000119   Thumb Code    28  __scatter_zi.o(!!handler_zi)
    __rt_lib_init                            0x00000135   Thumb Code     0  libinit.o(.ARM.Collect$$libinit$$00000000)
    __rt_lib_init_alloca_1                   0x00000137   Thumb Code     0  libinit2.o(.ARM.Collect$$libinit$$0000002E)
    __rt_lib_init_argv_1                     0x00000137   Thumb Code     0  libinit2.o(.ARM.Collect$$libinit$$0000002C)
    __rt_lib_init_atexit_1                   0x00000137   Thumb Code     0  libinit2.o(.ARM.Collect$$libinit$$0000001B)
    __rt_lib_init_clock_1                    0x00000137   Thumb Code     0  libinit2.o(.ARM.Collect$$libinit$$00000021)
    __rt_lib_init_cpp_1                      0x00000137   Thumb Code     0  libinit2.o(.ARM.Collect$$libinit$$00000032)
    __rt_lib_init_exceptions_1               0x00000137   Thumb Code     0  libinit2.o(.ARM.Collect$$libinit$$00000030)
    __rt_lib_init_fp_1                       0x00000137   Thumb Code     0  libinit2.o(.ARM.Collect$$libinit$$00000002)
    __rt_lib_init_fp_trap_1                  0x00000137   Thumb Code     0  libinit2.o(.ARM.Collect$$libinit$$0000001F)
    __rt_lib_init_getenv_1                   0x00000137   Thumb Code     0  libinit2.o(.ARM.Collect$$libinit$$00000023)
    __rt_lib_init_heap_1                     0x00000137   Thumb Code     0  libinit2.o(.ARM.Collect$$libinit$$0000000A)
    __rt_lib_init_lc_collate_1               0x00000137   Thumb Code     0  libinit2.o(.ARM.Collect$$libinit$$00000011)
    __rt_lib_init_lc_ctype_1                 0x00000137   Thumb Code     0  libinit2.o(.ARM.Collect$$libinit$$00000013)
    __rt_lib_init_lc_monetary_1              0x00000137   Thumb Code     0  libinit2.o(.ARM.Collect$$libinit$$00000015)
    __rt_lib_init_lc_numeric_1               0x00000137   Thumb Code     0  libinit2.o(.ARM.Collect$$libinit$$00000017)
    __rt_lib_init_lc_time_1                  0x00000137   Thumb Code     0  libinit2.o(.ARM.Collect$$libinit$$00000019)
    __rt_lib_init_preinit_1                  0x00000137   Thumb Code     0  libinit2.o(.ARM.Collect$$libinit$$00000004)
    __rt_lib_init_rand_1                     0x00000137   Thumb Code     0  libinit2.o(.ARM.Collect$$libinit$$0000000E)
    __rt_lib_init_return                     0x00000137   Thumb Code     0  libinit2.o(.ARM.Collect$$libinit$$00000033)
    __rt_lib_init_signal_1                   0x00000137   Thumb Code     0  libinit2.o(.ARM.Collect$$libinit$$0000001D)
    __rt_lib_init_stdio_1                    0x00000137   Thumb Code     0  libinit2.o(.ARM.Collect$$libinit$$00000025)
    __rt_lib_init_user_alloc_1               0x00000137   Thumb Code     0  libinit2.o(.ARM.Collect$$libinit$$0000000C)
    __rt_lib_shutdown                        0x00000139   Thumb Code     0  libshutdown.o(.ARM.Collect$$libshutdown$$00000000)
    __rt_lib_shutdown_cpp_1                  0x0000013b   Thumb Code     0  libshutdown2.o(.ARM.Collect$$libshutdown$$00000002)
    __rt_lib_shutdown_fp_trap_1              0x0000013b   Thumb Code     0  libshutdown2.o(.ARM.Collect$$libshutdown$$00000007)
    __rt_lib_shutdown_heap_1                 0x0000013b   Thumb Code     0  libshutdown2.o(.ARM.Collect$$libshutdown$$0000000F)
    __rt_lib_shutdown_return                 0x0000013b   Thumb Code     0  libshutdown2.o(.ARM.Collect$$libshutdown$$00000010)
    __rt_lib_shutdown_signal_1               0x0000013b   Thumb Code     0  libshutdown2.o(.ARM.Collect$$libshutdown$$0000000A)
    __rt_lib_shutdown_stdio_1                0x0000013b   Thumb Code     0  libshutdown2.o(.ARM.Collect$$libshutdown$$00000004)
    __rt_lib_shutdown_user_alloc_1           0x0000013b   Thumb Code     0  libshutdown2.o(.ARM.Collect$$libshutdown$$0000000C)
    __rt_entry                               0x0000013d   Thumb Code     0  __rtentry.o(.ARM.Collect$$rtentry$$00000000)
    __rt_entry_presh_1                       0x0000013d   Thumb Code     0  __rtentry2.o(.ARM.Collect$$rtentry$$00000002)
    __rt_entry_sh                            0x0000013d   Thumb Code     0  __rtentry4.o(.ARM.Collect$$rtentry$$00000004)
    __rt_entry_li                            0x00000143   Thumb Code     0  __rtentry2.o(.ARM.Collect$$rtentry$$0000000A)
    __rt_entry_postsh_1                      0x00000143   Thumb Code     0  __rtentry2.o(.ARM.Collect$$rtentry$$00000009)
    __rt_entry_main                          0x00000147   Thumb Code     0  __rtentry2.o(.ARM.Collect$$rtentry$$0000000D)
    __rt_entry_postli_1                      0x00000147   Thumb Code     0  __rtentry2.o(.ARM.Collect$$rtentry$$0000000C)
    __rt_exit                                0x0000014f   Thumb Code     0  rtexit.o(.ARM.Collect$$rtexit$$00000000)
    __rt_exit_ls                             0x00000151   Thumb Code     0  rtexit2.o(.ARM.Collect$$rtexit$$00000003)
    __rt_exit_prels_1                        0x00000151   Thumb Code     0  rtexit2.o(.ARM.Collect$$rtexit$$00000002)
    __rt_exit_exit                           0x00000155   Thumb Code     0  rtexit2.o(.ARM.Collect$$rtexit$$00000004)
    PendSV_Handler                           0x0000015d   Thumb Code    40  switch.o(.emb_text)
    Reset_Handler                            0x0000018d   Thumb Code     8  startup_armcm4.o(.text)
    NMI_Handler                              0x00000195   Thumb Code     2  startup_armcm4.o(.text)
    HardFault_Handler                        0x00000197   Thumb Code     2  startup_armcm4.o(.text)
    MemManage_Handler                        0x00000199   Thumb Code     2  startup_armcm4.o(.text)
    BusFault_Handler                         0x0000019b   Thumb Code     2  startup_armcm4.o(.text)
    UsageFault_Handler                       0x0000019d   Thumb Code     2  startup_armcm4.o(.text)
    SVC_Handler                              0x0000019f   Thumb Code     2  startup_armcm4.o(.text)
    DebugMon_Handler                         0x000001a1   Thumb Code     2  startup_armcm4.o(.text)
    AACI_IRQHandler                          0x000001a7   Thumb Code     0  startup_armcm4.o(.text)
    CAN_IRQHandler                           0x000001a7   Thumb Code     0  startup_armcm4.o(.text)
    CHLCD_IRQHandler                         0x000001a7   Thumb Code     0  startup_armcm4.o(.text)
    CLCD_IRQHandler                          0x000001a7   Thumb Code     0  startup_armcm4.o(.text)
    CPU_CLCD_IRQHandler                      0x000001a7   Thumb Code     0  startup_armcm4.o(.text)
    ENET_IRQHandler                          0x000001a7   Thumb Code     0  startup_armcm4.o(.text)
    FLEXRAY_IRQHandler                       0x000001a7   Thumb Code     0  startup_armcm4.o(.text)
    I2C_IRQHandler                           0x000001a7   Thumb Code     0  startup_armcm4.o(.text)
    LIN_IRQHandler                           0x000001a7   Thumb Code     0  startup_armcm4.o(.text)
    MCIA_IRQHandler                          0x000001a7   Thumb Code     0  startup_armcm4.o(.text)
    MCIB_IRQHandler                          0x000001a7   Thumb Code     0  startup_armcm4.o(.text)
    RTC_IRQHandler                           0x000001a7   Thumb Code     0  startup_armcm4.o(.text)
    SPI_IRQHandler                           0x000001a7   Thumb Code     0  startup_armcm4.o(.text)
    TIM0_IRQHandler                          0x000001a7   Thumb Code     0  startup_armcm4.o(.text)
    TIM2_IRQHandler                          0x000001a7   Thumb Code     0  startup_armcm4.o(.text)
    UART0_IRQHandler                         0x000001a7   Thumb Code     0  startup_armcm4.o(.text)
    UART1_IRQHandler                         0x000001a7   Thumb Code     0  startup_armcm4.o(.text)
    UART2_IRQHandler                         0x000001a7   Thumb Code     0  startup_armcm4.o(.text)
    UART3_IRQHandler                         0x000001a7   Thumb Code     0  startup_armcm4.o(.text)
    UART4_IRQHandler                         0x000001a7   Thumb Code     0  startup_armcm4.o(.text)
    USBDC_IRQHandler                         0x000001a7   Thumb Code     0  startup_armcm4.o(.text)
    USBHC_IRQHandler                         0x000001a7   Thumb Code     0  startup_armcm4.o(.text)
    WDT_IRQHandler                           0x000001a7   Thumb Code     0  startup_armcm4.o(.text)
    __user_initial_stackheap                 0x000001a9   Thumb Code    10  startup_armcm4.o(.text)
    __aeabi_memclr4                          0x000001cd   Thumb Code     0  rt_memclr_w.o(.text)
    __aeabi_memclr8                          0x000001cd   Thumb Code     0  rt_memclr_w.o(.text)
    __rt_memclr_w                            0x000001cd   Thumb Code    78  rt_memclr_w.o(.text)
    _memset_w                                0x000001d1   Thumb Code     0  rt_memclr_w.o(.text)
    __use_two_region_memory                  0x0000021b   Thumb Code     2  heapauxi.o(.text)
    __rt_heap_escrow$2region                 0x0000021d   Thumb Code     2  heapauxi.o(.text)
    __rt_heap_expand$2region                 0x0000021f   Thumb Code     2  heapauxi.o(.text)
    __user_setup_stackheap                   0x00000221   Thumb Code    74  sys_stackheap_outer.o(.text)
    exit                                     0x0000026b   Thumb Code    18  exit.o(.text)
    __user_libspace                          0x0000027d   Thumb Code     8  libspace.o(.text)
    __user_perproc_libspace                  0x0000027d   Thumb Code     0  libspace.o(.text)
    __user_perthread_libspace                0x0000027d   Thumb Code     0  libspace.o(.text)
    _sys_exit                                0x00000285   Thumb Code     8  sys_exit.o(.text)
    __I$use$semihosting                      0x00000291   Thumb Code     0  use_no_semi.o(.text)
    __use_no_semihosting_swi                 0x00000291   Thumb Code     2  use_no_semi.o(.text)
    BitmapClear                              0x00000293   Thumb Code    12  bitmap.o(i.BitmapClear)
    __semihosting_library_function           0x00000293   Thumb Code     0  indicate_semi.o(.text)
    BitmapInit                               0x0000029f   Thumb Code     6  bitmap.o(i.BitmapInit)
    BitmapSet                                0x000002a5   Thumb Code    12  bitmap.o(i.BitmapSet)
    EventInit                                0x000002b1   Thumb Code    16  event.o(i.EventInit)
    EventRemoveTask                          0x000002c1   Thumb Code    54  event.o(i.EventRemoveTask)
    EventWait                                0x000002f7   Thumb Code    78  event.o(i.EventWait)
    EventWaitCount                           0x00000345   Thumb Code    30  event.o(i.EventWaitCount)
    EventWakeUp                              0x00000363   Thumb Code    78  event.o(i.EventWakeUp)
    GetBitmapFirstSet                        0x000003b1   Thumb Code    82  bitmap.o(i.GetBitmapFirstSet)
    GetBitmapPosCount                        0x00000409   Thumb Code     4  bitmap.o(i.GetBitmapPosCount)
    GetListCount                             0x0000040d   Thumb Code     6  list.o(i.GetListCount)
    GetTaskInfo                              0x00000413   Thumb Code    86  task.o(i.GetTaskInfo)
    InitApp                                  0x00000469   Thumb Code    92  app.o(i.InitApp)
    ListAddHead                              0x000004f5   Thumb Code    20  list.o(i.ListAddHead)
    ListAddTail                              0x00000509   Thumb Code    20  list.o(i.ListAddTail)
    ListFirstNode                            0x0000051d   Thumb Code    14  list.o(i.ListFirstNode)
    ListInit                                 0x0000052b   Thumb Code    10  list.o(i.ListInit)
    ListRemoveFirst                          0x00000535   Thumb Code    26  list.o(i.ListRemoveFirst)
    ListRemoveNode                           0x0000054f   Thumb Code    20  list.o(i.ListRemoveNode)
    NodeInit                                 0x00000563   Thumb Code     6  list.o(i.NodeInit)
    SemNotify                                0x00000569   Thumb Code    78  semaphore.o(i.SemNotify)
    SemWait                                  0x000005bd   Thumb Code    66  semaphore.o(i.SemWait)
    SemaphoreInit                            0x00000605   Thumb Code    38  semaphore.o(i.SemaphoreInit)
    SetSysTickPeriod                         0x0000062d   Thumb Code    74  cpu.o(i.SetSysTickPeriod)
    SysTick_Handler                          0x00000685   Thumb Code     8  cpu.o(i.SysTick_Handler)
    SystemInit                               0x0000068d   Thumb Code     8  system_armcm4.o(i.SystemInit)
    TaskDelay                                0x0000069d   Thumb Code    40  time.o(i.TaskDelay)
    TaskEnterCritical                        0x000006c9   Thumb Code    12  switch.o(i.TaskEnterCritical)
    TaskExitCritical                         0x000006d5   Thumb Code    10  switch.o(i.TaskExitCritical)
    TaskHighestReady                         0x000006e1   Thumb Code    28  main.o(i.TaskHighestReady)
    TaskInit                                 0x00000705   Thumb Code   216  task.o(i.TaskInit)
    TaskRunFirst                             0x000007dd   Thumb Code    24  switch.o(i.TaskRunFirst)
    TaskSched                                0x000007f9   Thumb Code    56  main.o(i.TaskSched)
    TaskSchedInit                            0x0000083d   Thumb Code    40  main.o(i.TaskSchedInit)
    TaskSchedRdy                             0x00000871   Thumb Code    34  main.o(i.TaskSchedRdy)
    TaskSchedUnRdy                           0x0000089d   Thumb Code    52  main.o(i.TaskSchedUnRdy)
    TaskSwitch                               0x000008d9   Thumb Code    10  switch.o(i.TaskSwitch)
    TaskSystemTickHandler                    0x000008e9   Thumb Code   168  main.o(i.TaskSystemTickHandler)
    TimeTaskWait                             0x0000099d   Thumb Code    28  main.o(i.TimeTaskWait)
    TimeTaskWakeUp                           0x000009bd   Thumb Code    24  main.o(i.TimeTaskWakeUp)
    TimerModuleInit                          0x00000a29   Thumb Code    58  timer.o(i.TimerModuleInit)
    TimerModuleTickNotify                    0x00000a81   Thumb Code    28  timer.o(i.TimerModuleTickNotify)
    idleTaskEntry                            0x00000ad1   Thumb Code     4  main.o(i.idleTaskEntry)
    main                                     0x00000ad5   Thumb Code    62  main.o(i.main)
    task1Entry                               0x00000b29   Thumb Code    42  app.o(i.task1Entry)
    task2Entry                               0x00000b61   Thumb Code    36  app.o(i.task2Entry)
    task3Entry                               0x00000b91   Thumb Code    36  app.o(i.task3Entry)
    task4Entry                               0x00000bc1   Thumb Code    36  app.o(i.task4Entry)
    taskDelayedInit                          0x00000bf1   Thumb Code    10  main.o(i.taskDelayedInit)
    Region$$Table$$Base                      0x00000d00   Number         0  anon$$obj.o(Region$$Table)
    Region$$Table$$Limit                     0x00000d20   Number         0  anon$$obj.o(Region$$Table)
    currentTask                              0x20000000   Data           4  main.o(.data)
    nextTask                                 0x20000004   Data           4  main.o(.data)
    idleTaskPtr                              0x20000008   Data           4  main.o(.data)
    schedLockCount                           0x2000000c   Data           1  main.o(.data)
    taskPriorityBitamp                       0x20000010   Data           4  main.o(.data)
    task1Flag                                0x20000014   Data           4  app.o(.data)
    task2Flag                                0x20000018   Data           4  app.o(.data)
    task3Flag                                0x2000001c   Data           4  app.o(.data)
    task4Flag                                0x20000020   Data           4  app.o(.data)
    SystemCoreClock                          0x20000024   Data           4  system_armcm4.o(.data)
    taskTable                                0x20000028   Data         384  main.o(.bss)
    taskDelayedList                          0x200001a8   Data          12  main.o(.bss)
    idleTask                                 0x200001b4   Data          80  main.o(.bss)
    idleTaskEnv                              0x20000204   Data        4096  main.o(.bss)
    Task1                                    0x20001204   Data          80  app.o(.bss)
    Task2                                    0x20001254   Data          80  app.o(.bss)
    Task3                                    0x200012a4   Data          80  app.o(.bss)
    Task4                                    0x200012f4   Data          80  app.o(.bss)
    Task1Env                                 0x20001344   Data        4096  app.o(.bss)
    Task2Env                                 0x20002344   Data        4096  app.o(.bss)
    Task3Env                                 0x20003344   Data        4096  app.o(.bss)
    Task4Env                                 0x20004344   Data        4096  app.o(.bss)
    taskInfo1                                0x20005344   Data          28  app.o(.bss)
    taskInfo2                                0x20005360   Data          28  app.o(.bss)
    taskInfo3                                0x2000537c   Data          28  app.o(.bss)
    taskInfo4                                0x20005398   Data          28  app.o(.bss)
    __libspace_start                         0x2000644c   Data          96  libspace.o(.bss)
    __temporary_stack_top$libspace           0x200064ac   Data           0  libspace.o(.bss)



==============================================================================

Memory Map of the image

  Image Entry point : 0x000000c1

  Load Region LR_IROM1 (Base: 0x00000000, Size: 0x00000d48, Max: 0x00080000, ABSOLUTE)

    Execution Region ER_IROM1 (Base: 0x00000000, Size: 0x00000d20, Max: 0x00080000, ABSOLUTE)

    Base Addr    Size         Type   Attr      Idx    E Section Name        Object

    0x00000000   0x000000c0   Data   RO          829    RESET               startup_armcm4.o
    0x000000c0   0x00000008   Code   RO          876  * !!!main             c_w.l(__main.o)
    0x000000c8   0x00000034   Code   RO         1033    !!!scatter          c_w.l(__scatter.o)
    0x000000fc   0x0000001a   Code   RO         1035    !!handler_copy      c_w.l(__scatter_copy.o)
    0x00000116   0x00000002   PAD
    0x00000118   0x0000001c   Code   RO         1037    !!handler_zi        c_w.l(__scatter_zi.o)
    0x00000134   0x00000002   Code   RO          903    .ARM.Collect$$libinit$$00000000  c_w.l(libinit.o)
    0x00000136   0x00000000   Code   RO          910    .ARM.Collect$$libinit$$00000002  c_w.l(libinit2.o)
    0x00000136   0x00000000   Code   RO          912    .ARM.Collect$$libinit$$00000004  c_w.l(libinit2.o)
    0x00000136   0x00000000   Code   RO          915    .ARM.Collect$$libinit$$0000000A  c_w.l(libinit2.o)
    0x00000136   0x00000000   Code   RO          917    .ARM.Collect$$libinit$$0000000C  c_w.l(libinit2.o)
    0x00000136   0x00000000   Code   RO          919    .ARM.Collect$$libinit$$0000000E  c_w.l(libinit2.o)
    0x00000136   0x00000000   Code   RO          922    .ARM.Collect$$libinit$$00000011  c_w.l(libinit2.o)
    0x00000136   0x00000000   Code   RO          924    .ARM.Collect$$libinit$$00000013  c_w.l(libinit2.o)
    0x00000136   0x00000000   Code   RO          926    .ARM.Collect$$libinit$$00000015  c_w.l(libinit2.o)
    0x00000136   0x00000000   Code   RO          928    .ARM.Collect$$libinit$$00000017  c_w.l(libinit2.o)
    0x00000136   0x00000000   Code   RO          930    .ARM.Collect$$libinit$$00000019  c_w.l(libinit2.o)
    0x00000136   0x00000000   Code   RO          932    .ARM.Collect$$libinit$$0000001B  c_w.l(libinit2.o)
    0x00000136   0x00000000   Code   RO          934    .ARM.Collect$$libinit$$0000001D  c_w.l(libinit2.o)
    0x00000136   0x00000000   Code   RO          936    .ARM.Collect$$libinit$$0000001F  c_w.l(libinit2.o)
    0x00000136   0x00000000   Code   RO          938    .ARM.Collect$$libinit$$00000021  c_w.l(libinit2.o)
    0x00000136   0x00000000   Code   RO          940    .ARM.Collect$$libinit$$00000023  c_w.l(libinit2.o)
    0x00000136   0x00000000   Code   RO          942    .ARM.Collect$$libinit$$00000025  c_w.l(libinit2.o)
    0x00000136   0x00000000   Code   RO          946    .ARM.Collect$$libinit$$0000002C  c_w.l(libinit2.o)
    0x00000136   0x00000000   Code   RO          948    .ARM.Collect$$libinit$$0000002E  c_w.l(libinit2.o)
    0x00000136   0x00000000   Code   RO          950    .ARM.Collect$$libinit$$00000030  c_w.l(libinit2.o)
    0x00000136   0x00000000   Code   RO          952    .ARM.Collect$$libinit$$00000032  c_w.l(libinit2.o)
    0x00000136   0x00000002   Code   RO          953    .ARM.Collect$$libinit$$00000033  c_w.l(libinit2.o)
    0x00000138   0x00000002   Code   RO          973    .ARM.Collect$$libshutdown$$00000000  c_w.l(libshutdown.o)
    0x0000013a   0x00000000   Code   RO          986    .ARM.Collect$$libshutdown$$00000002  c_w.l(libshutdown2.o)
    0x0000013a   0x00000000   Code   RO          988    .ARM.Collect$$libshutdown$$00000004  c_w.l(libshutdown2.o)
    0x0000013a   0x00000000   Code   RO          991    .ARM.Collect$$libshutdown$$00000007  c_w.l(libshutdown2.o)
    0x0000013a   0x00000000   Code   RO          994    .ARM.Collect$$libshutdown$$0000000A  c_w.l(libshutdown2.o)
    0x0000013a   0x00000000   Code   RO          996    .ARM.Collect$$libshutdown$$0000000C  c_w.l(libshutdown2.o)
    0x0000013a   0x00000000   Code   RO          999    .ARM.Collect$$libshutdown$$0000000F  c_w.l(libshutdown2.o)
    0x0000013a   0x00000002   Code   RO         1000    .ARM.Collect$$libshutdown$$00000010  c_w.l(libshutdown2.o)
    0x0000013c   0x00000000   Code   RO          878    .ARM.Collect$$rtentry$$00000000  c_w.l(__rtentry.o)
    0x0000013c   0x00000000   Code   RO          880    .ARM.Collect$$rtentry$$00000002  c_w.l(__rtentry2.o)
    0x0000013c   0x00000006   Code   RO          892    .ARM.Collect$$rtentry$$00000004  c_w.l(__rtentry4.o)
    0x00000142   0x00000000   Code   RO          882    .ARM.Collect$$rtentry$$00000009  c_w.l(__rtentry2.o)
    0x00000142   0x00000004   Code   RO          883    .ARM.Collect$$rtentry$$0000000A  c_w.l(__rtentry2.o)
    0x00000146   0x00000000   Code   RO          885    .ARM.Collect$$rtentry$$0000000C  c_w.l(__rtentry2.o)
    0x00000146   0x00000008   Code   RO          886    .ARM.Collect$$rtentry$$0000000D  c_w.l(__rtentry2.o)
    0x0000014e   0x00000002   Code   RO          907    .ARM.Collect$$rtexit$$00000000  c_w.l(rtexit.o)
    0x00000150   0x00000000   Code   RO          955    .ARM.Collect$$rtexit$$00000002  c_w.l(rtexit2.o)
    0x00000150   0x00000004   Code   RO          956    .ARM.Collect$$rtexit$$00000003  c_w.l(rtexit2.o)
    0x00000154   0x00000006   Code   RO          957    .ARM.Collect$$rtexit$$00000004  c_w.l(rtexit2.o)
    0x0000015a   0x00000002   PAD
    0x0000015c   0x00000030   Code   RO          178    .emb_text           switch.o
    0x0000018c   0x00000040   Code   RO          830    .text               startup_armcm4.o
    0x000001cc   0x0000004e   Code   RO          872    .text               c_w.l(rt_memclr_w.o)
    0x0000021a   0x00000006   Code   RO          874    .text               c_w.l(heapauxi.o)
    0x00000220   0x0000004a   Code   RO          894    .text               c_w.l(sys_stackheap_outer.o)
    0x0000026a   0x00000012   Code   RO          896    .text               c_w.l(exit.o)
    0x0000027c   0x00000008   Code   RO          904    .text               c_w.l(libspace.o)
    0x00000284   0x0000000c   Code   RO          965    .text               c_w.l(sys_exit.o)
    0x00000290   0x00000002   Code   RO          976    .text               c_w.l(use_no_semi.o)
    0x00000292   0x00000000   Code   RO          978    .text               c_w.l(indicate_semi.o)
    0x00000292   0x0000000c   Code   RO          228    i.BitmapClear       bitmap.o
    0x0000029e   0x00000006   Code   RO          229    i.BitmapInit        bitmap.o
    0x000002a4   0x0000000c   Code   RO          230    i.BitmapSet         bitmap.o
    0x000002b0   0x00000010   Code   RO          498    i.EventInit         event.o
    0x000002c0   0x00000036   Code   RO          500    i.EventRemoveTask   event.o
    0x000002f6   0x0000004e   Code   RO          501    i.EventWait         event.o
    0x00000344   0x0000001e   Code   RO          502    i.EventWaitCount    event.o
    0x00000362   0x0000004e   Code   RO          503    i.EventWakeUp       event.o
    0x000003b0   0x00000058   Code   RO          231    i.GetBitmapFirstSet  bitmap.o
    0x00000408   0x00000004   Code   RO          232    i.GetBitmapPosCount  bitmap.o
    0x0000040c   0x00000006   Code   RO          265    i.GetListCount      list.o
    0x00000412   0x00000056   Code   RO          361    i.GetTaskInfo       task.o
    0x00000468   0x0000008c   Code   RO          458    i.InitApp           app.o
    0x000004f4   0x00000014   Code   RO          266    i.ListAddHead       list.o
    0x00000508   0x00000014   Code   RO          267    i.ListAddTail       list.o
    0x0000051c   0x0000000e   Code   RO          268    i.ListFirstNode     list.o
    0x0000052a   0x0000000a   Code   RO          269    i.ListInit          list.o
    0x00000534   0x0000001a   Code   RO          275    i.ListRemoveFirst   list.o
    0x0000054e   0x00000014   Code   RO          276    i.ListRemoveNode    list.o
    0x00000562   0x00000006   Code   RO          277    i.NodeInit          list.o
    0x00000568   0x00000054   Code   RO          549    i.SemNotify         semaphore.o
    0x000005bc   0x00000048   Code   RO          550    i.SemWait           semaphore.o
    0x00000604   0x00000026   Code   RO          551    i.SemaphoreInit     semaphore.o
    0x0000062a   0x00000002   PAD
    0x0000062c   0x00000058   Code   RO          427    i.SetSysTickPeriod  cpu.o
    0x00000684   0x00000008   Code   RO          428    i.SysTick_Handler   cpu.o
    0x0000068c   0x00000010   Code   RO          838    i.SystemInit        system_armcm4.o
    0x0000069c   0x0000002c   Code   RO          349    i.TaskDelay         time.o
    0x000006c8   0x0000000c   Code   RO          179    i.TaskEnterCritical  switch.o
    0x000006d4   0x0000000a   Code   RO          180    i.TaskExitCritical  switch.o
    0x000006de   0x00000002   PAD
    0x000006e0   0x00000024   Code   RO            4    i.TaskHighestReady  main.o
    0x00000704   0x000000d8   Code   RO          364    i.TaskInit          task.o
    0x000007dc   0x0000001c   Code   RO          181    i.TaskRunFirst      switch.o
    0x000007f8   0x00000044   Code   RO            5    i.TaskSched         main.o
    0x0000083c   0x00000034   Code   RO            8    i.TaskSchedInit     main.o
    0x00000870   0x0000002c   Code   RO            9    i.TaskSchedRdy      main.o
    0x0000089c   0x0000003c   Code   RO           11    i.TaskSchedUnRdy    main.o
    0x000008d8   0x00000010   Code   RO          182    i.TaskSwitch        switch.o
    0x000008e8   0x000000b4   Code   RO           12    i.TaskSystemTickHandler  main.o
    0x0000099c   0x00000020   Code   RO           14    i.TimeTaskWait      main.o
    0x000009bc   0x0000001c   Code   RO           15    i.TimeTaskWakeUp    main.o
    0x000009d8   0x0000004e   Code   RO          768    i.TimerCallFuncList  timer.o
    0x00000a26   0x00000002   PAD
    0x00000a28   0x00000058   Code   RO          771    i.TimerModuleInit   timer.o
    0x00000a80   0x00000024   Code   RO          772    i.TimerModuleTickNotify  timer.o
    0x00000aa4   0x0000002c   Code   RO          773    i.TimerSoftTask     timer.o
    0x00000ad0   0x00000004   Code   RO           16    i.idleTaskEntry     main.o
    0x00000ad4   0x00000054   Code   RO           17    i.main              main.o
    0x00000b28   0x00000038   Code   RO          459    i.task1Entry        app.o
    0x00000b60   0x00000030   Code   RO          460    i.task2Entry        app.o
    0x00000b90   0x00000030   Code   RO          461    i.task3Entry        app.o
    0x00000bc0   0x00000030   Code   RO          462    i.task4Entry        app.o
    0x00000bf0   0x00000010   Code   RO           18    i.taskDelayedInit   main.o
    0x00000c00   0x00000100   Data   RO          233    .constdata          bitmap.o
    0x00000d00   0x00000020   Data   RO         1031    Region$$Table       anon$$obj.o


    Execution Region RW_IRAM1 (Base: 0x20000000, Size: 0x000074b0, Max: 0x00020000, ABSOLUTE)

    Base Addr    Size         Type   Attr      Idx    E Section Name        Object

    0x20000000   0x00000014   Data   RW           20    .data               main.o
    0x20000014   0x00000010   Data   RW          464    .data               app.o
    0x20000024   0x00000004   Data   RW          839    .data               system_armcm4.o
    0x20000028   0x000011dc   Zero   RW           19    .bss                main.o
    0x20001204   0x000041b0   Zero   RW          463    .bss                app.o
    0x200053b4   0x00001098   Zero   RW          776    .bss                timer.o
    0x2000644c   0x00000060   Zero   RW          905    .bss                c_w.l(libspace.o)
    0x200064ac   0x00000004   PAD
    0x200064b0   0x00000c00   Zero   RW          828    HEAP                startup_armcm4.o
    0x200070b0   0x00000400   Zero   RW          827    STACK               startup_armcm4.o


==============================================================================

Image component sizes


      Code (inc. data)   RO Data    RW Data    ZI Data      Debug   Object Name

       340         98          0         16      16816       3332   app.o
       122          6        256          0          0       2787   bitmap.o
        96         14          0          0          0      25280   cpu.o
       256          0          0          0          0       3485   event.o
       122          0          0          0          0       4220   list.o
       604         98          0         20       4572      17548   main.o
       194         12          0          0          0       2198   semaphore.o
        64         26        192          0       4096        848   startup_armcm4.o
       114         18          0          0          0       6843   switch.o
        16          8          0          4          0        715   system_armcm4.o
       302          0          0          0          0       1825   task.o
        44          4          0          0          0        516   time.o
       246         50          0          0       4248       2642   timer.o

    ----------------------------------------------------------------------
      2526        334        480         40      29732      72239   Object Totals
         0          0         32          0          0          0   (incl. Generated)
         6          0          0          0          0          0   (incl. Padding)

    ----------------------------------------------------------------------

      Code (inc. data)   RO Data    RW Data    ZI Data      Debug   Library Member Name

         8          0          0          0          0         68   __main.o
         0          0          0          0          0          0   __rtentry.o
        12          0          0          0          0          0   __rtentry2.o
         6          0          0          0          0          0   __rtentry4.o
        52          8          0          0          0          0   __scatter.o
        26          0          0          0          0          0   __scatter_copy.o
        28          0          0          0          0          0   __scatter_zi.o
        18          0          0          0          0         80   exit.o
         6          0          0          0          0        152   heapauxi.o
         0          0          0          0          0          0   indicate_semi.o
         2          0          0          0          0          0   libinit.o
         2          0          0          0          0          0   libinit2.o
         2          0          0          0          0          0   libshutdown.o
         2          0          0          0          0          0   libshutdown2.o
         8          4          0          0         96         68   libspace.o
        78          0          0          0          0         80   rt_memclr_w.o
         2          0          0          0          0          0   rtexit.o
        10          0          0          0          0          0   rtexit2.o
        12          4          0          0          0         68   sys_exit.o
        74          0          0          0          0         80   sys_stackheap_outer.o
         2          0          0          0          0         68   use_no_semi.o

    ----------------------------------------------------------------------
       354         16          0          0        100        664   Library Totals
         4          0          0          0          4          0   (incl. Padding)

    ----------------------------------------------------------------------

      Code (inc. data)   RO Data    RW Data    ZI Data      Debug   Library Name

       350         16          0          0         96        664   c_w.l

    ----------------------------------------------------------------------
       354         16          0          0        100        664   Library Totals

    ----------------------------------------------------------------------

==============================================================================


      Code (inc. data)   RO Data    RW Data    ZI Data      Debug   

      2880        350        480         40      29832      70195   Grand Totals
      2880        350        480         40      29832      70195   ELF Image Totals
      2880        350        480         40          0          0   ROM Totals

==============================================================================

    Total RO  Size (Code + RO Data)                 3360 (   3.28kB)
    Total RW  Size (RW Data + ZI Data)             29872 (  29.17kB)
    Total ROM Size (Code + RO Data + RW Data)       3400 (   3.32kB)

==============================================================================

